================================================================================
=                                   round 1                                    =
================================================================================
1 0.49843470013735974 0.5000200999924193
2 0.49727176006672485 0.5000622464263662
3 0.49615588353594325 0.5001259515116837
4 0.49508393506083437 0.5002099023762198
5 0.49405420832199975 0.5003128102137361
6 0.4930650592312573 0.50043344370049
7 0.49211489971637856 0.500570627574787
8 0.49120219671637894 0.5007232409307403
9 0.4903254711080005 0.5008902154834269
10 0.4894832965574278 0.5010705338181045
20 0.48268327431178293 0.5034166812000144
30 0.4781114156115315 0.5062904707456526
40 0.47500905989013187 0.5092622035703753
50 0.4728755961496327 0.5121018680065721
60 0.4713825694792359 0.5146986517870028
70 0.4703144086848389 0.51701032400359
80 0.4695291223106083 0.5190325635835501
90 0.4689326895979017 0.5207808086724892
100 0.46846247253743956 0.5222797236974706
200 0.4656874375646455 0.5289408970434174
300 0.46267682840232666 0.529755147240161
400 0.45818858337974266 0.5288114169858492
500 0.451269720798689 0.5263518243476841
600 0.4406865902623692 0.5218853887438963
700 0.425034798691455 0.5149384079504139
800 0.40314857451074837 0.5056088927835141
900 0.37472373163442285 0.4950922655933161
1000 0.34067864783379503 0.48556292284353786
2000 0.0616876382019304 0.4772977253174387
================================================================================
=                                   round 2                                    =
================================================================================
1 0.495006842973154 0.5000508732146345
2 0.4902894550531737 0.5001961984620802
3 0.4857604537069536 0.5004301041931318
4 0.48141309829339207 0.500746914026361
5 0.4772410103545607 0.5011411385457113
6 0.4732378832894238 0.5016074897970302
7 0.46939750133510455 0.5021408871241334
8 0.46571375686160593 0.5027364608307339
9 0.4621806649879081 0.5033895539622667
10 0.45879237573816767 0.5040957224402627
20 0.4316975242365441 0.5132453813725151
30 0.41383184817966145 0.5242395453691734
40 0.40190809128879984 0.535363724689152
50 0.3938094389565349 0.545811560172304
60 0.3881985724432149 0.555265857718863
70 0.3842295821961037 0.5636541394072745
80 0.38136153982495624 0.5710179297888135
90 0.3792432888041385 0.577446027826364
100 0.37764308946182557 0.5830416311576685
200 0.3712805703005355 0.611194137658295
300 0.3679058445293792 0.6182717904848959
400 0.3642085499777914 0.6196336830085521
500 0.3597955643538249 0.6190529280521313
600 0.3544426814693152 0.6174724966283675
700 0.347956051195354 0.6151209109512731
800 0.34019195679539915 0.6121038715141685
900 0.33109254670822835 0.6085904550645609
1000 0.32071326215713697 0.6048596547971657
================================================================================
=                                   round 3                                    =
================================================================================
1 0.49500684543850854 0.5000508668861867
2 0.49028946371169013 0.5001961658813441
3 0.4857604701850098 0.5004300120518989
4 0.4814131216127616 0.5007467146672835
5 0.4772410363941262 0.501140769265561
6 0.473237904390391 0.5016068723887332
7 0.4693975060326152 0.5021399276342365
8 0.46571372972589586 0.5027350495075769
9 0.4621805865591767 0.5033875653709964
10 0.4587922225404973 0.5040930157219632
20 0.431694557692016 0.5132247297005854
30 0.4138207590481542 0.5241745167530392
40 0.4018830326684101 0.5352234232831931
50 0.393765307076599 0.5455655366034776
60 0.3881313710445685 0.5548865090752254
70 0.3841363407013062 0.5631174692908159
80 0.3812400949322395 0.5703034797028124
90 0.37909206420954833 0.5765364682845796
100 0.3774609161918855 0.5819222595332639
200 0.37075389243292856 0.6074749141800203
300 0.36697122593666964 0.6113156844168393
400 0.36277131167735777 0.6086992054424308
500 0.3577322314481859 0.6031173064962014
600 0.35161503728292215 0.5952000389168138
700 0.34423494491002615 0.5848770597149375
800 0.33548907829409313 0.5720106529729588
900 0.32539112374818074 0.5566250177222563
1000 0.314083417083175 0.5389808743703828
================================================================================
=                                   round 4                                    =
================================================================================
1 0.4950068370190183 0.5050949051449142
2 0.49028940057032205 0.5101029673490562
3 0.4857602649801732 0.5150998525343808
4 0.48141264955594004 0.5200809760898033
5 0.477240138914237 0.5250417655620803
6 0.47323639270023693 0.5299779793927039
7 0.4693951645683035 0.5348856991194085
8 0.4657103194366703 0.5397613190003678
9 0.4621758480306463 0.5446015346342962
10 0.4587858789391476 0.549403330815809
20 0.4316548341861843 0.5948256166703592
30 0.41371571274087615 0.6347416592974949
40 0.40168628235162607 0.6690047850055968
50 0.39345782065051504 0.698107976272627
60 0.3877001598636144 0.7227430561416412
70 0.3835726452478533 0.743602241008005
80 0.3805378806638373 0.7613034481757653
90 0.3782469530894699 0.7763715990784015
100 0.376469477142527 0.7892426282091275
200 0.3681341745127483 0.8518922414959771
300 0.3622808853578668 0.8680998575109987
400 0.3553056944267565 0.8717604325097192
500 0.3465344504738881 0.8703326573167198
600 0.33555457144285594 0.8654423369466764
700 0.32219207863354066 0.8575108210669993
800 0.30664027078667716 0.8471033025058032
900 0.2894981822012375 0.8352747549317894
1000 0.2716313511861581 0.8233864150674786
================================================================================
=                                   round 5                                    =
================================================================================
1 0.4982172708250601 0.5000145349193746
2 0.4958409395350583 0.500080884658817
3 0.4935687204358417 0.5001976894500149
4 0.49139750770044544 0.5003614294630508
5 0.48932296043626267 0.500568768060659
6 0.4873408761206898 0.5008165274226236
7 0.4854471949048077 0.5011016855903816
8 0.48363800026524945 0.5014213730399716
9 0.48190951879624766 0.5017728687820745
10 0.4802581192623999 0.5021535960819987
20 0.4672819023273488 0.5070952320049366
30 0.4589688398594684 0.5130087085892602
40 0.4535381332127183 0.5189496721103084
50 0.4498927592456371 0.5244781271370462
60 0.4473608560942279 0.529423767517187
70 0.4455287639350507 0.5337526842700789
80 0.44413911051878313 0.5374955456838565
90 0.4430297107796301 0.5407100905886004
100 0.4420969558137811 0.5434620940033613
200 0.43460161292384 0.5566740056521945
300 0.4241453400273651 0.5604342558002723
400 0.40737255616698137 0.5610961396752583
500 0.38188521807832226 0.5589047005887999
600 0.3475752751969775 0.5543154966476529
700 0.30841826472774436 0.5496636117701439
800 0.2704576968253598 0.5478331538548983
900 0.23734502612046007 0.5498566617759792
1000 0.20927945765249498 0.5548834497065106
================================================================================
=                                   round 6                                    =
================================================================================
1 0.4944611838450691 0.5000506117400295
2 0.48788069595562245 0.5002477729025648
3 0.48159324832862666 0.5005842595404056
4 0.47559033322978095 0.5010500094337308
5 0.4698608194873676 0.5016353560848839
6 0.464393645070733 0.5023310087852899
7 0.45917788105032487 0.5031280727863937
8 0.4542027813155106 0.5040180630612704
9 0.4494578239145113 0.5049929122684323
10 0.44493274479988343 0.5060449737028411
20 0.4097395027525535 0.5194192513253133
30 0.3876203132075163 0.5348824777047881
40 0.37337010225580214 0.5499578384168665
50 0.3638926175350285 0.5636742549314734
60 0.35736849712321245 0.5757674155330884
70 0.3527155189060601 0.5862738697569752
80 0.3492756986125587 0.5953425431808661
90 0.34663893928078715 0.6031517322104842
100 0.3445432453666973 0.6098747057680775
200 0.33289782673511414 0.642652732083432
300 0.3225459722306111 0.6497435233499749
400 0.3092133172173604 0.648879791578743
500 0.29166165351397666 0.6441778908531809
600 0.2693276263850482 0.6372547852069621
700 0.2426571048618285 0.6299624983765466
800 0.21320612935032876 0.6246120162351523
900 0.18312104554288183 0.6231135585760619
1000 0.15442146488078326 0.626347165981217
================================================================================
=                                   round 7                                    =
================================================================================
1 0.497508161248064 0.5000285865520775
2 0.4951581753772854 0.5001103588658837
3 0.4929126990996099 0.5002417097522046
4 0.4907672267228189 0.5004191929845233
5 0.4887174543170301 0.5006395194437188
6 0.4867592185522043 0.5008995564468413
7 0.48488849805772755 0.5011963249390219
8 0.48310141395109824 0.5015269961142693
9 0.48139422953448474 0.5018888875723654
10 0.4797633492718133 0.5022794591031022
20 0.46695660339687883 0.5072959133393384
30 0.45876620857474976 0.5132568041928173
40 0.4534297859283293 0.5192316710976683
50 0.44986161186010193 0.5247877990565946
60 0.4473966987424276 0.5297587152491317
70 0.44562563655798726 0.5341125727648663
80 0.44429376141353616 0.5378811882533229
90 0.4432406850498085 0.5411229738627317
100 0.44236404892507225 0.543904130808468
200 0.43555994618938154 0.5575674636467018
300 0.4263223580096676 0.5622749425196537
400 0.4116284146010166 0.5647757336537306
500 0.3890913870714658 0.5656582947458544
600 0.3577475629099837 0.5652841513546736
700 0.3198871527410161 0.5654008580402959
800 0.28047728812041584 0.5685385898277732
900 0.2437271628071647 0.5759750380682196
1000 0.2112153603011263 0.5871105865249108
================================================================================
=                                   round 8                                    =
================================================================================
1 0.49316442951899603 0.5000774216644726
2 0.486643658776173 0.5003022339282521
3 0.4804162812056176 0.500664180567922
4 0.47447120885701033 0.5011533262870603
5 0.46879738664294834 0.5017600889352785
6 0.463383838821639 0.5024752662154233
7 0.4582197260847778 0.5032900546547917
8 0.4532943937983702 0.5041960621344573
9 0.4485974120999933 0.5051853147914673
10 0.4441186086070541 0.5062502590676122
20 0.40931320928018156 0.5196888250912164
30 0.3874922565935704 0.5351479848639621
40 0.37349348901764606 0.5501971966452662
50 0.36424258307587914 0.5638890916020642
60 0.35793143567380403 0.5759703718203835
70 0.3534840215020508 0.5864821506419959
80 0.3502461169434655 0.5955747859334571
90 0.347810144412768 0.6034265451726499
100 0.3459159451135631 0.6102100339328538
200 0.33655749880042335 0.6444084603356505
300 0.32948301507295863 0.6541879129452849
400 0.3210598938758428 0.6574096786828643
500 0.3106570954793668 0.6583495951879513
600 0.2980419380152066 0.658257706160484
700 0.2833875978396721 0.6578168721904769
800 0.2673084928699992 0.6577290264156462
900 0.2506757751026539 0.6586606010521562
1000 0.23428662873894915 0.660996579231997
================================================================================
=                                   round 9                                    =
================================================================================
1 0.4931644246891683 0.5000774204695739
2 0.48664358854893347 0.5003022056451049
3 0.48041600778013227 0.5006640665695096
4 0.4744705250199761 0.5011530386404559
5 0.4687960237183769 0.5017595137104502
6 0.46338147440756905 0.5024742666339825
7 0.45821599148109726 0.5032884740493652
8 0.4532888810530987 0.504193726699252
9 0.44858968062160187 0.5051820361130386
10 0.44410819130804413 0.5062458364318063
20 0.40924783778491797 0.5196604487197245
30 0.38732423208621225 0.5350719963379624
40 0.37318829314149804 0.5500515566749264
50 0.36377850110708465 0.5636538573927518
60 0.3572954044919743 0.5756272292450282
70 0.35266801264935266 0.5860140294295053
80 0.3492447359960196 0.5949656263026146
90 0.3466191908991396 0.602661145278577
100 0.34453158999125744 0.6092739296848146
200 0.33294727474653535 0.6410606248470876
300 0.3227404632691516 0.647140824441893
400 0.30974025870953675 0.6450129978664487
500 0.2928722565876625 0.6384959504338721
600 0.27180814143687965 0.628705289033788
700 0.24723056752371597 0.6167922639733899
800 0.2207859531174852 0.6043932432601198
900 0.19441497020243098 0.592999132199764
1000 0.16959690199006808 0.5832375255896078
================================================================================
=                                   round 10                                   =
================================================================================
1 0.4931644246891683 0.5062990828172806
2 0.48664358854893347 0.5125946504456602
3 0.48041600778013227 0.518886243846279
4 0.4744705250199761 0.5251647582257638
5 0.4687960237183769 0.5314217587906394
6 0.46338147440756905 0.5376494871918271
7 0.45821599148109726 0.5438408437787257
8 0.4532888810530987 0.549989365659478
9 0.44858968062160187 0.5560892015089705
10 0.44410819130804413 0.5621350839340434
20 0.40924783778491797 0.6188246579728395
30 0.38732423208621225 0.6675183649507396
40 0.37318829314149804 0.7082688513041375
50 0.36377850110708465 0.7420688429896182
60 0.3572954044919743 0.770084166168981
70 0.35266801264935266 0.7933755156551558
80 0.3492447359960196 0.8128273892715667
90 0.3466191908991396 0.8291524395570569
100 0.34453158999125744 0.8429178600634193
200 0.33294727474653535 0.9061460340378359
300 0.3227404632691516 0.9174100496331404
400 0.30974025870953675 0.9127231665502932
500 0.2928722565876625 0.899346831480842
600 0.27180814143687965 0.8792007060567391
700 0.24723056752371597 0.854329489558417
800 0.2207859531174852 0.828021216354216
900 0.19441497020243098 0.8037984235229707
1000 0.16959690199006808 0.7838956403115214
################################################################################
#                                    setup                                     #
################################################################################
min_iteration : 1000
max_iteration : 100000
update_ratio : 0.01
hidden_layer : 1
hidden_layer_width : default
momentum : 0.5
################################################################################
#                                   summary                                    #
################################################################################
+-------+-------+------+-------+-------+------+----------+-------+
| round | learn | test | train | valid | i    | MSE      | error |
+-------+-------+------+-------+-------+------+----------+-------+
|     1 |    12 |    2 |     8 |     4 | 1334 | 0.474853 |     1 |
|     2 |    12 |    2 |     8 |     4 |    1 | 0.500051 |     1 |
|     3 |    12 |    2 |     8 |     4 |    1 | 0.500051 |     1 |
|     4 |    12 |    2 |     8 |     4 |    1 | 0.505095 |     0 |
|     5 |    13 |    1 |     9 |     4 |    1 | 0.500015 |     0 |
|     6 |    13 |    1 |     9 |     4 |    1 | 0.500051 |     1 |
|     7 |    13 |    1 |     9 |     4 |    1 | 0.500029 |     0 |
|     8 |    13 |    1 |     9 |     4 |    1 | 0.500077 |     1 |
|     9 |    13 |    1 |     9 |     4 |    1 | 0.500077 |     1 |
|    10 |    13 |    1 |     9 |     4 |    1 | 0.506299 |     0 |
+-------+-------+------+-------+-------+------+----------+-------+
################################################################################
#                                  statistics                                  #
################################################################################
+-----+-------+----------+------+--------------+
|     | i     | accuracy | SE   | 95% CI       |
+-----+-------+----------+------+--------------+
| ann | 134.3 |     55.0 | 13.8 | (24.1, 85.9) |
+-----+-------+----------+------+--------------+
