================================================================================
=                                   round 1                                    =
================================================================================
Feature weighting:
Number_of_times_pregnant : 0.06156293388223773
Plasma_glucose_concentration : 0.27095198947082333
Diastolic_blood_pressure : 0.0025408273114373814
Triceps_skin_fold_thickness : 0.004767820955955205
2-Hour_serum_insulin : 0.01577689869947487
Body_mass_index : 0.11031172962343397
Diabetes_pedigree_function : 0.03573267560753428
Age : 0.06559853279189835
================================================================================
=                                   round 2                                    =
================================================================================
Feature weighting:
Number_of_times_pregnant : 0.053374209266977536
Plasma_glucose_concentration : 0.2595488453389147
Diastolic_blood_pressure : 0.0024486267662999495
Triceps_skin_fold_thickness : 0.009539834051133227
2-Hour_serum_insulin : 0.017000225579926777
Body_mass_index : 0.10136085113911845
Diabetes_pedigree_function : 0.033093033929785236
Age : 0.05224339716217132
================================================================================
=                                   round 3                                    =
================================================================================
Feature weighting:
Number_of_times_pregnant : 0.03933346472186184
Plasma_glucose_concentration : 0.26642166397464767
Diastolic_blood_pressure : 0.0022469339965476135
Triceps_skin_fold_thickness : 0.005468582060579712
2-Hour_serum_insulin : 0.01848411368908713
Body_mass_index : 0.09259111673521214
Diabetes_pedigree_function : 0.02851387649200222
Age : 0.048454458201024155
================================================================================
=                                   round 4                                    =
================================================================================
Feature weighting:
Number_of_times_pregnant : 0.058818643425748135
Plasma_glucose_concentration : 0.27463583424022797
Diastolic_blood_pressure : 0.005971522775342724
Triceps_skin_fold_thickness : 0.004984902124683933
2-Hour_serum_insulin : 0.016962170324920697
Body_mass_index : 0.08688564547301252
Diabetes_pedigree_function : 0.029807287152817684
Age : 0.0770631766644153
================================================================================
=                                   round 5                                    =
================================================================================
Feature weighting:
Number_of_times_pregnant : 0.05095721626324263
Plasma_glucose_concentration : 0.27680877495956885
Diastolic_blood_pressure : 0.001977058815888614
Triceps_skin_fold_thickness : 0.006496571588537677
2-Hour_serum_insulin : 0.019685736373885123
Body_mass_index : 0.08664710370792461
Diabetes_pedigree_function : 0.03874086374352614
Age : 0.05764938494829698
================================================================================
=                                   round 6                                    =
================================================================================
Feature weighting:
Number_of_times_pregnant : 0.04784398914192208
Plasma_glucose_concentration : 0.270017430273566
Diastolic_blood_pressure : 0.004393537507254558
Triceps_skin_fold_thickness : 0.003884819190425399
2-Hour_serum_insulin : 0.01363401177834411
Body_mass_index : 0.08939078149512382
Diabetes_pedigree_function : 0.020519475864021107
Age : 0.04691482709078616
================================================================================
=                                   round 7                                    =
================================================================================
Feature weighting:
Number_of_times_pregnant : 0.056307923733570804
Plasma_glucose_concentration : 0.2914474641338417
Diastolic_blood_pressure : 0.006177134229603718
Triceps_skin_fold_thickness : 0.002155441026159285
2-Hour_serum_insulin : 0.015091718411665041
Body_mass_index : 0.0871841291900508
Diabetes_pedigree_function : 0.02323529493776657
Age : 0.07213678244704902
================================================================================
=                                   round 8                                    =
================================================================================
Feature weighting:
Number_of_times_pregnant : 0.051411423075570443
Plasma_glucose_concentration : 0.29327878715085587
Diastolic_blood_pressure : 0.004304846938311017
Triceps_skin_fold_thickness : 0.006080138233142314
2-Hour_serum_insulin : 0.020037920323128504
Body_mass_index : 0.08734762186969135
Diabetes_pedigree_function : 0.0434253289605647
Age : 0.06302084916152512
================================================================================
=                                   round 9                                    =
================================================================================
Feature weighting:
Number_of_times_pregnant : 0.05077678351724534
Plasma_glucose_concentration : 0.293546631790731
Diastolic_blood_pressure : 0.005489172998228713
Triceps_skin_fold_thickness : 0.005655275920282017
2-Hour_serum_insulin : 0.01443763165798558
Body_mass_index : 0.09658430870027229
Diabetes_pedigree_function : 0.03009193092054192
Age : 0.06300692936209376
================================================================================
=                                   round 10                                   =
================================================================================
Feature weighting:
Number_of_times_pregnant : 0.04799077608825273
Plasma_glucose_concentration : 0.2793705680032065
Diastolic_blood_pressure : 0.00999593620978641
Triceps_skin_fold_thickness : 0.008934033366693859
2-Hour_serum_insulin : 0.02280268106951567
Body_mass_index : 0.0980706009811122
Diabetes_pedigree_function : 0.030861967563936624
Age : 0.058946473911316306
################################################################################
#                                    setup                                     #
################################################################################
k : 5
distance-weighting : true
feature-weighting : true
PCA : false
PCA-energy-ratio : 0.9
NTGrowth : false
NTGrowth-drop-ratio : 0.75
################################################################################
#                                   summary                                    #
################################################################################
+-------+-------+------+-------+
| round | learn | test | error |
+-------+-------+------+-------+
|     1 |   691 |   77 |    22 |
|     2 |   691 |   77 |    23 |
|     3 |   691 |   77 |     8 |
|     4 |   691 |   77 |    20 |
|     5 |   691 |   77 |    18 |
|     6 |   691 |   77 |    18 |
|     7 |   691 |   77 |    19 |
|     8 |   691 |   77 |    28 |
|     9 |   692 |   76 |    22 |
|    10 |   692 |   76 |    21 |
+-------+-------+------+-------+
################################################################################
#                                  statistics                                  #
################################################################################
+-----+----------+-----+--------------+
|     | accuracy | SE  | 95% CI       |
+-----+----------+-----+--------------+
| knn |     74.1 | 2.1 | (69.4, 78.8) |
+-----+----------+-----+--------------+
