================================================================================
=                                   round 1                                    =
================================================================================
1 0.6629074814508253 0.6937037199360233
2 0.649014729091154 0.6831373601103982
3 0.6124608609538698 0.6450023406998887
4 0.5456954902605894 0.5731877611791474
5 0.47316842391859815 0.49723257137252613
6 0.42002786443316126 0.4448164736452088
7 0.38656027580896324 0.41441900454414443
8 0.36555702752185204 0.3972283388958133
9 0.3518206459073372 0.3872426092443731
10 0.34239566804476673 0.38115934694386183
20 0.3114687808225931 0.36260048709177883
30 0.2990523321212375 0.3512210241136861
40 0.29063433126397026 0.34527057750190115
50 0.285691004008873 0.3420782151872395
60 0.2818436121879541 0.3413620261936227
70 0.2780443844893353 0.3466628009126738
80 0.27300941022571446 0.3621596509950907
90 0.2664916816578128 0.37929710839526326
100 0.2595905950770691 0.3945093855729936
200 0.24104124369906288 0.4484836980695802
300 0.23654408958850853 0.47228109138691665
400 0.23379126638759914 0.48388140649373473
500 0.23185696453150442 0.490685743064305
600 0.23038102400699512 0.49515878126441
700 0.2291907079062351 0.49818229159551014
800 0.22819516070404994 0.5002177694508363
900 0.22734330536721564 0.5016124398965429
1000 0.22660446551842192 0.5026257786678645
================================================================================
=                                   round 2                                    =
================================================================================
1 0.66846868943124 0.677550745877117
2 0.6537892847134453 0.66532856266722
3 0.6141014940565083 0.6266757065427123
4 0.5420891185132003 0.5539296651725822
5 0.4694170689791584 0.4798167588036016
6 0.4198208991474168 0.42968093807915003
7 0.3898429469332958 0.40004595999801645
8 0.37145241049473365 0.38255682871404456
9 0.35952701102778617 0.37180224051438826
10 0.35133175062363725 0.36483300807053476
20 0.32457115565492245 0.34412744524945543
30 0.3168474114745985 0.3377811491283748
40 0.31168030396010227 0.33533717352003534
50 0.30632950693970706 0.33532585690280764
60 0.300168636819995 0.3377580225792747
70 0.2953676616402662 0.3420568213675356
80 0.2924136369702748 0.34321993936173967
90 0.2902639787900931 0.34305933862375304
100 0.28855609117483744 0.3429573195683467
200 0.2804882976205191 0.3456574264446677
300 0.27736052314799386 0.34650227287368385
400 0.2755094093647115 0.3472505757021284
500 0.2742295534192794 0.3481205725235528
600 0.2732684715169828 0.34890500432038596
700 0.27250142547700784 0.349464016640224
800 0.2718511910362078 0.3497328002258723
900 0.27125054421628536 0.3496871347195406
1000 0.2705907940806742 0.3493315717553963
================================================================================
=                                   round 3                                    =
================================================================================
1 0.672032446050924 0.6799840564951358
2 0.6632735259980599 0.6713785261282802
3 0.6343431990593117 0.6454126312238717
4 0.5725912416837144 0.5905908363330845
5 0.5102180875807835 0.5331750977884442
6 0.46960393507222165 0.4936969186319521
7 0.4440894876360442 0.46701961302319284
8 0.42592965597375465 0.4462054344757652
9 0.4110887527323697 0.4277391869822824
10 0.3979398720538895 0.41066418962802437
20 0.3286224624503471 0.3309729605316794
30 0.313102034211394 0.3152222418037207
40 0.3065400288438536 0.30876003542036073
50 0.3024480646094932 0.3044556829178696
60 0.29948217723575343 0.3011192418276367
70 0.29718441433977366 0.29846622359192654
80 0.2953368859340723 0.2963542568750389
90 0.2938120247891118 0.2946616359190626
100 0.2925269774661847 0.2932882802950404
200 0.28553340996546617 0.28738163275977036
300 0.2820993596941885 0.2857100789368698
400 0.2797715115170412 0.28482250672788473
500 0.27801214353875964 0.2842358830108462
600 0.2766037824668662 0.28381935686386417
700 0.27543447285307393 0.28350047262466394
800 0.27444072617317855 0.2832246611049239
900 0.2735846535725512 0.28294336878999343
1000 0.2728419813615521 0.2826087842069048
2000 0.2677920233457377 0.276097160714789
3000 0.2646908705206161 0.2707357751171187
4000 0.2627422479884812 0.2672566563233928
5000 0.26137822203903577 0.2650363334521146
6000 0.2603473000846366 0.26365411195171023
7000 0.25952724453125103 0.26278661829273636
8000 0.25885109118994154 0.2622383220144575
9000 0.2582786861472921 0.26189634453768884
10000 0.25778425478453354 0.2616932234692015
================================================================================
=                                   round 4                                    =
================================================================================
1 0.6675188198006644 0.669150805279404
2 0.6582596279640307 0.6574496393269136
3 0.6272517781464851 0.6262794292674815
4 0.5578897490537431 0.5620816323704183
5 0.4815042045731008 0.49177487983796025
6 0.42812053205386674 0.44097507155797006
7 0.3949257630358567 0.408305666441449
8 0.3738112337448606 0.38709011373679747
9 0.3595745220072937 0.3726334272621724
10 0.3494062668172716 0.3622683333613016
20 0.31279840552577665 0.3262175984288874
30 0.3017432178790086 0.3171453178360292
40 0.29562385400356117 0.3130123540263963
50 0.2914358711203022 0.3106747707518984
60 0.28829046271389397 0.3092190024310745
70 0.28583925471667754 0.30825155032232865
80 0.28388619237166335 0.3075526583176641
90 0.2822920419014719 0.30702097982829
100 0.2809597892300928 0.30661830098155535
200 0.2737800674133585 0.3066336836282184
300 0.2703767098400316 0.3079578310763865
400 0.26814366644781473 0.3083714804265328
500 0.26640683176762375 0.3079176183107997
600 0.26490610921373503 0.30668702189806013
700 0.2635464632510875 0.30508942611297407
800 0.26231376578657295 0.3037669725663853
900 0.2612055478184522 0.3028954832001144
1000 0.26020828944722896 0.30231347435489814
2000 0.2540960139425784 0.3001333513911776
3000 0.2511463821169781 0.29922762954508564
4000 0.24930272757761984 0.29891340857173526
5000 0.24798432685268268 0.29914796446695047
6000 0.2469651478979355 0.29988052523023523
7000 0.24613650090017392 0.30097772480311996
8000 0.2454386601569026 0.3022204322946533
================================================================================
=                                   round 5                                    =
================================================================================
1 0.6620249312337841 0.6735898458753661
2 0.6528166129234281 0.6674542388776855
3 0.6240289180667695 0.6451731647225802
4 0.5641866336382798 0.5963229231676069
5 0.5039080586190338 0.5453596537295198
6 0.4642884235668103 0.5116894947940847
7 0.43923160375393405 0.49095602812351946
8 0.42156027092454723 0.47682648027316915
9 0.4075455576352223 0.46580886856862336
10 0.39546502303577546 0.4561957018467925
20 0.31473124692360466 0.3780394952449609
30 0.2834769395506722 0.3554837952582871
40 0.2697572648508251 0.35093002769952986
50 0.26158557109632574 0.3494482884973903
60 0.25597820818075734 0.3486898634416526
70 0.25181224302338495 0.34809206111097124
80 0.24855196990523915 0.34752958390663247
90 0.24590338453853275 0.3469829934341682
100 0.2436899086856478 0.3464542904986849
200 0.23169476235324943 0.3424537672714933
300 0.22599527368619038 0.34017272808601384
400 0.22232917310387276 0.3387982393389235
500 0.2196650460933973 0.33793806284663314
600 0.21759363071223595 0.33739236978602444
700 0.21591139064946507 0.33704928404078416
800 0.21450284711237483 0.33684156071650084
900 0.21329646310743652 0.3367264351293761
1000 0.2122450159803591 0.3366755164850789
2000 0.20593386179437984 0.33727919813336954
================================================================================
=                                   round 6                                    =
================================================================================
1 0.6623211504370778 0.6749838381712148
2 0.6546182166391262 0.6713326847974135
3 0.6235597858444932 0.6481519124964878
4 0.5497069491523342 0.5845138717015137
5 0.4783409564197168 0.5166490819486567
6 0.4352160606986431 0.47445886035370444
7 0.4092077425814956 0.4493866699974839
8 0.39127642166309096 0.43243132599091905
9 0.3773131674214002 0.41935804614805267
10 0.3655707485897791 0.40836113857365824
20 0.2996144652456225 0.3507599852513302
30 0.27617113170305657 0.3381848659125617
40 0.2651404149278657 0.333354990783856
50 0.25843104765912156 0.3306471970722688
60 0.25380191537647895 0.3289021619253023
70 0.25035573041197645 0.32766015668614507
80 0.24765239130191344 0.3267127201432868
90 0.24544864513889172 0.3259564649956292
100 0.24359878601880014 0.3253339664190666
200 0.23332227571291644 0.3222172029100149
300 0.22821436783311788 0.3211973812263283
400 0.2248364459911834 0.321007704367178
500 0.22233678343023436 0.3212183158970091
600 0.2203686049659347 0.3216155568410989
700 0.21875542733252948 0.3220917536622
800 0.21739515192010403 0.3225924531362815
900 0.21622351767176723 0.3230899204603772
1000 0.21519756222028885 0.3235701179419175
================================================================================
=                                   round 7                                    =
================================================================================
1 0.6504035251647193 0.6534101931439663
2 0.6401064652824081 0.6438811453941288
3 0.6132396378129465 0.6190323838101035
4 0.5621315198806361 0.571219285452806
5 0.5028575690044779 0.5148367023438181
6 0.451796147677012 0.46653987846872014
7 0.4134885945609805 0.4313273785875069
8 0.38636323573753745 0.4078015970850832
9 0.3671580787205835 0.3924852993239598
10 0.35329913650385325 0.3824448980505478
20 0.3087218213907266 0.35985358300296355
30 0.2976342558767727 0.3574932912842669
40 0.29136565713744006 0.3553373352321698
50 0.2867961296677615 0.353116055580446
60 0.28308795303814527 0.3513413500218764
70 0.27995027852955406 0.3501767438724221
80 0.2773071364228278 0.34945488991847323
90 0.27509586873647734 0.3489103604133386
100 0.2732298061749094 0.3484158685784343
200 0.2633124180269363 0.3471428898967056
300 0.25853843783423675 0.34921571014119807
400 0.2553701821770598 0.3516656251973289
500 0.253048119263071 0.3539960991511118
600 0.25124123297879386 0.35604572766157083
700 0.24978272941021806 0.3577858823160195
800 0.2485800686153287 0.3592059316274794
900 0.24758474892172783 0.36023716549365764
1000 0.24678359324673763 0.3605432227570775
================================================================================
=                                   round 8                                    =
================================================================================
1 0.6576059722629477 0.671754261461212
2 0.6517866152472965 0.6669579743587689
3 0.6339040759669315 0.6494072184003189
4 0.5913083414985697 0.6063388759574452
5 0.5315167905002146 0.5441519732858574
6 0.477292825647217 0.4873469837910831
7 0.43503701090007424 0.44430358176516327
8 0.4035007907338448 0.4141666394578855
9 0.38035087357056013 0.39421946808142855
10 0.36324357297413984 0.38135294549273085
20 0.3061819786812283 0.3577562177569969
30 0.29133585559471015 0.35767429072754353
40 0.28311442375101686 0.3587931868472455
50 0.2775924865733725 0.35993828477838286
60 0.2735321960708957 0.360824455232759
70 0.2703718291394826 0.36147955887888933
80 0.2678147800204803 0.3619930799958148
90 0.2656870639487067 0.3624342455723996
100 0.2638780036660724 0.36284438126121027
200 0.25368314856868784 0.36708209336302355
300 0.24851982045973858 0.3709015130188827
400 0.2450037711740583 0.373427922322232
500 0.24232940122726795 0.37495512619850296
600 0.24017310913946363 0.3758360406253448
700 0.23837001960190102 0.3762902510862876
800 0.23682401276474857 0.3764554615835507
900 0.23547380076550806 0.37642426920114314
1000 0.2342777427628063 0.376261433009513
================================================================================
=                                   round 9                                    =
================================================================================
1 0.6605005732211743 0.665052449369666
2 0.6544465204129744 0.6618819515041547
3 0.6338040245142909 0.6473597983189082
4 0.5793453127467224 0.6054765698851574
5 0.5014540165050159 0.5411911126421451
6 0.4390592763885419 0.48741768792572954
7 0.3999391638815312 0.4535986138544083
8 0.37599563552792153 0.4336247580697852
9 0.3605667396938922 0.42161971230020373
10 0.3498832177066028 0.41409150011341606
20 0.30678311522357854 0.3957383713615159
30 0.29004472094654415 0.38994530259445404
40 0.28114694862376627 0.3861887463390308
50 0.2753891899465761 0.3839964197243404
60 0.27117597475196653 0.3827495096374139
70 0.2678669360931811 0.3820497425444615
80 0.26515448403610153 0.3816558076393038
90 0.2628680456374392 0.3814354764832929
100 0.2609017560154231 0.38132829855873107
200 0.24949429057689268 0.38396455233269
300 0.2436639525935023 0.3880965062098854
400 0.2398091744080083 0.39108812618282623
500 0.23698565691264395 0.3932017217240205
600 0.23479126395403746 0.39478753665037025
700 0.23301604760907152 0.39604411231786096
800 0.23153734829148612 0.39708015885464243
900 0.23027787491027674 0.3979578434934358
1000 0.22918611274538858 0.39871505986505984
================================================================================
=                                   round 10                                   =
================================================================================
1 0.6608190796096385 0.661668005612274
2 0.6515417680375479 0.6567118412145232
3 0.6218719020668204 0.635994939652619
4 0.5561213721046262 0.5848746594767397
5 0.478922931524925 0.5204996387388259
6 0.42294299197243673 0.4720628641217166
7 0.3888366696020754 0.4423088580655972
8 0.3681770473392887 0.4244131400959868
9 0.3550333107796824 0.41310957328527376
10 0.34615525912034745 0.4054674333548649
20 0.3175565425018118 0.3791508924895539
30 0.3089658446101203 0.36827411770541946
40 0.3032401193808959 0.35764999735438086
50 0.29826355160448964 0.34893954009249006
60 0.2940042257922833 0.345312021261821
70 0.29041828172494366 0.34508340877310184
80 0.2873932296162302 0.3459466041154834
90 0.2848461082030104 0.346907394409013
100 0.28269032225620944 0.3478128546176232
200 0.2536378818844185 0.3538454160482352
300 0.23664183545818368 0.33480494558601426
400 0.23219678614081152 0.3379838698926956
500 0.22918394895435726 0.34029865384155605
600 0.22694792851696746 0.3418630535088518
700 0.2251953331083968 0.342974968037904
800 0.22376890509552944 0.3437979206724368
900 0.2225755626110247 0.3444203181416939
1000 0.22155600348971555 0.34489384054665995
################################################################################
#                                    setup                                     #
################################################################################
min_iteration : 1000
max_iteration : 10000
update_ratio : 0.1
hidden_layer : 1
hidden_layer_width : default
momentum : 0.5
################################################################################
#                                   summary                                    #
################################################################################
+-------+-------+------+-------+-------+-------+----------+-------+
| round | learn | test | train | valid | i     | MSE      | error |
+-------+-------+------+-------+-------+-------+----------+-------+
|     1 |   160 |   18 |   107 |    53 |    57 | 0.341136 |     4 |
|     2 |   160 |   18 |   107 |    53 |    45 | 0.335093 |     4 |
|     3 |   160 |   18 |   107 |    53 | 10000 | 0.261693 |     2 |
|     4 |   160 |   18 |   107 |    53 |  4065 | 0.298912 |     4 |
|     5 |   160 |   18 |   107 |    53 |  1066 | 0.336667 |     2 |
|     6 |   160 |   18 |   107 |    53 |   385 | 0.321003 |     1 |
|     7 |   160 |   18 |   107 |    53 |   164 |  0.34684 |     1 |
|     8 |   160 |   18 |   107 |    53 |    25 | 0.357407 |     5 |
|     9 |   161 |   17 |   108 |    53 |   107 | 0.381308 |     3 |
|    10 |   161 |   17 |   108 |    53 |   272 | 0.334323 |     1 |
+-------+-------+------+-------+-------+-------+----------+-------+
################################################################################
#                                  statistics                                  #
################################################################################
+-----+--------+----------+-----+--------------+
|     | i      | accuracy | SE  | 95% CI       |
+-----+--------+----------+-----+--------------+
| ann | 1618.6 |     84.9 | 2.6 | (79.0, 90.7) |
+-----+--------+----------+-----+--------------+
