================================================================================
=                                   round 1                                    =
================================================================================
selected eigenvectors:
0 : [0.2750042943948083, 0.2940652504407739, 0.3041958009906666, 0.2686208860977383, 0.08382816320323304, 0.1007706563212173, 0.3167808584879695, -0.3144162759586846, 0.31400701171759726, 0.2810492200875651, 0.3098222265437499, 0.3137630213865013, 0.27280501282921465, -0.018077209905231713, 0.04270229236094855, 0.0507750447354326, 0.026073871208834563, 0.07042369155866222]
1 : [0.12665270391306585, -0.1268776798587518, 0.0733445527823146, 0.19213336899098593, 0.12309843240978958, -0.024989178556763383, -0.04417382980748616, -0.017223473957275217, -0.05735398966278653, -0.11581810583925599, -0.06119105358275194, -0.04835459606965617, -0.20161567421396395, -0.4948885985673282, 0.050768687965472445, 0.11572833742699298, 0.5416354541213133, 0.5383789834935064]
2 : [0.11494647167958434, 0.039976333876727624, 0.056401734905073476, -0.27233834749190444, -0.6363058711194529, -0.5996775516070576, 0.09664822270477533, -0.059239669196514085, 0.10859449692924068, 0.027296908073932053, -0.060472414067517424, 0.1072502835914137, 0.04131135541179558, -0.2905695814090995, 0.10737165070157348, 0.05510368771393157, -0.014290764263872269, -0.04344283245160123]
3 : [-0.07330736651846913, -0.1909576182234629, 0.07835733115900016, 0.04635468960203243, -0.036273671017534356, -0.04515562860988768, 0.0980439297215341, -0.08813009740343912, 0.09622349893288272, -0.19208270983776687, 0.11990896601754028, 0.09480854817538867, -0.20481892833443394, 0.06269897880055642, -0.5866992288445121, 0.6745070807374604, -0.10917792609125426, -0.05137257192543947]
4 : [0.07132186065207684, -0.07404825327361284, 0.03923745038215766, -0.049886405829701, -0.05383440381989934, 0.2005798593589985, -0.01877715959123864, 0.0787440593538521, -0.0022790204859667483, -0.05053605281272179, -0.005541849711322371, -0.021308968001473562, -0.050739016758007946, 0.12882234165396791, 0.7393197581968531, 0.5986208370969972, -0.0900855898589374, -0.02118127660092967]
================================================================================
=                                   round 2                                    =
================================================================================
selected eigenvectors:
0 : [0.27127751150619245, 0.29479250054511325, 0.3060281784138179, 0.2728062486892262, 0.08848551773952282, 0.0991791739640793, 0.3158367174487441, -0.3153396196755009, 0.3122212286138277, 0.2815022298320866, 0.3098636300609695, 0.3123914998725595, 0.2702419498336044, -0.024354523252850913, 0.030953673046118745, 0.052806550281192785, 0.031953408209120945, 0.0764868566563135]
1 : [0.12354345195079311, -0.13156398675775377, 0.06862197211524153, 0.19102704243656893, 0.13409920369261688, 0.00813998948353763, -0.051081843850911655, -0.007958751396768582, -0.06376987588834898, -0.11750442933959404, -0.06040336001889624, -0.05482781807755391, -0.21062045383539416, -0.4781195338968198, 0.05770976560445214, 0.12578339849368275, 0.5438867549242004, 0.541344238133588]
2 : [0.1299886334198717, 0.02900716317728129, 0.060646752066504224, -0.27672003623824826, -0.6463636629519135, -0.5740007395302339, 0.0969816589569501, -0.059438531294626604, 0.10937691110972714, 0.013960936846355658, -0.05568014386727074, 0.10785163775492351, 0.031453585872197105, -0.28558458163414463, 0.1570687018484294, 0.08377640275181487, 0.011936849714015943, -0.02320376331268654]
3 : [-0.0741115497383993, -0.17939065461886491, 0.07551403318272533, 0.03440755095306778, -0.04844636693751183, -0.04607257800411295, 0.09414501414040767, -0.08338076804206468, 0.09210364353800497, -0.1800450650338684, 0.10595392382562, 0.09049910096796614, -0.1961837630235346, 0.04887899387525996, -0.6244764364418719, 0.6559276605780172, -0.10792431114858715, -0.04585224202487003]
4 : [0.05114665244901035, -0.07863464424918486, 0.046338981607236276, -0.032116507423316315, -0.020121049332752373, 0.23720297242960234, -0.015859120654567373, 0.07523261670648508, 0.000903827191285602, -0.05201455580885814, 0.010306139348316406, -0.01933169825050159, -0.06144268083596734, 0.15418550681205795, 0.7073661367280291, 0.6176131209612633, -0.10829791551943485, -0.03412306724579854]
================================================================================
=                                   round 3                                    =
================================================================================
selected eigenvectors:
0 : [0.2790840116780538, 0.29557391252761006, 0.3040854376429774, 0.261432996689653, 0.06830755573969317, 0.08823667207183973, 0.31886301162717107, -0.3125921756629336, 0.3175163909789555, 0.28105246740508394, 0.3087187872392823, 0.31707859225347385, 0.2750766046574443, -0.01941318625432017, 0.046231817859612695, 0.05516560835392451, 0.022822377848595674, 0.06852096651103967]
1 : [0.12892832833623913, -0.13281230180748718, 0.07291588055727163, 0.21113901698390627, 0.16231942343109618, 0.02117178608181235, -0.04774276487441904, -0.015103598747930214, -0.0616801743267213, -0.11882096231924638, -0.05251375006961306, -0.052917117146011286, -0.21178626724127403, -0.46276549615777507, 0.05800708846325574, 0.11969246944813869, 0.542566155560076, 0.5403548723791898]
2 : [0.1617616806256929, 0.01646539252412381, 0.039376359358687434, -0.2881100670013735, -0.6406654284480959, -0.5077748121337557, 0.06975477716370485, -0.01955487992788325, 0.0848364355851119, 0.000981941720357024, -0.04091673186921407, 0.08607703410772358, 0.0212529055769462, -0.24289067345321297, 0.36580068439296526, 0.05443045197839047, 0.05446216164519563, -0.000664057305384342]
3 : [0.050502001515395474, 0.18846203568497216, -0.07578932525648506, 0.004294599355192531, 0.15007386587905688, 0.1320326067363337, -0.11347074883409661, 0.09325199603149885, -0.11271390807721865, 0.1921829838785179, -0.1196135582725669, -0.11415773003571714, 0.20513927786282732, -0.02525737943814504, 0.551224211291369, -0.6783895509254979, 0.09196369211617347, 0.04926271749649506]
4 : [-0.016380139208983745, 0.06746512155573839, -0.044927474527616015, -0.0035119427624814127, -0.08853728142623117, -0.32856771439757565, 0.03699105020520565, -0.08139631694932146, 0.024828398682898323, 0.03494733560481106, 0.0185851268855199, 0.0481457808223945, 0.05123310948985029, -0.17098300971042357, -0.6793713573655273, -0.593906155513535, 0.13367045478075298, 0.029344201892718105]
================================================================================
=                                   round 4                                    =
================================================================================
selected eigenvectors:
0 : [0.2757022479514669, 0.29674226101562656, 0.30187224793956347, 0.2692444317471771, 0.0834565348468501, 0.0986222900924402, 0.31660759902157337, -0.31202927417974163, 0.31332694381562926, 0.2835158923374287, 0.30993444570368756, 0.3146367656588934, 0.2715313000378741, -0.018667233746051535, 0.04071405261657102, 0.054780524762566264, 0.026749634652615643, 0.07040176541393174]
1 : [0.1329882732307745, -0.12478755775426785, 0.07883629977876733, 0.182148856572748, 0.10851960397520849, -0.03026799275818363, -0.04449351974291207, -0.01468100643942125, -0.05748478744476539, -0.11174340946325988, -0.06455911582573554, -0.048680345631687605, -0.2035776329756731, -0.4962609339841281, 0.06119117797583648, 0.1298443419186791, 0.5396594554946971, 0.5390521320266547]
2 : [0.11521161281496879, 0.03707447228011764, 0.05324781506973878, -0.27414178261161315, -0.6410781764917569, -0.5985430196847918, 0.09948001220335301, -0.0596944166320737, 0.11113468898952614, 0.02371269765887845, -0.05592486348971961, 0.11100840878896452, 0.038550849615601034, -0.27868207990643235, 0.10163121183854418, 0.0555138600100669, -0.023081408724005627, -0.056666292698102846]
3 : [-0.0795140365588767, -0.1751204510030713, 0.06690320170283708, 0.03989503436573569, -0.038635057399737965, -0.037320310581153406, 0.0948458549669947, -0.08548052570891804, 0.09233251061972439, -0.17350808767263223, 0.11244137213445983, 0.09219667026090826, -0.19360180373597202, 0.056365050690969094, -0.6459635614733081, 0.6394022272993395, -0.0973038467445001, -0.04183395267539745]
4 : [0.07305172640609206, -0.0878485485049171, 0.046991306689833645, -0.05511499605892992, -0.07255412660181201, 0.21819644707997302, -0.010301909867692707, 0.0742415219627355, 0.005320476361130957, -0.05815260908730335, 0.0022004697095592413, -0.012706048000397152, -0.07126467899342483, 0.13742224885812004, 0.6923056908172602, 0.6353520497585082, -0.1068201766097556, -0.036037667440237856]
================================================================================
=                                   round 5                                    =
================================================================================
selected eigenvectors:
0 : [0.2762607552125201, 0.2937416378397797, 0.30332161566887, 0.2627746518100559, 0.07392647824098791, 0.09507268173128051, 0.3188352763736249, -0.31390641459004953, 0.3161954839833723, 0.2813454360505682, 0.3123466545498215, 0.316616155498808, 0.2721263381167408, -0.012522117503788894, 0.04133751880547989, 0.06324918907970725, 0.021827650777287527, 0.06563467477983896]
1 : [0.12822376025335233, -0.12233546120468618, 0.08335551902989499, 0.18911955942774608, 0.11404477982113123, -0.006220133155332133, -0.043969387272247876, -0.014573211539873964, -0.056015375178484386, -0.10435534114595998, -0.06303831543020935, -0.04875778204308039, -0.20274497075626197, -0.4946401799500449, 0.06871895223394152, 0.1281230196453939, 0.5370377744095057, 0.5431271030438926]
2 : [0.11603118168297094, 0.02930659949928813, 0.05128157983222069, -0.27723048085999485, -0.6418455112724707, -0.5895878656359709, 0.09541140223813205, -0.05520970099237513, 0.10933914609404739, 0.018689844256410956, -0.06370199603059327, 0.10681875435773916, 0.032859622354600604, -0.2889071522638157, 0.11946538093353626, 0.07299219019199263, -0.016561850372471276, -0.04760893458162595]
3 : [-0.08294547316638562, -0.1840258260535129, 0.061836507562302585, 0.04550548729791995, -0.032655592186667914, -0.045829303648069614, 0.09353274167340819, -0.0846014323371451, 0.08948323931428993, -0.1889507244136317, 0.11378155286378605, 0.09005894155789997, -0.19310258589499363, 0.05560281011143925, -0.6247020267344717, 0.6538867736345815, -0.09822847357153014, -0.040883024092911724]
4 : [0.060192668227637934, -0.09875493837638294, 0.0389064347045954, -0.037512701867486696, -0.029824745772510756, 0.1880384651503783, -0.011886879063369247, 0.06838346707839163, 0.003165206725702956, -0.08257730322767347, 0.012489507270372699, -0.014563241627349002, -0.06767764282207556, 0.16686916063271073, 0.7190335961002113, 0.6109956060887453, -0.1054648101889544, -0.039589903480162815]
================================================================================
=                                   round 6                                    =
================================================================================
selected eigenvectors:
0 : [0.27312849430079794, 0.29579681133526553, 0.30664901342585626, 0.26916007615386867, 0.08170612747932574, 0.09976050397465662, 0.3157460598504141, -0.3130962792335863, 0.3124516329930712, 0.2837647115114186, 0.3071603213925378, 0.31273837019525685, 0.27055265515074334, -0.02702298429082449, 0.050869141924128794, 0.05496039245849104, 0.032540895424810395, 0.07857489026243707]
1 : [0.13151431631812374, -0.13062760725379802, 0.07539989749471349, 0.1748141746665843, 0.09144153786523262, -0.036109477716974536, -0.04574729753001343, -0.014229567562450729, -0.057821671987424994, -0.11943500429569615, -0.06612596085323333, -0.04999836223418362, -0.20839228454873004, -0.5037565854933693, 0.052792763371467454, 0.1282918170215311, 0.5380908589545127, 0.5356942246125328]
2 : [0.10877188794374038, 0.03902285982652805, 0.05191486802988692, -0.2781614292672068, -0.6404447068320344, -0.6029001947765762, 0.09955768297180156, -0.06034560975428369, 0.11178281437757835, 0.025687875325517393, -0.056462749460943276, 0.11038145285602706, 0.04212768560855343, -0.26884115755618515, 0.09266644687843582, 0.05619429761505143, -0.03300339497403161, -0.06287917899446681]
3 : [-0.07244657358186908, -0.18636287358392412, 0.08241470039380569, 0.03652038291422235, -0.042982673794756426, -0.001253549406878275, 0.0951644208603945, -0.07474855562035644, 0.09454418548106419, -0.1828125769280891, 0.11495041679477629, 0.09126447131924309, -0.20141571738852682, 0.07865722504036568, -0.5291965477234036, 0.7263363128771169, -0.12073882038935918, -0.05053093155255954]
4 : [0.0831442377905156, -0.05966144304378395, 0.029319198915086022, -0.06257408860207835, -0.05625701808200926, 0.1998466157394822, -0.02913734894485538, 0.08730657525801828, -0.01271977786674099, -0.03383420961124782, -0.017589184990544415, -0.03074861015811293, -0.03287399631108171, 0.12705520682130483, 0.7860108041058225, 0.5363081145799071, -0.08638240514224033, -0.02215953163536697]
================================================================================
=                                   round 7                                    =
================================================================================
selected eigenvectors:
0 : [0.27151969647578106, 0.2957582814673502, 0.3037447606255407, 0.2656864793821619, 0.07594919209826141, 0.0931229326141828, 0.31833248908555695, -0.31448141376214334, 0.3154516769053351, 0.28403962357989293, 0.3088545489235276, 0.3156432318607489, 0.27132981137242806, -0.02315486092185144, 0.03986824512331644, 0.06418883126862683, 0.028110797455626935, 0.073577512493586]
1 : [0.12731064061255593, -0.12825032077744428, 0.07430240100703066, 0.1868540545600729, 0.11698894109992726, -0.011142880735424552, -0.047197566774409706, -0.014310189227345414, -0.059695965646555924, -0.11455523963348584, -0.061372758896573225, -0.051715886599159204, -0.20348749976997366, -0.487623746998754, 0.055676276032549495, 0.1076639030454471, 0.5477853621225461, 0.5418428701753522]
2 : [0.12218028934308621, 0.018221668763934523, 0.062212955232680535, -0.2802768907438354, -0.6589842635691867, -0.572953308551015, 0.09597366353458026, -0.05138860512600889, 0.10963214532429508, 0.007942722631386132, -0.052677214452162086, 0.10762031553440585, 0.01737353460393385, -0.27627655747667557, 0.08902427930533788, 0.12281099040258703, -0.01645712731240595, -0.03972762471145058]
3 : [-0.07109806377812891, -0.19379452668051048, 0.070366620120309, 0.05414368753570712, -0.010508054580892445, 0.02104034339908978, 0.08744448828195184, -0.07473960353318698, 0.08736428120445244, -0.19351146297343821, 0.11851713071015064, 0.08422179028428595, -0.21347996816012435, 0.07645711112697627, -0.6101264039692027, 0.6594016337848645, -0.09664066937223391, -0.0409598737084317]
4 : [0.061535994921266185, -0.08404625845002214, 0.04344919479479532, -0.03993635868133129, -0.02572646562419847, 0.22319006570333377, -0.019648323966507154, 0.0775267868878848, -0.001090368375575728, -0.05947774685237996, -0.003750090748337178, -0.023107038101486378, -0.0617941585127261, 0.14426114476299423, 0.7317805376374095, 0.5956980077387461, -0.0963400151071007, -0.02092441005127059]
================================================================================
=                                   round 8                                    =
================================================================================
selected eigenvectors:
0 : [0.2754549192361624, 0.29554127627344917, 0.30192852890518357, 0.26828790395928964, 0.08564638679477349, 0.09644986933662374, 0.3165003443231971, -0.3133181364162608, 0.3128738037250495, 0.28280067046797425, 0.31039555728631885, 0.31415725451266185, 0.27386090057531526, -0.016580420393563326, 0.03734026255844444, 0.05388004890835224, 0.030905520796938882, 0.07230818736848368]
1 : [0.13088367585821628, -0.13233178530307207, 0.08221245696783483, 0.1838122939051111, 0.10659266985152484, -0.020523373984648024, -0.04350537300338995, -0.01674358787961927, -0.05621218515580018, -0.11404360904936527, -0.06167938090464809, -0.04881082787692909, -0.21189370059103482, -0.49712463385094835, 0.03709582773250041, 0.14081336265141886, 0.53457776464281, 0.5380458286890518]
2 : [0.11372583321896708, 0.03662017393159277, 0.05437848933618543, -0.27185680617256014, -0.634928289424014, -0.6049515558578878, 0.09898211681644337, -0.0597433886241006, 0.11164053293883887, 0.020257030438529094, -0.05626245062492841, 0.1103856977500875, 0.04192877777512439, -0.2795332833809444, 0.10568945986860863, 0.06382781212787404, -0.02053047058282075, -0.051070077405485345]
3 : [-0.07434714933628536, -0.18309089629191733, 0.06218887335132902, 0.03918823049923563, -0.033276997062049715, -0.031207048818141014, 0.09491587448176718, -0.07812345106003486, 0.09251058318525739, -0.1879449860818711, 0.11956940589494336, 0.09269281110531774, -0.1895659407287535, 0.08676686930325261, -0.5668158234517418, 0.6986211906288999, -0.11978375340262935, -0.06647978492802421]
4 : [0.08392727647624944, -0.07645337390442274, 0.043665316248851095, -0.05603001376986206, -0.060708032516795074, 0.22096457002883904, -0.017090552405675703, 0.08071020279965459, 0.0018292376763820871, -0.05155033369488162, -0.004331613640496339, -0.01845919342798061, -0.05381019510542343, 0.1319911290241834, 0.7581999513314818, 0.5613976331877915, -0.09404047987177204, -0.023075480582264066]
================================================================================
=                                   round 9                                    =
================================================================================
selected eigenvectors:
0 : [0.2775002816229916, 0.2930986120101383, 0.307049802250091, 0.269570606788624, 0.08127830078835188, 0.09824817231096253, 0.3156763030945467, -0.313610726317382, 0.3121946706561918, 0.28096498262280784, 0.30635482349836174, 0.3124431201211785, 0.2671700731984485, -0.03361130886165001, 0.042235983904988575, 0.06764743440877725, 0.03946267094368605, 0.08700047954770129]
1 : [0.12384367326247728, -0.13518182043604246, 0.07170607937268222, 0.17858934458046505, 0.11236974281417018, -0.025649307792262765, -0.053947616077571044, -0.0058175463012021325, -0.0663684736076993, -0.12158339708657999, -0.06862592344258092, -0.05757834835968696, -0.21456385476083148, -0.4959555994969883, 0.06082431711456715, 0.11726174050606535, 0.5401553624256027, 0.5335581086829804]
2 : [0.11410592848690863, 0.03282258199027903, 0.05464272483807687, -0.27181731492516675, -0.6361713023241126, -0.5981396059265867, 0.09769766413657904, -0.05578002399789907, 0.11271511312505551, 0.025840103979138065, -0.06511290193776835, 0.1080583259897825, 0.029386911311769084, -0.29225384011918065, 0.08676515266796797, 0.08341325082885341, -0.030681231298863725, -0.05384216906789454]
3 : [-0.07341246761025907, -0.18160480776052632, 0.058241805153385985, 0.05286694792771112, -0.016224365647369877, -0.03390695492364973, 0.09017376219893156, -0.08333930742378937, 0.08486887633341789, -0.1849650856550099, 0.11867175480558276, 0.08751501024817394, -0.19614687598963204, 0.06866599068516999, -0.6530035199158631, 0.6298094162658084, -0.08888675369509483, -0.04042255082172797]
4 : [0.06743863221513925, -0.09985201130121321, 0.04017990739678486, -0.04080496107117292, -0.04652324856205274, 0.19036705110692817, -0.008737561859714396, 0.06867968866444261, 0.009700492243707675, -0.08044369207769099, 0.006335633672964479, -0.01138489433080761, -0.07621628925270242, 0.1466557064504624, 0.6962449270258195, 0.6384135553328739, -0.10551917780940391, -0.03859845028141458]
================================================================================
=                                   round 10                                   =
================================================================================
selected eigenvectors:
0 : [0.2731302182897224, 0.2953846605684337, 0.3039177747731452, 0.26879953852550376, 0.08469323400860777, 0.09887191248025447, 0.31611992995786836, -0.31251796915459124, 0.3125597467834619, 0.28304621197130986, 0.3103349409668777, 0.3137417825173898, 0.27307145627171925, -0.017724388586702992, 0.04415154725698786, 0.05821975956552046, 0.030646691885733754, 0.07259450228082918]
1 : [0.12828185563680078, -0.13097104738279344, 0.078249297136883, 0.18431342417148888, 0.10547625110989324, -0.01957790693618619, -0.04349126254065595, -0.01694998647319536, -0.05656814258042283, -0.11708324225431103, -0.061791513125811985, -0.048381169737055474, -0.2117840800963575, -0.49423651396245, 0.06168570642350368, 0.13393215395623656, 0.5385671426684626, 0.5372350702559183]
2 : [0.10846604320679841, 0.03735262766029364, 0.056087923010573894, -0.27427724782116114, -0.6399414892479987, -0.6009035118931191, 0.09965250034817945, -0.06274440669081635, 0.11132861049075651, 0.024014039121272826, -0.055736456412547444, 0.11003944536062644, 0.041018427469858725, -0.2816001874979032, 0.08676942024409348, 0.06667135562894903, -0.02091205397797683, -0.0490912883720882]
3 : [-0.08341319872368477, -0.18382781725542602, 0.06977038276568101, 0.041457819028685755, -0.034353860758952595, -0.017895910051864514, 0.09495200225962373, -0.0837156951494429, 0.09142307907460503, -0.18276676656099627, 0.11993305409469722, 0.09196797969337137, -0.19625889577761882, 0.07506390091017821, -0.6095476313222656, 0.6647925546431765, -0.10353162778666763, -0.04653975843681077]
4 : [0.06198809691865588, -0.07699733433535046, 0.03994335704201601, -0.0632476177839489, -0.06987695250172343, 0.20588482201118244, -0.017321160327629696, 0.07880850875871552, 0.0010978506390329436, -0.04608809253276719, -0.002205657742369803, -0.020010927324606968, -0.04973618625575608, 0.14088085129702954, 0.7251990723159645, 0.6072924316429942, -0.1019335727756471, -0.029850190858720885]
################################################################################
#                                    setup                                     #
################################################################################
k : 5
distance-weighting : false
PCA : true
PCA-energy-ratio : 0.9
################################################################################
#                                   summary                                    #
################################################################################
+-------+-------+------+-------+
| round | learn | test | error |
+-------+-------+------+-------+
|     1 |   761 |   85 |    34 |
|     2 |   761 |   85 |    33 |
|     3 |   761 |   85 |    41 |
|     4 |   761 |   85 |    43 |
|     5 |   761 |   85 |    32 |
|     6 |   761 |   85 |    36 |
|     7 |   762 |   84 |    35 |
|     8 |   762 |   84 |    32 |
|     9 |   762 |   84 |    35 |
|    10 |   762 |   84 |    29 |
+-------+-------+------+-------+
################################################################################
#                                  statistics                                  #
################################################################################
+-----+----------+-----+--------------+
|     | accuracy | SE  | 95% CI       |
+-----+----------+-----+--------------+
| knn |     58.6 | 1.5 | (55.2, 62.1) |
+-----+----------+-----+--------------+
