================================================================================
=                                   round 1                                    =
================================================================================
================================================================================
=                                   round 2                                    =
================================================================================
================================================================================
=                                   round 3                                    =
================================================================================
================================================================================
=                                   round 4                                    =
================================================================================
================================================================================
=                                   round 5                                    =
================================================================================
================================================================================
=                                   round 6                                    =
================================================================================
================================================================================
=                                   round 7                                    =
================================================================================
================================================================================
=                                   round 8                                    =
================================================================================
================================================================================
=                                   round 9                                    =
================================================================================
================================================================================
=                                   round 10                                   =
================================================================================
################################################################################
#                                    setup                                     #
################################################################################
k : 1
distance-weighting : false
PCA : false
PCA-energy-ratio : 0.9
################################################################################
#                                   summary                                    #
################################################################################
+-------+-------+------+-------+
| round | learn | test | error |
+-------+-------+------+-------+
|     1 |   621 |   69 |     7 |
|     2 |   621 |   69 |     4 |
|     3 |   621 |   69 |     3 |
|     4 |   621 |   69 |     7 |
|     5 |   621 |   69 |     6 |
|     6 |   621 |   69 |     2 |
|     7 |   621 |   69 |     8 |
|     8 |   621 |   69 |     5 |
|     9 |   621 |   69 |     4 |
|    10 |   621 |   69 |     4 |
+-------+-------+------+-------+
################################################################################
#                                  statistics                                  #
################################################################################
+-----+----------+-----+--------------+
|     | accuracy | SE  | 95% CI       |
+-----+----------+-----+--------------+
| knn |     92.8 | 0.9 | (90.8, 94.7) |
+-----+----------+-----+--------------+
