================================================================================
=                                   round 1                                    =
================================================================================
1 0.6835992391830041 0.6936235848366151
2 0.6620474629618184 0.6774099432766209
3 0.6542924711425588 0.672632252216034
4 0.6510609377843508 0.6713274141400684
5 0.6494825276746248 0.6711238451388017
6 0.6485605782759692 0.6712375570868339
7 0.6479131049667677 0.6713923930610882
8 0.6473806080569013 0.6714903559171588
9 0.6468907709178962 0.6714997346446201
10 0.6464077377204851 0.6714138620095083
20 0.6394026498821792 0.6657729426778061
30 0.6229702812769674 0.648311520551071
40 0.5885759862654282 0.6092267149888501
50 0.5366316755196885 0.5479864696764647
60 0.4825898162028761 0.4839320237776112
70 0.4387551961559196 0.4339721546575047
80 0.40700332437087344 0.4006159423607285
90 0.3846801225841247 0.3796507663778305
100 0.36882604807382174 0.3665810102519887
200 0.32061192321393556 0.33957558847394453
300 0.30954144928143323 0.32973953690472557
400 0.30339409850732446 0.32138087906785795
500 0.2989867804241134 0.3149313365967399
600 0.2954620940795729 0.30994197544861957
700 0.2925063353318373 0.3059916819019382
800 0.28997342240302704 0.30269764744579775
900 0.28776905273323233 0.2997789302984117
1000 0.28582093874981584 0.2970859081187839
2000 0.27362270881519046 0.2805069334025316
3000 0.2677619699043519 0.2742295351792319
4000 0.26425018400511696 0.2706916624926544
5000 0.2617792402479722 0.268583048683836
6000 0.259804982870993 0.26774734869282046
7000 0.25810401865048926 0.2676297094119381
8000 0.2566281706832989 0.2676663155057096
9000 0.25533284748069196 0.267763126326284
10000 0.25418255082672203 0.267909681225099
11000 0.2531519361844183 0.26809161567759976
12000 0.252221998866811 0.2682933891788342
13000 0.2513778889184058 0.2685029570732412
14000 0.2506076895032662 0.2687124419951274
================================================================================
=                                   round 2                                    =
================================================================================
1 0.6870421552795483 0.6910739501885885
2 0.6664522334252729 0.6727395004448831
3 0.6591021645336886 0.6667033849123796
4 0.6561088260184651 0.6645936567840137
5 0.6546891981306833 0.6638252639265805
6 0.6538807063195328 0.6635216015047833
7 0.6533201318220416 0.6633633153523399
8 0.6528593891671167 0.6632286646386163
9 0.6524331505746673 0.663070341957914
10 0.6520097482527284 0.6628700527709466
20 0.6455966719618166 0.6576762378988392
30 0.6294177120866242 0.6421836908191321
40 0.5933407673756957 0.6056352168331067
50 0.5374334116744215 0.546124521818008
60 0.48076090320959686 0.4833999553681648
70 0.43676743510601934 0.43440016813256116
80 0.40589489508399856 0.40101546418526174
90 0.3845562529515835 0.37911385807947956
100 0.3694992439129268 0.36455334079549157
200 0.32208506335843656 0.3235794863132574
300 0.310294009853826 0.311410056820677
400 0.30398203834203646 0.30439158119504206
500 0.29977239428669894 0.30016511424851633
600 0.29670966932347204 0.29765065813817904
700 0.2943681993022364 0.2961136311941284
800 0.29250363190750506 0.29505606172569987
900 0.29096642746059403 0.2941946733319378
1000 0.28966376271009564 0.29338628756696866
2000 0.282130041716237 0.28198504683401826
3000 0.27775095101524006 0.275419739191337
4000 0.27479714929612853 0.27525091111095595
5000 0.2721984641150299 0.27741832195063165
6000 0.26973604015824915 0.2797293148653755
7000 0.2675607605090239 0.28160468895785323
================================================================================
=                                   round 3                                    =
================================================================================
1 0.6916589288336307 0.6905157650527968
2 0.6727672765929459 0.6710568845423827
3 0.6662719462121683 0.6641916408850259
4 0.6638115518666691 0.6614661112952842
5 0.6627691476463381 0.6602253878039335
6 0.6622548987496192 0.6595606701051138
7 0.6619440241423616 0.6591354934072099
8 0.6617107148243493 0.658815800414166
9 0.6615032304654641 0.6585436950308777
10 0.6612985389610819 0.6582915320260779
20 0.6578560426748895 0.6549571087906582
30 0.646966115166217 0.6458570220411535
40 0.6147128582512044 0.6202009259024935
50 0.55195592861854 0.5694256732521766
60 0.48943058604195877 0.5153851619495421
70 0.4490451656213897 0.47832716854701807
80 0.42460807509352194 0.45533681222475947
90 0.40831577047385303 0.43997953466724316
100 0.3960514550760441 0.4284439794801669
200 0.32070783386025586 0.3557266709053491
300 0.2834450498371986 0.3275279497664921
400 0.2662030890911237 0.3221758950875869
500 0.2566334828334979 0.3217488646859876
600 0.2503707831968464 0.32262087429083786
700 0.24581935094732144 0.3240139706631699
800 0.24229639121600008 0.325552436165322
900 0.23945668533859035 0.32698429181691463
1000 0.23710091156634192 0.32816885873278234
================================================================================
=                                   round 4                                    =
================================================================================
1 0.6909206123947669 0.6871354052175357
2 0.671789739282572 0.6658767879740958
3 0.6651851414146018 0.6579826779810914
4 0.662665968115286 0.6545882752387386
5 0.6615880159402864 0.6528704222604028
6 0.6610494132004632 0.6518418301207661
7 0.6607194715010425 0.6511243065384835
8 0.6604694432183769 0.650559086779964
9 0.6602461796170357 0.650072438898704
10 0.6600260380550734 0.6496260179757691
20 0.6564789984658107 0.6445269610818829
30 0.6462144250549945 0.6334748264193905
40 0.6178436593790804 0.6074417132895882
50 0.5604126533853947 0.5588907020997967
60 0.49231704032738316 0.5016221256582265
70 0.4395936892309434 0.45519993833661837
80 0.40436433271254413 0.4223177878276515
90 0.3807548670991116 0.3991912170522942
100 0.36425371801911977 0.38250534267798386
200 0.3107608376619258 0.3269826314577261
300 0.2980844559662524 0.3147361135631587
400 0.2917515825758085 0.30936156548025007
500 0.2875711661292617 0.306199664876641
600 0.284475869483471 0.30413825727154303
700 0.2820587336219994 0.3027279678608378
800 0.28011258785860993 0.30169516384489825
900 0.27851094566137236 0.30086840035991314
1000 0.2771683372799647 0.30015312096420543
2000 0.2699898065697643 0.29603064389343664
3000 0.2666305697416551 0.2946387117117148
4000 0.2644975249313651 0.2933339646884663
5000 0.2629432396894964 0.29173039094193143
6000 0.2617053834653871 0.2896109084018724
7000 0.26064063444664876 0.2864116884977557
8000 0.25967554599294584 0.28262517060243963
9000 0.25879400696382376 0.2795918220670072
10000 0.25796860283513406 0.2768730060452988
11000 0.25718992025751225 0.274264209125431
12000 0.2564565816082329 0.2717830518902143
13000 0.25576814362638506 0.269493779958805
14000 0.2551227491101002 0.26746424837072574
15000 0.25451708854386307 0.2657401190058367
16000 0.25394712902690747 0.26432389885325
17000 0.25340893643699863 0.2631716493585075
18000 0.25289922272055804 0.26221294761148206
19000 0.25241544551340866 0.26137929560620526
20000 0.25195561806547884 0.26062184006715244
21000 0.2515180893726251 0.2599135677982595
22000 0.25110140647944684 0.25924296357152593
23000 0.25070424738083275 0.2586066811501552
24000 0.2503253897116971 0.2580045210756175
25000 0.24996369482804362 0.25743687627488343
26000 0.2496180992146254 0.2569037640627593
27000 0.2492876102603322 0.25640461677361975
28000 0.24897130479057009 0.2559383307047117
29000 0.24866832877709738 0.25550335011496805
30000 0.24837789643504424 0.25509773276672
31000 0.24809928706589804 0.25471922410752584
32000 0.24783183885633717 0.2543653792933263
33000 0.2475749402064635 0.2540337378597426
34000 0.24732802029340015 0.25372201090792507
35000 0.24709054079464887 0.25342822255748787
36000 0.24686199001848594 0.25315076712087836
37000 0.24664187971686605 0.25288838101282196
38000 0.24642974413996388 0.2526400575096356
39000 0.24622514057079378 0.2524049422874426
40000 0.24602765051483674 0.25218224257403116
41000 0.24583688077378693 0.2519711706774548
42000 0.24565246379131694 0.2517709281871566
43000 0.24547405696655994 0.2515807229165237
44000 0.24530134104169646 0.25139980075703233
45000 0.24513401800140938 0.25122747348442304
46000 0.24497180899632842 0.25106313124234775
47000 0.24481445262140444 0.25090623915105087
48000 0.244661703615445 0.2507563244958973
49000 0.24451333187106117 0.25061296192048915
50000 0.24436912160295562 0.25047576125487436
51000 0.2442288705653372 0.2503443593646984
52000 0.2440923892691869 0.2502184154512662
53000 0.24395950019192167 0.2500976086260109
54000 0.2438300369909099 0.24998163671935497
55000 0.24370384373616924 0.24987021563500955
56000 0.24358077417482502 0.2497630788690643
57000 0.2434606910354585 0.24965997701531997
58000 0.2433434653765594 0.24956067719049085
59000 0.24322897598040563 0.24946496236809498
60000 0.24311710879179585 0.24937263063380635
61000 0.24300775639989228 0.24928349438330524
62000 0.242900817560798 0.24919737948476686
63000 0.24279619675816866 0.24911412442609518
64000 0.24269380379907535 0.24903357946390223
65000 0.24259355344235012 0.24895560578795917
66000 0.24249536505677505 0.2488800747116263
67000 0.24239916230660571 0.2488068668960749
68000 0.2423048728621084 0.2487358716137679
69000 0.24221242813295987 0.24866698605451729
70000 0.2421217630225294 0.2486001146760931
71000 0.2420328157012426 0.24853516859983504
72000 0.24194552739737482 0.24847206505098288
73000 0.24185984220377577 0.24841072684245113
74000 0.24177570689915767 0.24835108190041805
75000 0.2416930707827071 0.2482930628297047
76000 0.24161188552089738 0.2482366065165823
77000 0.24153210500547015 0.24818165376658813
78000 0.2414536852216633 0.24812814897490723
79000 0.24137658412583288 0.24807603982683443
80000 0.24130076153170765 0.24802527702586774
81000 0.24122617900456847 0.24797581404719604
82000 0.24115279976272372 0.24792760691424953
83000 0.24108058858569406 0.24788061399642483
84000 0.24100951172858406 0.24783479582581605
85000 0.24093953684215333 0.24779011493136807
86000 0.24087063289814814 0.24774653568864816
87000 0.24080277011949489 0.24770402418377352
88000 0.24073591991498194 0.24766254809008623
89000 0.24067005481809817 0.2476220765563349
90000 0.2406051484297182 0.24758258010514436
91000 0.24054117536434994 0.24754403054083357
92000 0.24047811119969065 0.24750640086552653
93000 0.24041593242924755 0.2474696652028187
94000 0.24035461641780895 0.24743379872812998
95000 0.2402941413595647 0.24739877760515483
96000 0.2402344862386878 0.2473645789277184
97000 0.24017563079221013 0.2473311806665288
98000 0.24011755547503813 0.24729856162033528
99000 0.24006024142695423 0.24726670137102483
100000 0.24000367044148235 0.24723558024227474
================================================================================
=                                   round 5                                    =
================================================================================
1 0.6894516296067218 0.6913710914204169
2 0.669876513094918 0.6729441125685084
3 0.6630687886339642 0.6667992719586766
4 0.6604142516308806 0.6645874720932016
5 0.6592318124933118 0.6637374888176666
6 0.6586053470404271 0.6633826003479617
7 0.6581956728907944 0.6632086122591956
8 0.6578681978178136 0.6630952539752577
9 0.6575655851340996 0.6629944158912983
10 0.6572610749396713 0.6628858937343224
20 0.6520792817620016 0.6601704802942115
30 0.6361585001530086 0.649739639922835
40 0.5935237519434815 0.6180747658701917
50 0.5258464324298993 0.5618032262755002
60 0.46801591871252674 0.5100385100651551
70 0.4308063472887281 0.47620545453623075
80 0.4066185344299025 0.45446278234965504
90 0.38933400592340667 0.43906651549484277
100 0.3758720106297489 0.4270442664323678
200 0.30548879809195667 0.361533692617403
300 0.2766040546143603 0.3398518308766163
400 0.26258802961055294 0.33466680934578835
500 0.25419417923118937 0.33393088101510443
600 0.2484673371683843 0.33424404972632465
700 0.2442266032408866 0.33465855198149697
800 0.24091084868435725 0.33493321913194696
900 0.238217869519648 0.335043469636279
1000 0.23596898993768162 0.33502187181257465
================================================================================
=                                   round 6                                    =
================================================================================
1 0.6913243297115339 0.6949439303553647
2 0.6724812323903101 0.6781708492545017
3 0.6660503609898236 0.6729447229831
4 0.6636315475002655 0.6713260770923577
5 0.6626133502084993 0.6708958924880045
6 0.6621104510302683 0.67085727814449
7 0.66180012761075 0.6709338561577953
8 0.6615574371018528 0.6710282460266879
9 0.6613309276175117 0.671107125101713
10 0.6610974735552594 0.6711601606628511
20 0.6565475960432002 0.6698122387197261
30 0.6402500185587855 0.6597260251807806
40 0.5918398269163091 0.621546199416837
50 0.5146161515934397 0.5504265401088768
60 0.45280871568742653 0.48890201603223266
70 0.4151940910781437 0.45090792379113864
80 0.39146633298813266 0.4272273566232114
90 0.3747826691584037 0.4108711766380031
100 0.36193530249299827 0.39847128007642574
200 0.29736985226068696 0.3413156509346193
300 0.27163745868834316 0.32801735088915046
400 0.25940641159926653 0.32468044096792814
500 0.252253594334308 0.3233240397746929
600 0.24745216991650548 0.32258555985102894
700 0.24393922229438766 0.3220990576393531
800 0.24121358453061406 0.32172535845912426
900 0.23900706609136044 0.3214060324183788
1000 0.23716305238256435 0.3211164892694437
2000 0.22699339510741104 0.3191192523987686
3000 0.2220031040171756 0.31859903184125454
4000 0.21875500282952084 0.3190239370099897
5000 0.21638180351683514 0.31984015895157764
================================================================================
=                                   round 7                                    =
================================================================================
1 0.6840862809908225 0.6839107915363836
2 0.6630564241284959 0.6628993314338354
3 0.6555816547608198 0.655443665700144
4 0.6525190012341553 0.6524178418486482
5 0.6510541082080032 0.6510051506769521
6 0.6502157132991878 0.6502292471824705
7 0.6496344751721032 0.6497166414406408
8 0.6491577532328374 0.6493120285298758
9 0.6487172377478324 0.6489457454797495
10 0.6482795585968151 0.64858405954206
20 0.6416910583674964 0.6430467912362807
30 0.6255486552464816 0.6293835634742324
40 0.5912855603566989 0.5996706812698264
50 0.542977081734307 0.5554467164274138
60 0.5002304407030941 0.5138599273136126
70 0.47154733279640537 0.484758170264544
80 0.4536922828851638 0.4662754149956033
90 0.442336631642312 0.45445547135296194
100 0.43474444724792716 0.44657846603084417
200 0.41138235067277934 0.4233199252520399
300 0.38974455711198147 0.3999346934626261
400 0.3237644451316541 0.3574819093324539
500 0.29962573761538297 0.35077033910810124
600 0.2894390470574254 0.3491167328679904
700 0.2836483015960781 0.3488583902711745
800 0.2798063475967258 0.3489124326121737
900 0.27698099588481967 0.3488810374373131
1000 0.27473754077104884 0.34875895638428966
2000 0.26057456913049365 0.3533764292028408
================================================================================
=                                   round 8                                    =
================================================================================
1 0.6873188050545771 0.6901770860101071
2 0.6674800513206315 0.671901528255855
3 0.6606033665289982 0.665892010305147
4 0.6579072919975651 0.6637555437837824
5 0.6566952472826426 0.6629478214927985
6 0.65604691210952 0.6626142558623359
7 0.6556194058993134 0.6624443621120787
8 0.6552753234978942 0.6623190734026108
9 0.6549556497893032 0.6621911262575996
10 0.6546328901979017 0.6620412985679586
20 0.6493074607030899 0.658309701335614
30 0.634426232416369 0.6460242990532459
40 0.5976966378333933 0.6132385497374029
50 0.53956342365099 0.5578816452140418
60 0.48677636182702017 0.5056765726731107
70 0.4514443217735017 0.47085059742361945
80 0.4283007579305911 0.4487574426058458
90 0.4115788019388997 0.4333969141934843
100 0.3981195886537247 0.4213724292842734
200 0.31051940568069664 0.3504906429154324
300 0.2760908811186923 0.3408924661856292
400 0.2617691956494737 0.3411218660151403
500 0.25373414236059977 0.34118392794282293
600 0.24839537621806418 0.34057825067771724
700 0.24446274523956793 0.3396978287652937
800 0.2413766869650414 0.33877734008857363
900 0.2388524171800885 0.3379146452969769
1000 0.23672691331893217 0.3371425632402848
2000 0.22502968915994823 0.33330477561570426
3000 0.21952606863656537 0.3322673997411768
4000 0.21604164872076587 0.33182879895116024
5000 0.2135318769897783 0.33155269641819685
6000 0.2115900015313813 0.3313468832712467
7000 0.21001735988889975 0.331188741659398
8000 0.2087025981437007 0.33106917196873775
9000 0.2075773077415858 0.3309816525764285
10000 0.20659661347481867 0.330920537847592
11000 0.20572958285935103 0.3308809489687133
12000 0.20495404854185503 0.3308587879942545
13000 0.20425361727234323 0.3308506836187741
14000 0.20361584680965164 0.33085389282380456
15000 0.20303108505595038 0.3308661928716461
16000 0.20249170345581444 0.33088578205335045
17000 0.20199157488716463 0.3309111957680315
18000 0.20152570851004772 0.3309412385278508
19000 0.20108998843211282 0.3309749300538349
20000 0.20068098285225594 0.331011462957105
21000 0.20029580215824733 0.3310501695896401
22000 0.19993199172535403 0.3310904960088318
23000 0.19958744976283624 0.3311319814104717
24000 0.19926036353742343 0.33117424175717536
25000 0.19894915927929346 0.33121695663585066
26000 0.1986524624123058 0.3312598586175407
================================================================================
=                                   round 9                                    =
================================================================================
1 0.6887978058121697 0.6925981305378878
2 0.6695521975284563 0.6752092707706536
3 0.6629904067388821 0.6697233175136305
4 0.6604892527363053 0.6679346899705901
5 0.6594075317231661 0.6673697148109486
6 0.6588533334066737 0.6672124546569228
7 0.6585002347513262 0.6671767915324872
8 0.6582206976879433 0.6671597819336536
9 0.6579617163001977 0.6671249889074446
10 0.6576995253282392 0.6670604761875315
20 0.6533116715736085 0.6643636707315101
30 0.6408660127967402 0.6543528557389036
40 0.6087555594016075 0.6257392032233047
50 0.5521608111598193 0.5716677644667335
60 0.4942970677247342 0.5138495932692797
70 0.45249704359274123 0.47233993925058393
80 0.4234972956700917 0.4457196366649126
90 0.4011699077471429 0.4278533520364252
100 0.38240720308396203 0.41489368780359787
200 0.30168740979803776 0.37718813677564095
300 0.28350456089778336 0.3746427289681471
400 0.2749155232970179 0.3735630462241069
500 0.26942895062698874 0.3727471167642813
600 0.26538816114706193 0.3724019261438547
700 0.26216084533050593 0.37268262916482764
800 0.25945295445643046 0.37359007285431056
900 0.2571132788067545 0.3749940615129125
1000 0.2550577021861188 0.3766906035268297
================================================================================
=                                   round 10                                   =
================================================================================
1 0.6866708381781192 0.6916104809189696
2 0.6667049373972878 0.6741032676330949
3 0.6597901504246191 0.6686417822658
4 0.6570737879355278 0.6668926952594991
5 0.6558436321170392 0.6663619330168892
6 0.6551768732652127 0.6662301727175755
7 0.6547308703114628 0.6662115049140312
8 0.6543688341010298 0.6662042200524831
9 0.6540322625031166 0.666173340293424
10 0.6536940305282104 0.6661082796668217
20 0.6483820821947617 0.6633259782038305
30 0.6346884643908022 0.6536148356770531
40 0.6024128908616562 0.6278660992042858
50 0.5471690225549212 0.5805522324843339
60 0.48583711399717955 0.5263178564061676
70 0.4359933573715921 0.48288399131835086
80 0.4004987411127764 0.4534623083441416
90 0.37587211303653717 0.43442109999595957
100 0.3584193074479922 0.42202128674349615
200 0.3010091775411662 0.3956137842828646
300 0.28667925629320024 0.3944325476715161
400 0.27965486449663063 0.39368681596753086
500 0.27520797921232404 0.39264264802183824
600 0.271991690215313 0.3915905968869701
700 0.2694772421443996 0.39070085062458887
800 0.26741168576447544 0.3900274653802453
900 0.2656560528571471 0.3895664555835826
1000 0.264126215559045 0.38928711717192155
2000 0.2548204433123284 0.3880998797597113
3000 0.250016803029592 0.38437031386627557
4000 0.24672881610809763 0.38167465021781194
5000 0.24413387452779456 0.37916816137516246
6000 0.24123169677020237 0.3764273586069039
7000 0.23924631626959794 0.37778001955606716
8000 0.23779374494150474 0.37962144434872896
9000 0.23657333412342454 0.3811601886897935
10000 0.23551599282100996 0.38249904088618675
11000 0.23458390277461863 0.38364325013783324
12000 0.23375194707071517 0.38460264599348776
################################################################################
#                                    setup                                     #
################################################################################
min_iteration : 1000
max_iteration : 100000
update_ratio : 0.01
hidden_layer : 1
hidden_layer_width : default
momentum : 0.5
################################################################################
#                                   summary                                    #
################################################################################
+-------+-------+------+-------+-------+--------+----------+-------+
| round | learn | test | train | valid | i      | MSE      | error |
+-------+-------+------+-------+-------+--------+----------+-------+
|     1 |   160 |   18 |   107 |    53 |   7033 |  0.26763 |     3 |
|     2 |   160 |   18 |   107 |    53 |   3512 | 0.274868 |     1 |
|     3 |   160 |   18 |   107 |    53 |    468 | 0.321677 |     1 |
|     4 |   160 |   18 |   107 |    53 | 100000 | 0.247236 |     4 |
|     5 |   160 |   18 |   107 |    53 |    494 | 0.333929 |     1 |
|     6 |   160 |   18 |   107 |    53 |   2934 | 0.318597 |     1 |
|     7 |   160 |   18 |   107 |    53 |   1163 | 0.348592 |     1 |
|     8 |   160 |   18 |   107 |    53 |  13184 |  0.33085 |     1 |
|     9 |   161 |   17 |   108 |    53 |    607 |   0.3724 |     2 |
|    10 |   161 |   17 |   108 |    53 |   6163 |   0.3763 |     2 |
+-------+-------+------+-------+-------+--------+----------+-------+
################################################################################
#                                  statistics                                  #
################################################################################
+-----+---------+----------+-----+---------------+
|     | i       | accuracy | SE  | 95% CI        |
+-----+---------+----------+-----+---------------+
| ann | 13555.8 |     90.4 | 5.6 | (77.9, 100.0) |
+-----+---------+----------+-----+---------------+
