================================================================================
=                                   round 1                                    =
================================================================================
selected eigenvectors:
0 : [0.5283132617004564, -0.28151300053850287, 0.5775345863744004, 0.555057951551533]
1 : [-0.38115987525327827, -0.9213266349800763, -0.03477029072731745, -0.06830379239787512]
================================================================================
=                                   round 2                                    =
================================================================================
selected eigenvectors:
0 : [0.507210444072878, -0.2839129742652831, 0.5820720695387316, 0.5686150669214907]
1 : [-0.3916831893612769, -0.9164807678906858, -0.03280119408681185, -0.07464156298441638]
================================================================================
=                                   round 3                                    =
================================================================================
selected eigenvectors:
0 : [0.5383012451364416, -0.23025124850506332, 0.5841624508734021, 0.5621124113876125]
1 : [-0.36774198610639386, -0.9293508725926743, 0.003859559762184987, -0.032525237342743284]
================================================================================
=                                   round 4                                    =
================================================================================
selected eigenvectors:
0 : [0.5226227682012997, -0.2600264796526987, 0.5788649690704464, 0.5693566717094886]
1 : [-0.3680011334051575, -0.9274429370177346, -0.022954121537357788, -0.06243294557271393]
================================================================================
=                                   round 5                                    =
================================================================================
selected eigenvectors:
0 : [0.516998695717521, -0.2557285454930681, 0.5838198374531629, 0.57137523313716]
1 : [-0.35952942293134427, -0.9301824023902836, -0.018880153596174433, -0.07171354216799176]
================================================================================
=                                   round 6                                    =
================================================================================
selected eigenvectors:
0 : [0.5211829050072366, -0.2808173352228977, 0.58008136304862, 0.5594779852775121]
1 : [-0.3852108341266699, -0.9196576389012432, -0.0322860199237478, -0.06928241767943961]
================================================================================
=                                   round 7                                    =
================================================================================
selected eigenvectors:
0 : [0.5221714131957963, -0.2795248208307099, 0.5787015915159199, 0.5606312136847236]
1 : [0.3677755298103932, 0.9253548899908882, 0.031347336549947064, 0.08646867487050168]
================================================================================
=                                   round 8                                    =
================================================================================
selected eigenvectors:
0 : [0.5267087073451032, -0.25394867652114594, 0.5818756988669744, 0.5652509870562625]
1 : [-0.3611272820585957, -0.9301420359915781, -0.01645883585708569, -0.06443590425098746]
================================================================================
=                                   round 9                                    =
================================================================================
selected eigenvectors:
0 : [0.5156739003707532, -0.2590739420273972, 0.5819643207704347, 0.5729560632273701]
1 : [-0.365963854511095, -0.9273872296320326, -0.013287882442591204, -0.0764644733650733]
================================================================================
=                                   round 10                                   =
================================================================================
selected eigenvectors:
0 : [0.5231905365874172, -0.2482483774705086, 0.5823337696385376, 0.5705539293066006]
1 : [-0.37535423174003024, -0.9256089818937683, -0.011028409000708882, -0.04728200024688315]
################################################################################
#                                    setup                                     #
################################################################################
k : 5
distance-weighting : false
PCA : true
PCA-energy-ratio : 0.9
################################################################################
#                                   summary                                    #
################################################################################
+-------+-------+------+-------+
| round | learn | test | error |
+-------+-------+------+-------+
|     1 |   135 |   15 |     0 |
|     2 |   135 |   15 |     0 |
|     3 |   135 |   15 |     2 |
|     4 |   135 |   15 |     3 |
|     5 |   135 |   15 |     0 |
|     6 |   135 |   15 |     0 |
|     7 |   135 |   15 |     2 |
|     8 |   135 |   15 |     1 |
|     9 |   135 |   15 |     2 |
|    10 |   135 |   15 |     1 |
+-------+-------+------+-------+
################################################################################
#                                  statistics                                  #
################################################################################
+-----+----------+-----+---------------+
|     | accuracy | SE  | 95% CI        |
+-----+----------+-----+---------------+
| knn |     92.7 | 7.0 | (77.1, 100.0) |
+-----+----------+-----+---------------+
