================================================================================
=                                   round 1                                    =
================================================================================
================================================================================
=                                   round 2                                    =
================================================================================
================================================================================
=                                   round 3                                    =
================================================================================
================================================================================
=                                   round 4                                    =
================================================================================
================================================================================
=                                   round 5                                    =
================================================================================
================================================================================
=                                   round 6                                    =
================================================================================
================================================================================
=                                   round 7                                    =
================================================================================
================================================================================
=                                   round 8                                    =
================================================================================
================================================================================
=                                   round 9                                    =
================================================================================
================================================================================
=                                   round 10                                   =
================================================================================
################################################################################
#                                    setup                                     #
################################################################################
k : 3
distance-weighting : false
PCA : false
PCA-energy-ratio : 0.9
################################################################################
#                                   summary                                    #
################################################################################
+-------+-------+------+-------+
| round | learn | test | error |
+-------+-------+------+-------+
|     1 |   512 |   57 |     5 |
|     2 |   512 |   57 |     1 |
|     3 |   512 |   57 |     2 |
|     4 |   512 |   57 |     2 |
|     5 |   512 |   57 |     2 |
|     6 |   512 |   57 |     3 |
|     7 |   512 |   57 |     0 |
|     8 |   512 |   57 |     2 |
|     9 |   512 |   57 |     2 |
|    10 |   513 |   56 |     2 |
+-------+-------+------+-------+
################################################################################
#                                  statistics                                  #
################################################################################
+-----+----------+-----+--------------+
|     | accuracy | SE  | 95% CI       |
+-----+----------+-----+--------------+
| knn |     96.3 | 0.7 | (94.7, 97.9) |
+-----+----------+-----+--------------+
