================================================================================
=                                   round 1                                    =
================================================================================
selected eigenvectors:
0 : [0.2750042943948083, 0.2940652504407739, 0.3041958009906667, 0.2686208860977384, 0.08382816320323304, 0.10077065632121732, 0.3167808584879695, -0.3144162759586846, 0.3140070117175973, 0.28104922008756517, 0.30982222654374997, 0.31376302138650136, 0.27280501282921465, -0.018077209905231723, 0.04270229236094855, 0.0507750447354326, 0.026073871208834563, 0.07042369155866224]
1 : [0.12665270391306596, -0.12687767985875184, 0.07334455278231462, 0.19213336899098604, 0.12309843240978968, -0.024989178556763365, -0.0441738298074862, -0.017223473957275217, -0.05735398966278655, -0.1158181058392561, -0.061191053582751995, -0.04835459606965617, -0.2016156742139641, -0.49488859856732853, 0.05076868796547246, 0.11572833742699305, 0.5416354541213136, 0.5383789834935068]
2 : [0.11494647167958451, 0.039976333876727776, 0.05640173490507354, -0.2723383474919048, -0.6363058711194535, -0.5996775516070583, 0.09664822270477534, -0.0592396691965141, 0.10859449692924075, 0.02729690807393215, -0.060472414067517584, 0.10725028359141373, 0.041311355411795724, -0.2905695814091, 0.10737165070157371, 0.055103687713931364, -0.014290764263872283, -0.043442832451601306]
3 : [-0.07330736651846916, -0.19095761822346324, 0.07835733115900025, 0.04635468960203236, -0.0362736710175345, -0.04515562860988781, 0.09804392972153422, -0.0881300974034392, 0.0962234989328829, -0.19208270983776715, 0.11990896601754047, 0.0948085481753888, -0.20481892833443419, 0.06269897880055653, -0.5866992288445116, 0.6745070807374615, -0.10917792609125426, -0.05137257192543934]
4 : [0.07132186065207688, -0.07404825327361289, 0.039237450382157535, -0.049886405829701025, -0.05383440381989937, 0.20057985935899825, -0.018777159591238622, 0.07874405935385202, -0.0022790204859667222, -0.05053605281272185, -0.0055418497113222795, -0.02130896800147353, -0.05073901675800785, 0.128822341653968, 0.739319758196853, 0.5986208370969963, -0.09008558985893717, -0.02118127660092975]
================================================================================
=                                   round 2                                    =
================================================================================
selected eigenvectors:
0 : [0.2712775115061924, 0.29479250054511313, 0.3060281784138178, 0.27280624868922604, 0.08848551773952275, 0.09917917396407926, 0.31583671744874403, -0.31533961967550084, 0.31222122861382756, 0.28150222983208656, 0.30986363006096945, 0.3123914998725594, 0.27024194983360433, -0.02435452325285079, 0.030953673046118728, 0.052806550281192764, 0.03195340820912089, 0.07648685665631333]
1 : [0.12354345195079315, -0.13156398675775374, 0.06862197211524161, 0.191027042436569, 0.13409920369261688, 0.008139989483537656, -0.051081843850911586, -0.007958751396768628, -0.06376987588834895, -0.11750442933959399, -0.060403360018896214, -0.054827818077553866, -0.21062045383539407, -0.4781195338968198, 0.05770976560445215, 0.1257833984936828, 0.5438867549242002, 0.5413442381335881]
2 : [0.1299886334198717, 0.029007163177281116, 0.06064675206650428, -0.2767200362382483, -0.6463636629519135, -0.5740007395302339, 0.09698165895695014, -0.05943853129462664, 0.10937691110972717, 0.013960936846355564, -0.055680143867270694, 0.10785163775492355, 0.03145358587219693, -0.28558458163414463, 0.15706870184842914, 0.08377640275181535, 0.011936849714015903, -0.023203763312686546]
3 : [-0.0741115497383993, -0.1793906546188649, 0.07551403318272525, 0.034407550953067925, -0.04844636693751175, -0.046072578004112685, 0.09414501414040763, -0.0833807680420646, 0.09210364353800496, -0.18004506503386836, 0.1059539238256201, 0.09049910096796612, -0.1961837630235346, 0.04887899387526006, -0.624476436441872, 0.6559276605780172, -0.10792431114858714, -0.045852242024870066]
4 : [0.05114665244901062, -0.078634644249185, 0.04633898160723621, -0.03211650742331598, -0.020121049332751956, 0.23720297242960173, -0.01585912065456731, 0.07523261670648493, 0.0009038271912856721, -0.05201455580885868, 0.010306139348316493, -0.019331698250501485, -0.06144268083596753, 0.15418550681205795, 0.7073661367280286, 0.6176131209612632, -0.1082979155194349, -0.03412306724579887]
================================================================================
=                                   round 3                                    =
================================================================================
selected eigenvectors:
0 : [0.27908401167805374, 0.29557391252761006, 0.30408543764297735, 0.26143299668965286, 0.06830755573969315, 0.08823667207183972, 0.3188630116271709, -0.3125921756629335, 0.31751639097895545, 0.2810524674050839, 0.3087187872392822, 0.3170785922534738, 0.27507660465744427, -0.019413186254320175, 0.046231817859612674, 0.05516560835392449, 0.022822377848595695, 0.06852096651103973]
1 : [0.12892832833623913, -0.13281230180748724, 0.0729158805572716, 0.21113901698390636, 0.16231942343109615, 0.021171786081812347, -0.04774276487441903, -0.015103598747930203, -0.061680174326721286, -0.1188209623192464, -0.052513750069613084, -0.052917117146011314, -0.21178626724127403, -0.4627654961577751, 0.058007088463255745, 0.1196924694481387, 0.542566155560076, 0.54035487237919]
2 : [0.1617616806256928, 0.01646539252412374, 0.03937635935868751, -0.2881100670013734, -0.6406654284480956, -0.5077748121337557, 0.06975477716370485, -0.019554879927883257, 0.08483643558511193, 0.000981941720356927, -0.04091673186921402, 0.08607703410772354, 0.021252905576946077, -0.24289067345321294, 0.36580068439296476, 0.05443045197839097, 0.054462161645195545, -0.0006640573053843801]
3 : [0.05050200151539552, 0.1884620356849723, -0.07578932525648506, 0.004294599355192337, 0.15007386587905633, 0.13203260673633346, -0.11347074883409657, 0.09325199603149888, -0.11271390807721869, 0.1921829838785181, -0.1196135582725669, -0.11415773003571708, 0.20513927786282743, -0.025257379438145235, 0.551224211291369, -0.6783895509254981, 0.09196369211617353, 0.049262717496495176]
4 : [-0.016380139208983707, 0.06746512155573842, -0.04492747452761593, -0.0035119427624813572, -0.0885372814262313, -0.32856771439757554, 0.03699105020520562, -0.08139631694932135, 0.024828398682898354, 0.03494733560481124, 0.018585126885519825, 0.04814578082239446, 0.0512331094898503, -0.17098300971042352, -0.6793713573655276, -0.5939061555135348, 0.1336704547807529, 0.029344201892718105]
================================================================================
=                                   round 4                                    =
================================================================================
selected eigenvectors:
0 : [0.27570224795146686, 0.2967422610156265, 0.3018722479395634, 0.26924443174717705, 0.08345653484685009, 0.0986222900924402, 0.31660759902157337, -0.31202927417974163, 0.3133269438156292, 0.2835158923374287, 0.30993444570368744, 0.3146367656588934, 0.27153130003787407, -0.01866723374605157, 0.04071405261657101, 0.05478052476256626, 0.026749634652615623, 0.07040176541393174]
1 : [0.13298827323077456, -0.12478755775426782, 0.07883629977876738, 0.18214885657274799, 0.10851960397520849, -0.03026799275818361, -0.044493519742912026, -0.014681006439421322, -0.05748478744476535, -0.11174340946325984, -0.06455911582573548, -0.04868034563168755, -0.20357763297567302, -0.49626093398412807, 0.06119117797583648, 0.1298443419186791, 0.5396594554946971, 0.5390521320266548]
2 : [0.11521161281496882, 0.03707447228011779, 0.05324781506973879, -0.27414178261161326, -0.6410781764917569, -0.5985430196847917, 0.09948001220335298, -0.05969441663207365, 0.11113468898952616, 0.023712697658878575, -0.05592486348971972, 0.11100840878896455, 0.0385508496156011, -0.27868207990643257, 0.10163121183854419, 0.055513860010066765, -0.02308140872400563, -0.05666629269810281]
3 : [-0.07951403655887668, -0.1751204510030715, 0.06690320170283713, 0.03989503436573555, -0.03863505739973813, -0.037320310581153315, 0.0948458549669947, -0.08548052570891798, 0.09233251061972442, -0.17350808767263232, 0.1124413721344598, 0.09219667026090828, -0.19360180373597197, 0.05636505069096916, -0.6459635614733075, 0.6394022272993396, -0.09730384674450022, -0.04183395267539745]
4 : [0.07305172640609212, -0.0878485485049171, 0.046991306689833576, -0.055114996058929874, -0.072554126601812, 0.21819644707997288, -0.010301909867692681, 0.07424152196273553, 0.0053204763611309665, -0.05815260908730336, 0.0022004697095592473, -0.01270604800039716, -0.07126467899342477, 0.13742224885812013, 0.6923056908172605, 0.6353520497585079, -0.1068201766097555, -0.03603766744023781]
================================================================================
=                                   round 5                                    =
================================================================================
selected eigenvectors:
0 : [0.27626075521252, 0.2937416378397797, 0.30332161566887006, 0.2627746518100558, 0.07392647824098789, 0.09507268173128053, 0.31883527637362485, -0.31390641459004953, 0.3161954839833724, 0.28134543605056817, 0.3123466545498216, 0.31661615549880806, 0.2721263381167409, -0.0125221175037888, 0.041337518805479874, 0.06324918907970725, 0.021827650777287457, 0.06563467477983896]
1 : [0.12822376025335241, -0.12233546120468623, 0.08335551902989505, 0.18911955942774622, 0.11404477982113134, -0.006220133155332101, -0.04396938727224784, -0.014573211539874014, -0.056015375178484414, -0.10435534114596008, -0.06303831543020941, -0.04875778204308043, -0.20274497075626208, -0.4946401799500454, 0.06871895223394157, 0.12812301964539402, 0.5370377744095061, 0.543127103043893]
2 : [0.11603118168297105, 0.02930659949928819, 0.051281579832220696, -0.277230480859995, -0.6418455112724709, -0.589587865635971, 0.09541140223813206, -0.05520970099237513, 0.10933914609404748, 0.018689844256411053, -0.06370199603059334, 0.10681875435773917, 0.03285962235460068, -0.28890715226381586, 0.11946538093353642, 0.07299219019199242, -0.016561850372471244, -0.04760893458162597]
3 : [-0.08294547316638569, -0.18402582605351275, 0.06183650756230263, 0.04550548729791989, -0.03265559218666803, -0.04582930364806943, 0.09353274167340812, -0.08460143233714504, 0.08948323931428992, -0.18895072441363153, 0.11378155286378595, 0.09005894155789995, -0.19310258589499354, 0.055602810111438965, -0.6247020267344722, 0.6538867736345819, -0.09822847357153035, -0.04088302409291164]
4 : [0.06019266822763793, -0.09875493837638294, 0.03890643470459545, -0.03751270186748664, -0.029824745772510777, 0.18803846515037836, -0.01188687906336924, 0.06838346707839173, 0.003165206725702945, -0.08257730322767357, 0.01248950727037265, -0.014563241627349026, -0.06767764282207561, 0.16686916063271087, 0.7190335961002116, 0.6109956060887456, -0.10546481018895441, -0.03958990348016298]
================================================================================
=                                   round 6                                    =
================================================================================
selected eigenvectors:
0 : [0.27312849430079794, 0.2957968113352656, 0.30664901342585626, 0.2691600761538687, 0.08170612747932574, 0.09976050397465663, 0.31574605985041415, -0.31309627923358635, 0.31245163299307127, 0.2837647115114186, 0.30716032139253785, 0.3127383701952569, 0.2705526551507434, -0.027022984290824493, 0.0508691419241288, 0.05496039245849105, 0.032540895424810395, 0.07857489026243708]
1 : [0.13151431631812371, -0.13062760725379804, 0.0753998974947135, 0.1748141746665843, 0.09144153786523262, -0.03610947771697453, -0.04574729753001342, -0.014229567562450727, -0.057821671987425, -0.11943500429569613, -0.06612596085323333, -0.04999836223418362, -0.20839228454873007, -0.5037565854933693, 0.05279276337146744, 0.12829181702153114, 0.5380908589545127, 0.5356942246125327]
2 : [0.1087718879437403, 0.03902285982652796, 0.05191486802988689, -0.2781614292672066, -0.6404447068320339, -0.6029001947765757, 0.0995576829718015, -0.0603456097542837, 0.11178281437757832, 0.025687875325517386, -0.05646274946094315, 0.11038145285602698, 0.042127685608553386, -0.26884115755618493, 0.0926664468784357, 0.05619429761505152, -0.03300339497403162, -0.0628791789944668]
3 : [-0.07244657358186912, -0.18636287358392395, 0.08241470039380566, 0.03652038291422226, -0.04298267379475632, -0.0012535494068780075, 0.09516442086039441, -0.07474855562035639, 0.09454418548106404, -0.18281257692808878, 0.11495041679477608, 0.09126447131924291, -0.20141571738852657, 0.0786572250403655, -0.5291965477234032, 0.7263363128771162, -0.12073882038935901, -0.05053093155255936]
4 : [0.08314423779051544, -0.05966144304378368, 0.029319198915086185, -0.06257408860207841, -0.05625701808200928, 0.19984661573948256, -0.02913734894485546, 0.08730657525801827, -0.012719777866741052, -0.03383420961124752, -0.0175891849905446, -0.030748610158113088, -0.03287399631108162, 0.12705520682130456, 0.7860108041058218, 0.536308114579907, -0.0863824051422406, -0.022159531635366783]
================================================================================
=                                   round 7                                    =
================================================================================
selected eigenvectors:
0 : [0.271519696475781, 0.2957582814673502, 0.30374476062554057, 0.2656864793821619, 0.07594919209826137, 0.09312293261418278, 0.318332489085557, -0.3144814137621433, 0.3154516769053351, 0.28403962357989293, 0.30885454892352765, 0.3156432318607489, 0.2713298113724281, -0.02315486092185135, 0.03986824512331643, 0.06418883126862682, 0.02811079745562673, 0.07357751249358596]
1 : [0.127310640612556, -0.12825032077744433, 0.07430240100703073, 0.18685405456007298, 0.11698894109992727, -0.011142880735424575, -0.04719756677440973, -0.01431018922734543, -0.05969596564655594, -0.11455523963348588, -0.061372758896573225, -0.05171588659915921, -0.20348749976997374, -0.4876237469987542, 0.05567627603254952, 0.10766390304544712, 0.5477853621225464, 0.5418428701753523]
2 : [0.12218028934308632, 0.018221668763934634, 0.06221295523268056, -0.28027689074383555, -0.658984263569187, -0.5729533085510152, 0.09597366353458014, -0.05138860512600886, 0.10963214532429498, 0.007942722631386283, -0.05267721445216223, 0.10762031553440579, 0.017373534603933927, -0.276276557476676, 0.08902427930533795, 0.12281099040258686, -0.016457127312405947, -0.039727624711450645]
3 : [-0.07109806377812897, -0.19379452668051025, 0.07036662012030899, 0.054143687535706836, -0.010508054580892654, 0.02104034339908964, 0.08744448828195185, -0.074739603533187, 0.08736428120445246, -0.1935114629734379, 0.11851713071015056, 0.08422179028428597, -0.21347996816012424, 0.07645711112697617, -0.6101264039692029, 0.659401633784864, -0.09664066937223369, -0.04095987370843163]
4 : [0.06153599492126612, -0.08404625845002223, 0.0434491947947954, -0.03993635868133146, -0.025726465624198617, 0.22319006570333388, -0.019648323966507116, 0.07752678688788482, -0.0010903683755756552, -0.059477746852379935, -0.003750090748337204, -0.023107038101486368, -0.06179415851272617, 0.14426114476299434, 0.7317805376374097, 0.5956980077387463, -0.0963400151071008, -0.020924410051270506]
================================================================================
=                                   round 8                                    =
================================================================================
selected eigenvectors:
0 : [0.2754549192361624, 0.29554127627344917, 0.30192852890518357, 0.26828790395928964, 0.08564638679477349, 0.09644986933662374, 0.3165003443231971, -0.3133181364162608, 0.3128738037250495, 0.28280067046797425, 0.31039555728631885, 0.31415725451266185, 0.27386090057531526, -0.016580420393563323, 0.03734026255844444, 0.05388004890835224, 0.030905520796938875, 0.07230818736848368]
1 : [0.13088367585821623, -0.132331785303072, 0.08221245696783482, 0.18381229390511106, 0.1065926698515248, -0.020523373984647996, -0.043505373003389934, -0.016743587879619264, -0.056212185155800155, -0.11404360904936522, -0.061679380904648064, -0.04881082787692908, -0.21189370059103474, -0.4971246338509482, 0.0370958277325004, 0.1408133626514188, 0.5345777646428098, 0.5380458286890517]
2 : [0.11372583321896698, 0.03662017393159284, 0.0543784893361854, -0.2718568061725601, -0.6349282894240139, -0.6049515558578877, 0.09898211681644337, -0.05974338862410059, 0.11164053293883884, 0.02025703043852908, -0.05626245062492836, 0.11038569775008744, 0.041928777775124396, -0.27953328338094424, 0.10568945986860871, 0.06382781212787393, -0.020530470582820676, -0.05107007740548529]
3 : [-0.07434714933628546, -0.18309089629191724, 0.06218887335132909, 0.03918823049923545, -0.03327699706204987, -0.031207048818140518, 0.09491587448176705, -0.07812345106003477, 0.09251058318525734, -0.1879449860818707, 0.11956940589494318, 0.09269281110531762, -0.18956594072875335, 0.08676686930325253, -0.5668158234517415, 0.6986211906288998, -0.11978375340262938, -0.0664797849280241]
4 : [0.08392727647624938, -0.07645337390442289, 0.0436653162488511, -0.05603001376986195, -0.06070803251679488, 0.2209645700288388, -0.017090552405675658, 0.08071020279965445, 0.0018292376763821895, -0.05155033369488179, -0.004331613640496202, -0.018459193427980535, -0.053810195105423515, 0.13199112902418336, 0.7581999513314811, 0.5613976331877917, -0.09404047987177193, -0.02307548058226412]
================================================================================
=                                   round 9                                    =
================================================================================
selected eigenvectors:
0 : [0.27750028162299156, 0.29309861201013826, 0.3070498022500909, 0.26957060678862393, 0.0812783007883519, 0.09824817231096251, 0.31567630309454653, -0.313610726317382, 0.3121946706561916, 0.28096498262280784, 0.30635482349836163, 0.3124431201211785, 0.26717007319844843, -0.033611308861650084, 0.04223598390498858, 0.06764743440877724, 0.039462670943686176, 0.08700047954770133]
1 : [0.12384367326247724, -0.13518182043604263, 0.07170607937268211, 0.17858934458046502, 0.11236974281417014, -0.025649307792262807, -0.053947616077571085, -0.005817546301202113, -0.06636847360769935, -0.12158339708658004, -0.06862592344258102, -0.057578348359687, -0.21456385476083148, -0.49595559949698836, 0.06082431711456716, 0.11726174050606533, 0.5401553624256028, 0.5335581086829803]
2 : [0.1141059284869087, 0.0328225819902791, 0.0546427248380769, -0.2718173149251667, -0.636171302324113, -0.598139605926587, 0.09769766413657908, -0.05578002399789905, 0.11271511312505554, 0.025840103979138128, -0.06511290193776839, 0.10805832598978252, 0.029386911311769123, -0.2922538401191808, 0.08676515266796801, 0.0834132508288535, -0.030681231298863708, -0.05384216906789466]
3 : [-0.07341246761025902, -0.18160480776052634, 0.05824180515338592, 0.05286694792771127, -0.01622436564736988, -0.03390695492365027, 0.09017376219893172, -0.08333930742378949, 0.084868876333418, -0.18496508565501005, 0.11867175480558294, 0.08751501024817403, -0.1961468759896321, 0.06866599068516997, -0.6530035199158635, 0.6298094162658081, -0.08888675369509468, -0.04042255082172811]
4 : [0.06743863221513918, -0.09985201130121306, 0.04017990739678484, -0.040804961071173075, -0.04652324856205291, 0.19036705110692834, -0.00873756185971442, 0.06867968866444257, 0.00970049224370765, -0.0804436920776909, 0.006335633672964545, -0.011384894330807678, -0.0762162892527024, 0.1466557064504623, 0.6962449270258195, 0.6384135553328742, -0.10551917780940398, -0.03859845028141454]
================================================================================
=                                   round 10                                   =
================================================================================
selected eigenvectors:
0 : [0.27313021828972245, 0.29538466056843377, 0.30391777477314524, 0.26879953852550376, 0.08469323400860779, 0.0988719124802545, 0.31611992995786836, -0.3125179691545913, 0.31255974678346193, 0.28304621197130986, 0.3103349409668777, 0.3137417825173899, 0.27307145627171936, -0.01772438858670298, 0.044151547256987875, 0.05821975956552048, 0.030646691885733757, 0.07259450228082918]
1 : [0.12828185563680072, -0.1309710473827934, 0.07824929713688299, 0.18431342417148885, 0.10547625110989321, -0.019577906936186176, -0.04349126254065593, -0.01694998647319537, -0.05656814258042281, -0.11708324225431098, -0.06179151312581198, -0.04838116973705547, -0.21178408009635746, -0.4942365139624499, 0.061685706423503676, 0.13393215395623653, 0.5385671426684625, 0.5372350702559181]
2 : [0.10846604320679847, 0.03735262766029362, 0.056087923010573915, -0.2742772478211611, -0.6399414892479985, -0.6009035118931194, 0.09965250034817948, -0.06274440669081638, 0.11132861049075654, 0.02401403912127281, -0.05573645641254743, 0.11003944536062647, 0.041018427469858725, -0.2816001874979034, 0.0867694202440935, 0.06667135562894907, -0.020912053977976842, -0.04909128837208821]
3 : [-0.08341319872368473, -0.1838278172554261, 0.0697703827656811, 0.041457819028685734, -0.034353860758952595, -0.01789591005186446, 0.09495200225962375, -0.08371569514944292, 0.09142307907460509, -0.18276676656099627, 0.11993305409469716, 0.09196797969337141, -0.19625889577761899, 0.07506390091017827, -0.6095476313222653, 0.6647925546431769, -0.10353162778666775, -0.046539758436810776]
4 : [0.06198809691865581, -0.07699733433535035, 0.03994335704201593, -0.06324761778394898, -0.06987695250172346, 0.20588482201118236, -0.01732116032762976, 0.07880850875871552, 0.001097850639032888, -0.04608809253276711, -0.002205657742369787, -0.020010927324607013, -0.049736186255755974, 0.14088085129702943, 0.7251990723159641, 0.6072924316429941, -0.10193357277564691, -0.029850190858720954]
################################################################################
#                                    setup                                     #
################################################################################
k : 1
distance-weighting : false
PCA : true
PCA-energy-ratio : 0.9
################################################################################
#                                   summary                                    #
################################################################################
+-------+-------+------+-------+
| round | learn | test | error |
+-------+-------+------+-------+
|     1 |   761 |   85 |    35 |
|     2 |   761 |   85 |    39 |
|     3 |   761 |   85 |    38 |
|     4 |   761 |   85 |    46 |
|     5 |   761 |   85 |    39 |
|     6 |   761 |   85 |    33 |
|     7 |   762 |   84 |    31 |
|     8 |   762 |   84 |    32 |
|     9 |   762 |   84 |    40 |
|    10 |   762 |   84 |    34 |
+-------+-------+------+-------+
################################################################################
#                                  statistics                                  #
################################################################################
+-----+----------+-----+--------------+
|     | accuracy | SE  | 95% CI       |
+-----+----------+-----+--------------+
| knn |     56.6 | 1.7 | (52.9, 60.4) |
+-----+----------+-----+--------------+
