================================================================================
=                                   round 1                                    =
================================================================================
selected eigenvectors:
0 : [0.5133463365867186, -0.24172216021689436, 0.09278180413651542, -0.43567439058538593, -0.14382519989145517, -0.27257305780052643, 0.504821453798743, -0.3151281618987302, 0.17462267774434165]
1 : [0.26473158937289776, 0.36915456720150813, -0.5966749690535654, 0.20176515792845945, -0.07453183517269067, -0.25395158020217395, 0.34935112683839464, 0.4319535751199777, -0.13503848721687167]
2 : [-0.1903466286725096, 0.2508526910882157, 0.12604168279594527, -0.33819487839506635, 0.5406234866795072, -0.6526711475330115, -0.1376925016568631, -0.0018206525303767298, -0.1826551006470819]
3 : [-0.15869121419099555, -0.5028146744448996, -0.4119164952937586, 0.16541452392298975, 0.6372826559942893, 0.12726554057140635, 0.2748980965570913, -0.12251881879434097, 0.10978074505191891]
4 : [-0.06217689840364755, 0.11940404251514207, 0.010944108120152491, 0.09485994415384201, 0.023970660526393787, -0.2026023927154226, -0.11567848096434763, 0.17962989724783113, 0.9410036091242997]
5 : [0.131668578050639, -0.5893082097419511, 0.328783183203386, 0.31631257890930137, -0.07677565779408739, -0.3780411901583924, -0.06689597039560802, 0.5053210595294296, -0.13635652975215495]
6 : [-0.18622862911928303, 0.09725234197605917, 0.055865647474426884, 0.628421713140837, -0.1872501219885513, -0.3970632953998868, 0.14927921176041137, -0.5841744008967782, -0.03949907715957997]
================================================================================
=                                   round 2                                    =
================================================================================
selected eigenvectors:
0 : [0.5391224987336588, -0.2722304164559236, 0.11134430790921467, -0.41903379102597754, -0.21135052468688909, -0.2298475455248602, 0.49576723833357084, -0.26163694890600675, 0.188448063622471]
1 : [0.2990571904857178, 0.24080747539904748, -0.5739334178350277, 0.3036485670137037, -0.18803093488213574, -0.13541338350950127, 0.3360365805144064, 0.5124416632750437, -0.042012827129392756]
2 : [-0.06480301759143761, 0.423199700037242, 0.018484382290094616, -0.30581753113628996, 0.3955728184293318, -0.7073293899107742, -0.02482226188298742, -0.005590021020643451, -0.25572726590807193]
3 : [0.157366059404941, 0.4585552181003555, 0.38167225685439454, -0.14079318597142124, -0.6883766568136709, 0.025804448181513156, -0.26833385855279607, 0.11755500762499153, -0.19777783439132496]
4 : [0.07504866465014363, -0.11109571734135489, -0.1379614942499454, -0.029188673066761213, 0.017814251438652427, 0.26206338900812365, 0.19625198591343745, -0.2545804956368966, -0.8887178679677401]
5 : [-0.11673012263246148, 0.5652198819910114, -0.3208407717981645, 0.05446381039276517, -0.07976234883908023, 0.18310911593810525, 0.1656108237049481, -0.6584859199009377, 0.24509961997881333]
6 : [-0.0868000727239215, -0.17602890130269758, 0.22723745089760827, 0.705860133679624, -0.23422041044865793, -0.49634231718369004, 0.08343291144475726, -0.3093889584016157, -0.08778787548191967]
================================================================================
=                                   round 3                                    =
================================================================================
selected eigenvectors:
0 : [0.3861060000795966, -0.28119383817715277, 0.27350138855757206, -0.5494794488016145, -0.06001030525560794, -0.26101214244382753, 0.359193672206608, -0.4013873575717602, 0.1823760611039526]
1 : [0.4271229462473859, 0.2162472868637214, -0.5198913249895553, 0.1040551667663611, -0.1635565206490397, -0.29695938258217425, 0.47101321502449317, 0.3901990237190092, -0.025382966601220705]
2 : [-0.19391544310472347, 0.33839197652530423, 0.04094267442538136, -0.20144927172922472, 0.49044481026985165, -0.6364746022681175, -0.10327226693343027, -0.04610664281011606, -0.38366983800877663]
3 : [0.1632535766046762, 0.4522987714616595, 0.40000126265968905, -0.15997331246661017, -0.6591529662863657, -0.05096478966975247, -0.25239055423106244, 0.11883401776125449, -0.2613026250090652]
4 : [0.08869596586687402, -0.15398823883233387, -0.1650936893210121, -0.02738315315225249, -0.015848046290412483, 0.3579861482457758, 0.22580060935362345, -0.2848176533931888, -0.8245620842811873]
5 : [-0.13658296302535194, 0.5599057023078158, -0.2434900031045829, 0.164324352831661, -0.11887361396718578, 0.06390007118812914, 0.15044189087843424, -0.6964858294314136, 0.23584188742393236]
6 : [-0.02115133862255152, -0.3258179231997136, 0.2551228724039346, 0.6972182303970169, -0.22904459794036386, -0.4732554003779844, 0.08533846773160772, -0.20935181570700134, -0.1210430598073751]
================================================================================
=                                   round 4                                    =
================================================================================
selected eigenvectors:
0 : [0.4766432801696155, -0.33345228587093834, 0.2785400728357288, -0.4573442899018611, -0.2794466947743997, -0.07098100193103828, 0.3640027444454484, -0.34428763295564163, 0.20177129332473911]
1 : [-0.4069509127918147, -0.10785544218024438, 0.5643308554201665, -0.2129681215205045, 0.1671152593548701, 0.17477135461211032, -0.4728269225311026, -0.41805691661244726, -0.04608690168416298]
2 : [0.044300466104908676, 0.4764815522954838, -0.04250112708188491, -0.42711020039658837, 0.28062908745061776, -0.5198499227048436, 0.08756802136557269, -0.16018485304548652, -0.4521607651800906]
3 : [0.13108644434727754, 0.475016428223762, 0.3250420108408272, 0.0031660918739017828, -0.7201457032662836, -0.00441121674117396, -0.2757652070542681, 0.21945006745879225, -0.09316292063555603]
4 : [-0.09491481699604658, 0.281808901674403, 0.035955839065574535, -0.13623049891024824, 0.15911679930346467, -0.34689063180791846, -0.12876105348038558, 0.10844548167367069, 0.8471908000031281]
5 : [0.09722506958765151, -0.43194450741855583, 0.28734791118597314, -0.2337716573861628, 0.17363773559513726, -0.24807998718390273, -0.18836917104134487, 0.7190642480385184, -0.15007710626483234]
6 : [-0.06257635439239766, -0.21184634338740774, 0.2701850926762097, 0.6161250911683827, -0.10816413945897585, -0.6557568476936714, 0.06768960872984366, -0.2210652392353902, -0.058540301522966784]
================================================================================
=                                   round 5                                    =
================================================================================
selected eigenvectors:
0 : [0.5555674239654811, -0.2489306675584737, 0.10613122556050858, -0.4320332299575486, -0.22978637304799843, -0.2317945187537913, 0.49255404539218156, -0.22735920447318134, 0.17501325577506283]
1 : [0.2780372930890661, 0.2622872093716792, -0.5955017991476399, 0.2914960707347425, -0.13402700120093403, -0.14128254279401647, 0.3232232008597475, 0.5208527467138596, -0.024970304908038414]
2 : [-0.09602949195166798, 0.3762460285164601, -0.04086863521191205, -0.304953785094024, 0.49066773493127636, -0.656979289499171, 0.015264305179887692, -0.08873095982613051, -0.27215328610201295]
3 : [0.16893797129055071, 0.487204390696759, 0.33343510502019275, -0.19141946548057964, -0.5968073155928235, 0.00778632197197645, -0.25834004984781944, 0.14357606908432202, -0.3777276727925717]
4 : [0.048993668149209975, -0.1941183818078055, -0.21582226476514937, 0.029566642095409008, 0.06600323036504556, 0.3127264695264105, 0.25414792115231455, -0.2866574169749662, -0.8145835293808549]
5 : [-0.09375495245860617, 0.5791411587883472, -0.3038995829891565, -0.0014939336591620702, -0.11120327968344697, 0.25050332411881693, 0.1397845135029662, -0.621889782767136, 0.2864326129749628]
6 : [-0.03682855507686342, -0.0830201822816429, 0.21209417480198403, 0.70466992104234, -0.26253877401678194, -0.49761829341309727, 0.08228242523897382, -0.34771763488887814, -0.07732493349884052]
================================================================================
=                                   round 6                                    =
================================================================================
selected eigenvectors:
0 : [0.552008892337218, -0.28011746003503085, 0.09072494492038748, -0.3938581069660181, -0.27540576307905884, -0.1394976278128883, 0.5046223424368025, -0.2610079045036906, 0.18811807491068702]
1 : [0.28553275330800276, 0.2788780355662935, -0.5734755277775861, 0.305667921940233, -0.2004125717311494, -0.1314475209767669, 0.3249976811982455, 0.49961985804514275, -0.07552405966234484]
2 : [0.10191134478046154, -0.12016994748671342, 0.3288718293013733, 0.23490111248435716, -0.6996958314847973, 0.4085903534336677, -0.2505878501777688, 0.25703062422550454, 0.16266131319074836]
3 : [0.09720639009261545, 0.6244671237460256, 0.2854376526639422, -0.3306484143422528, -0.3035483945023668, -0.33158044910093953, -0.1847750967410184, -0.02585477394231281, -0.41580184448601815]
4 : [0.06698268889836481, -0.25506996444970664, -0.0905287570751612, 0.1230944535607294, -0.0645327792597122, 0.37009852622410555, 0.1550659304098297, -0.22998667634483874, -0.8300772370607045]
5 : [-0.14519937402824992, 0.4450757339518976, -0.22313697427212864, 0.27828538828628835, -0.23558722465506662, 0.20715745420811613, 0.14424306780770424, -0.6885427360528741, 0.2455181316554735]
6 : [-0.06490136235692635, -0.24651008580235448, 0.27562658075904445, 0.6130868149770485, -0.11989929430174637, -0.6550178362452324, 0.06748496885037354, -0.16252082569388, -0.09372134049355493]
================================================================================
=                                   round 7                                    =
================================================================================
selected eigenvectors:
0 : [0.5834840397397093, -0.2182894952971603, 0.016258708814588723, -0.36939786177661615, -0.24806709269080476, -0.2528805438157837, 0.5430223887318251, -0.16468226631406838, 0.1664257500974423]
1 : [0.21072935240509733, 0.2708713592007919, -0.5877680314903273, 0.3966085786518401, -0.18254067069229638, -0.03835253751153371, 0.2520116256602708, 0.524209379271402, -0.07971748191575499]
2 : [-0.05936863040514019, 0.43861792633756325, -0.047321961996617486, -0.2735127074621188, 0.4064999897432473, -0.6876613451344656, 0.009897809670684746, -0.007727151374687693, -0.29793131495470326]
3 : [0.14984850414507225, 0.4499739198429005, 0.3838656143714964, -0.13370066833400857, -0.6703375886103599, 0.025011659052696176, -0.2615886469985559, 0.08903040428129178, -0.2889759847104732]
4 : [0.05386554555647529, -0.19436429909426606, -0.1512024978567781, -0.01981482432028386, 0.0628236175249588, 0.30271306741610865, 0.20721637161602438, -0.26122785726674247, -0.8539938954332463]
5 : [-0.10338331185864245, 0.5553664573063642, -0.31398437539757007, 0.01984969465316111, -0.07816317442202617, 0.2361174413225097, 0.1571700038694382, -0.6613955073996556, 0.24060846888525572]
6 : [-0.09443483553200982, -0.16448902965402848, 0.20638412872572884, 0.7052163799182144, -0.22354381085854572, -0.4844008550534085, 0.09847765657164455, -0.35169247725343405, -0.0780986473413858]
================================================================================
=                                   round 8                                    =
================================================================================
selected eigenvectors:
0 : [0.5640199705426039, -0.2534175296180119, 0.06066015854869842, -0.42351330348257316, -0.19757265090675843, -0.2546752258040561, 0.5156651183131331, -0.18397858617164947, 0.17596817328784692]
1 : [0.22949238614258816, 0.30555877295502043, -0.6072470671368646, 0.34006870299925496, -0.11941176185809335, -0.16786892761373098, 0.3202315601447583, 0.4635454917087872, -0.098536982612411]
2 : [-0.1395901808896439, 0.3221596653279423, -0.032345877050054664, -0.30374794891110596, 0.5562535626026853, -0.6482696261116304, -0.0040884503939992945, -0.09625931881231482, -0.21086619755953193]
3 : [-0.13078123305816294, -0.5492457603293591, -0.3925512285364626, 0.15033232447879827, 0.592823244850647, 0.20259540946698115, 0.2848396156293481, -0.14837947205698032, 0.09431179724296843]
4 : [-0.09546718214792567, 0.029665393723231587, 0.050976671944133474, 0.0866138856260065, 0.08902140607399767, -0.2624170863432225, -0.1340975756016277, 0.24460019295132, 0.9084637819769864]
5 : [0.0768005535591425, -0.5633599414567744, 0.32754248799741836, 0.1341542690449621, 0.045217220527631205, -0.3313918551102705, -0.13037988168302123, 0.5857945296369148, -0.2818270725505598]
6 : [-0.086193532913854, -0.0749558162725803, 0.15057669222284195, 0.676636501253434, -0.20038750215055978, -0.4311808834187343, 0.13230083950642446, -0.5119879929852716, -0.027105037952132705]
================================================================================
=                                   round 9                                    =
================================================================================
selected eigenvectors:
0 : [0.5739100066329847, -0.20878797732749432, 0.02108937179279808, -0.3853546151424528, -0.23281608692634614, -0.2622113212970552, 0.5407345676804897, -0.18190958236851085, 0.17218846536769902]
1 : [0.21796421363253987, 0.27297562596035696, -0.5951102455193509, 0.38363088839299, -0.1784006384910424, -0.051794750520446964, 0.268859420683814, 0.51205403410129, -0.08748051457596412]
2 : [-0.08597935345736758, 0.42077822782259594, -0.07405112322058077, -0.2808149090025589, 0.4600243128251556, -0.6636158394777487, 0.013455388106411562, -0.025143879278096515, -0.27998399752650877]
3 : [0.13919583335693456, 0.5102424886546241, 0.3953108432262303, -0.147994732862502, -0.6422816442045393, -0.07301508790374144, -0.2925176860178212, 0.13744670612772275, -0.14067306713820166]
4 : [0.0827847296173434, -0.10486098899161082, -0.07274344684346339, -0.05427614655007944, -0.060594788062287325, 0.30042142530558796, 0.1557601156791089, -0.247977615625804, -0.8911983391906134]
5 : [-0.1173861656874745, 0.5510148477751539, -0.3193290822825781, -0.0048464517857547415, -0.07482325506810708, 0.27131341503765694, 0.1484123252914193, -0.6446861832796437, 0.2524927580381452]
6 : [-0.09380987834583424, -0.12864031121135322, 0.19484451815518883, 0.6975717514558448, -0.21968818082229302, -0.48930570000111173, 0.10393295521377853, -0.38153211554396577, -0.07764575425851898]
================================================================================
=                                   round 10                                   =
================================================================================
selected eigenvectors:
0 : [0.584973485808826, -0.217569756752633, 0.10322490139592513, -0.37718431622990517, -0.3486564050788994, -0.19759930940356957, 0.48295948566657354, -0.16030485384454923, 0.19491471552579137]
1 : [0.21936264718266144, 0.318308742774391, -0.6151941445431087, 0.312956633224662, -0.10366583125165883, -0.15774108746277934, 0.30748719137918273, 0.48779178774487003, -0.07769058654900488]
2 : [-0.033426489604248384, 0.4595241788571082, 0.13777170920936965, -0.37971388148329976, 0.2589977079387525, -0.6831622726347492, -0.06605718100443128, -0.03811729449803416, -0.2914610444257498]
3 : [0.12323090310424946, 0.41610110331560396, 0.28592676628830427, -0.025934918179810994, -0.6905943300501557, 0.24374240159221802, -0.2760314714176427, 0.10455288738817213, -0.3252563822171832]
4 : [0.06714198505302557, -0.20366063506379958, -0.18823864271710136, -0.03159750607492948, 0.13150304467859045, 0.2330739457285012, 0.2634543166590044, -0.3086432032284724, -0.8254070461074533]
5 : [-0.12316515748227033, 0.5436393365501526, -0.3034170660854547, -0.019938035781500617, -0.04363370127894238, 0.20754639270810643, 0.16198897237893933, -0.6690175463907649, 0.2793257326319876]
6 : [-0.07218843639088433, -0.12188759831081711, 0.21313224968206415, 0.7125809351008784, -0.24673870465007716, -0.48303778342205655, 0.08121096189532793, -0.34759663239590893, -0.07149244949675898]
################################################################################
#                                    setup                                     #
################################################################################
k : 1
distance-weighting : false
PCA : true
PCA-energy-ratio : 0.99
################################################################################
#                                   summary                                    #
################################################################################
+-------+-------+------+-------+
| round | learn | test | error |
+-------+-------+------+-------+
|     1 |   192 |   22 |     3 |
|     2 |   192 |   22 |     1 |
|     3 |   192 |   22 |     0 |
|     4 |   192 |   22 |     0 |
|     5 |   193 |   21 |     3 |
|     6 |   193 |   21 |     2 |
|     7 |   193 |   21 |     0 |
|     8 |   193 |   21 |     0 |
|     9 |   193 |   21 |     0 |
|    10 |   193 |   21 |     1 |
+-------+-------+------+-------+
################################################################################
#                                  statistics                                  #
################################################################################
+-----+----------+-----+--------------+
|     | accuracy | SE  | 95% CI       |
+-----+----------+-----+--------------+
| knn |     95.3 | 1.8 | (91.2, 99.4) |
+-----+----------+-----+--------------+
