================================================================================
=                                   round 1                                    =
================================================================================
================================================================================
=                                   round 2                                    =
================================================================================
================================================================================
=                                   round 3                                    =
================================================================================
================================================================================
=                                   round 4                                    =
================================================================================
================================================================================
=                                   round 5                                    =
================================================================================
================================================================================
=                                   round 6                                    =
================================================================================
================================================================================
=                                   round 7                                    =
================================================================================
================================================================================
=                                   round 8                                    =
================================================================================
================================================================================
=                                   round 9                                    =
================================================================================
================================================================================
=                                   round 10                                   =
================================================================================
################################################################################
#                                    setup                                     #
################################################################################
k : 5
distance-weighting : false
PCA : false
PCA-energy-ratio : 0.9
################################################################################
#                                   summary                                    #
################################################################################
+-------+-------+------+-------+
| round | learn | test | error |
+-------+-------+------+-------+
|     1 |   192 |   22 |     6 |
|     2 |   192 |   22 |     7 |
|     3 |   192 |   22 |     5 |
|     4 |   192 |   22 |    10 |
|     5 |   193 |   21 |    10 |
|     6 |   193 |   21 |     7 |
|     7 |   193 |   21 |     3 |
|     8 |   193 |   21 |     7 |
|     9 |   193 |   21 |     3 |
|    10 |   193 |   21 |    10 |
+-------+-------+------+-------+
################################################################################
#                                  statistics                                  #
################################################################################
+-----+----------+-----+--------------+
|     | accuracy | SE  | 95% CI       |
+-----+----------+-----+--------------+
| knn |     68.2 | 4.0 | (59.4, 77.0) |
+-----+----------+-----+--------------+
