================================================================================
=                                   round 1                                    =
================================================================================
Note: PCA is off due to non-continuous attributes
================================================================================
=                                   round 2                                    =
================================================================================
Note: PCA is off due to non-continuous attributes
================================================================================
=                                   round 3                                    =
================================================================================
Note: PCA is off due to non-continuous attributes
================================================================================
=                                   round 4                                    =
================================================================================
Note: PCA is off due to non-continuous attributes
================================================================================
=                                   round 5                                    =
================================================================================
Note: PCA is off due to non-continuous attributes
================================================================================
=                                   round 6                                    =
================================================================================
Note: PCA is off due to non-continuous attributes
================================================================================
=                                   round 7                                    =
================================================================================
Note: PCA is off due to non-continuous attributes
================================================================================
=                                   round 8                                    =
================================================================================
Note: PCA is off due to non-continuous attributes
================================================================================
=                                   round 9                                    =
================================================================================
Note: PCA is off due to non-continuous attributes
================================================================================
=                                   round 10                                   =
================================================================================
Note: PCA is off due to non-continuous attributes
################################################################################
#                                    setup                                     #
################################################################################
k : 1
distance-weighting : false
PCA : true
PCA-energy-ratio : 0.9
################################################################################
#                                   summary                                    #
################################################################################
+-------+-------+------+-------+
| round | learn | test | error |
+-------+-------+------+-------+
|     1 |  1555 |  173 |    41 |
|     2 |  1555 |  173 |    40 |
|     3 |  1555 |  173 |    37 |
|     4 |  1555 |  173 |    28 |
|     5 |  1555 |  173 |    46 |
|     6 |  1555 |  173 |    50 |
|     7 |  1555 |  173 |    40 |
|     8 |  1555 |  173 |    37 |
|     9 |  1556 |  172 |    33 |
|    10 |  1556 |  172 |    41 |
+-------+-------+------+-------+
################################################################################
#                                  statistics                                  #
################################################################################
+-----+----------+-----+--------------+
|     | accuracy | SE  | 95% CI       |
+-----+----------+-----+--------------+
| knn |     77.3 | 1.1 | (74.7, 79.8) |
+-----+----------+-----+--------------+
