================================================================================
=                                   round 1                                    =
================================================================================
================================================================================
=                                   round 2                                    =
================================================================================
================================================================================
=                                   round 3                                    =
================================================================================
================================================================================
=                                   round 4                                    =
================================================================================
================================================================================
=                                   round 5                                    =
================================================================================
================================================================================
=                                   round 6                                    =
================================================================================
================================================================================
=                                   round 7                                    =
================================================================================
================================================================================
=                                   round 8                                    =
================================================================================
================================================================================
=                                   round 9                                    =
================================================================================
================================================================================
=                                   round 10                                   =
================================================================================
################################################################################
#                                    setup                                     #
################################################################################
k : 7
distance-weighting : false
PCA : false
PCA-energy-ratio : 0.9
################################################################################
#                                   summary                                    #
################################################################################
+-------+-------+------+-------+
| round | learn | test | error |
+-------+-------+------+-------+
|     1 |   761 |   85 |    21 |
|     2 |   761 |   85 |    18 |
|     3 |   761 |   85 |    30 |
|     4 |   761 |   85 |    27 |
|     5 |   761 |   85 |    23 |
|     6 |   761 |   85 |    24 |
|     7 |   762 |   84 |    23 |
|     8 |   762 |   84 |    19 |
|     9 |   762 |   84 |    25 |
|    10 |   762 |   84 |    18 |
+-------+-------+------+-------+
################################################################################
#                                  statistics                                  #
################################################################################
+-----+----------+-----+--------------+
|     | accuracy | SE  | 95% CI       |
+-----+----------+-----+--------------+
| knn |     73.1 | 1.5 | (69.8, 76.3) |
+-----+----------+-----+--------------+
