================================================================================
=                                   round 1                                    =
================================================================================
# of learning examples = 90
# of pruning examples = 45
# of test examples = 15
------------------------------- before pruning: --------------------------------
# of error = 1
error rate = 0.06666666666666667
ID3 (6 leaves)
 `- root [32 Iris-setosa, 34 Iris-versicolor, 24 Iris-virginica]
     |- petal_length=[, 2.45), class=Iris-setosa [32 Iris-setosa, 0 Iris-versicolor, 0 Iris-virginica]
     `- petal_length=[2.45, ) [0 Iris-setosa, 34 Iris-versicolor, 24 Iris-virginica]
         |- petal_width=[, 1.75) [0 Iris-setosa, 34 Iris-versicolor, 2 Iris-virginica]
         |   |- petal_length=[, 4.95), class=Iris-versicolor [0 Iris-setosa, 32 Iris-versicolor, 0 Iris-virginica]
         |   `- petal_length=[4.95, ) [0 Iris-setosa, 2 Iris-versicolor, 2 Iris-virginica]
         |       |- sepal_length=[, 6.95) [0 Iris-setosa, 2 Iris-versicolor, 1 Iris-virginica]
         |       |   |- sepal_width=[, 2.45), class=Iris-virginica [0 Iris-setosa, 0 Iris-versicolor, 1 Iris-virginica]
         |       |   `- sepal_width=[2.45, ), class=Iris-versicolor [0 Iris-setosa, 2 Iris-versicolor, 0 Iris-virginica]
         |       `- sepal_length=[6.95, ), class=Iris-virginica [0 Iris-setosa, 0 Iris-versicolor, 1 Iris-virginica]
         `- petal_width=[1.75, ), class=Iris-virginica [0 Iris-setosa, 0 Iris-versicolor, 22 Iris-virginica]
-------------------------------- after pruning: --------------------------------
# of error = 1
error rate = 0.06666666666666667
ID3 (3 leaves)
 `- root [32 Iris-setosa, 34 Iris-versicolor, 24 Iris-virginica]
     |- petal_length=[, 2.45), class=Iris-setosa [32 Iris-setosa, 0 Iris-versicolor, 0 Iris-virginica]
     `- petal_length=[2.45, ) [0 Iris-setosa, 34 Iris-versicolor, 24 Iris-virginica]
         |- petal_width=[, 1.75), class=Iris-versicolor [0 Iris-setosa, 34 Iris-versicolor, 2 Iris-virginica]
         `- petal_width=[1.75, ), class=Iris-virginica [0 Iris-setosa, 0 Iris-versicolor, 22 Iris-virginica]
----------------------------- majority classifier ------------------------------
# of error = 12
error rate = 0.8
Majority (class = Iris-setosa)
================================================================================
=                                   round 2                                    =
================================================================================
# of learning examples = 90
# of pruning examples = 45
# of test examples = 15
------------------------------- before pruning: --------------------------------
# of error = 1
error rate = 0.06666666666666667
ID3 (6 leaves)
 `- root [30 Iris-setosa, 30 Iris-versicolor, 30 Iris-virginica]
     |- petal_length=[, 2.45), class=Iris-setosa [30 Iris-setosa, 0 Iris-versicolor, 0 Iris-virginica]
     `- petal_length=[2.45, ) [0 Iris-setosa, 30 Iris-versicolor, 30 Iris-virginica]
         |- petal_width=[, 1.75) [0 Iris-setosa, 30 Iris-versicolor, 3 Iris-virginica]
         |   |- petal_length=[, 4.95), class=Iris-versicolor [0 Iris-setosa, 28 Iris-versicolor, 0 Iris-virginica]
         |   `- petal_length=[4.95, ) [0 Iris-setosa, 2 Iris-versicolor, 3 Iris-virginica]
         |       |- sepal_width=[, 2.6500000000000004), class=Iris-virginica [0 Iris-setosa, 0 Iris-versicolor, 2 Iris-virginica]
         |       `- sepal_width=[2.6500000000000004, ) [0 Iris-setosa, 2 Iris-versicolor, 1 Iris-virginica]
         |           |- sepal_length=[, 6.95), class=Iris-versicolor [0 Iris-setosa, 2 Iris-versicolor, 0 Iris-virginica]
         |           `- sepal_length=[6.95, ), class=Iris-virginica [0 Iris-setosa, 0 Iris-versicolor, 1 Iris-virginica]
         `- petal_width=[1.75, ), class=Iris-virginica [0 Iris-setosa, 0 Iris-versicolor, 27 Iris-virginica]
-------------------------------- after pruning: --------------------------------
# of error = 1
error rate = 0.06666666666666667
ID3 (3 leaves)
 `- root [30 Iris-setosa, 30 Iris-versicolor, 30 Iris-virginica]
     |- petal_length=[, 2.45), class=Iris-setosa [30 Iris-setosa, 0 Iris-versicolor, 0 Iris-virginica]
     `- petal_length=[2.45, ) [0 Iris-setosa, 30 Iris-versicolor, 30 Iris-virginica]
         |- petal_width=[, 1.75), class=Iris-versicolor [0 Iris-setosa, 30 Iris-versicolor, 3 Iris-virginica]
         `- petal_width=[1.75, ), class=Iris-virginica [0 Iris-setosa, 0 Iris-versicolor, 27 Iris-virginica]
----------------------------- majority classifier ------------------------------
# of error = 12
error rate = 0.8
Majority (class = Iris-virginica)
================================================================================
=                                   round 3                                    =
================================================================================
# of learning examples = 90
# of pruning examples = 45
# of test examples = 15
------------------------------- before pruning: --------------------------------
# of error = 0
error rate = 0.0
ID3 (6 leaves)
 `- root [26 Iris-setosa, 33 Iris-versicolor, 31 Iris-virginica]
     |- petal_length=[, 2.35), class=Iris-setosa [26 Iris-setosa, 0 Iris-versicolor, 0 Iris-virginica]
     `- petal_length=[2.35, ) [0 Iris-setosa, 33 Iris-versicolor, 31 Iris-virginica]
         |- petal_width=[, 1.75) [0 Iris-setosa, 33 Iris-versicolor, 3 Iris-virginica]
         |   |- petal_length=[, 4.95), class=Iris-versicolor [0 Iris-setosa, 31 Iris-versicolor, 0 Iris-virginica]
         |   `- petal_length=[4.95, ) [0 Iris-setosa, 2 Iris-versicolor, 3 Iris-virginica]
         |       |- sepal_width=[, 2.6500000000000004), class=Iris-virginica [0 Iris-setosa, 0 Iris-versicolor, 2 Iris-virginica]
         |       `- sepal_width=[2.6500000000000004, ) [0 Iris-setosa, 2 Iris-versicolor, 1 Iris-virginica]
         |           |- sepal_length=[, 6.95), class=Iris-versicolor [0 Iris-setosa, 2 Iris-versicolor, 0 Iris-virginica]
         |           `- sepal_length=[6.95, ), class=Iris-virginica [0 Iris-setosa, 0 Iris-versicolor, 1 Iris-virginica]
         `- petal_width=[1.75, ), class=Iris-virginica [0 Iris-setosa, 0 Iris-versicolor, 28 Iris-virginica]
-------------------------------- after pruning: --------------------------------
# of error = 0
error rate = 0.0
ID3 (3 leaves)
 `- root [26 Iris-setosa, 33 Iris-versicolor, 31 Iris-virginica]
     |- petal_length=[, 2.35), class=Iris-setosa [26 Iris-setosa, 0 Iris-versicolor, 0 Iris-virginica]
     `- petal_length=[2.35, ) [0 Iris-setosa, 33 Iris-versicolor, 31 Iris-virginica]
         |- petal_width=[, 1.75), class=Iris-versicolor [0 Iris-setosa, 33 Iris-versicolor, 3 Iris-virginica]
         `- petal_width=[1.75, ), class=Iris-virginica [0 Iris-setosa, 0 Iris-versicolor, 28 Iris-virginica]
----------------------------- majority classifier ------------------------------
# of error = 12
error rate = 0.8
Majority (class = Iris-virginica)
================================================================================
=                                   round 4                                    =
================================================================================
# of learning examples = 90
# of pruning examples = 45
# of test examples = 15
------------------------------- before pruning: --------------------------------
# of error = 1
error rate = 0.06666666666666667
ID3 (6 leaves)
 `- root [26 Iris-setosa, 36 Iris-versicolor, 28 Iris-virginica]
     |- petal_length=[, 2.35), class=Iris-setosa [26 Iris-setosa, 0 Iris-versicolor, 0 Iris-virginica]
     `- petal_length=[2.35, ) [0 Iris-setosa, 36 Iris-versicolor, 28 Iris-virginica]
         |- petal_width=[, 1.7000000000000002) [0 Iris-setosa, 36 Iris-versicolor, 3 Iris-virginica]
         |   |- petal_length=[, 4.95), class=Iris-versicolor [0 Iris-setosa, 35 Iris-versicolor, 0 Iris-virginica]
         |   `- petal_length=[4.95, ) [0 Iris-setosa, 1 Iris-versicolor, 3 Iris-virginica]
         |       |- sepal_length=[, 6.05) [0 Iris-setosa, 1 Iris-versicolor, 1 Iris-virginica]
         |       |   |- sepal_width=[, 2.45), class=Iris-virginica [0 Iris-setosa, 0 Iris-versicolor, 1 Iris-virginica]
         |       |   `- sepal_width=[2.45, ), class=Iris-versicolor [0 Iris-setosa, 1 Iris-versicolor, 0 Iris-virginica]
         |       `- sepal_length=[6.05, ), class=Iris-virginica [0 Iris-setosa, 0 Iris-versicolor, 2 Iris-virginica]
         `- petal_width=[1.7000000000000002, ), class=Iris-virginica [0 Iris-setosa, 0 Iris-versicolor, 25 Iris-virginica]
-------------------------------- after pruning: --------------------------------
# of error = 0
error rate = 0.0
ID3 (3 leaves)
 `- root [26 Iris-setosa, 36 Iris-versicolor, 28 Iris-virginica]
     |- petal_length=[, 2.35), class=Iris-setosa [26 Iris-setosa, 0 Iris-versicolor, 0 Iris-virginica]
     `- petal_length=[2.35, ) [0 Iris-setosa, 36 Iris-versicolor, 28 Iris-virginica]
         |- petal_width=[, 1.7000000000000002), class=Iris-versicolor [0 Iris-setosa, 36 Iris-versicolor, 3 Iris-virginica]
         `- petal_width=[1.7000000000000002, ), class=Iris-virginica [0 Iris-setosa, 0 Iris-versicolor, 25 Iris-virginica]
----------------------------- majority classifier ------------------------------
# of error = 11
error rate = 0.7333333333333333
Majority (class = Iris-versicolor)
================================================================================
=                                   round 5                                    =
================================================================================
# of learning examples = 90
# of pruning examples = 45
# of test examples = 15
------------------------------- before pruning: --------------------------------
# of error = 0
error rate = 0.0
ID3 (7 leaves)
 `- root [28 Iris-setosa, 36 Iris-versicolor, 26 Iris-virginica]
     |- petal_length=[, 2.35), class=Iris-setosa [28 Iris-setosa, 0 Iris-versicolor, 0 Iris-virginica]
     `- petal_length=[2.35, ) [0 Iris-setosa, 36 Iris-versicolor, 26 Iris-virginica]
         |- petal_length=[, 4.75), class=Iris-versicolor [0 Iris-setosa, 33 Iris-versicolor, 0 Iris-virginica]
         `- petal_length=[4.75, ) [0 Iris-setosa, 3 Iris-versicolor, 26 Iris-virginica]
             |- petal_width=[, 1.7000000000000002) [0 Iris-setosa, 3 Iris-versicolor, 3 Iris-virginica]
             |   |- petal_length=[, 4.95), class=Iris-versicolor [0 Iris-setosa, 2 Iris-versicolor, 0 Iris-virginica]
             |   `- petal_length=[4.95, ) [0 Iris-setosa, 1 Iris-versicolor, 3 Iris-virginica]
             |       |- sepal_length=[, 6.05) [0 Iris-setosa, 1 Iris-versicolor, 1 Iris-virginica]
             |       |   |- sepal_width=[, 2.45), class=Iris-virginica [0 Iris-setosa, 0 Iris-versicolor, 1 Iris-virginica]
             |       |   `- sepal_width=[2.45, ), class=Iris-versicolor [0 Iris-setosa, 1 Iris-versicolor, 0 Iris-virginica]
             |       `- sepal_length=[6.05, ), class=Iris-virginica [0 Iris-setosa, 0 Iris-versicolor, 2 Iris-virginica]
             `- petal_width=[1.7000000000000002, ), class=Iris-virginica [0 Iris-setosa, 0 Iris-versicolor, 23 Iris-virginica]
-------------------------------- after pruning: --------------------------------
# of error = 1
error rate = 0.06666666666666667
ID3 (3 leaves)
 `- root [28 Iris-setosa, 36 Iris-versicolor, 26 Iris-virginica]
     |- petal_length=[, 2.35), class=Iris-setosa [28 Iris-setosa, 0 Iris-versicolor, 0 Iris-virginica]
     `- petal_length=[2.35, ) [0 Iris-setosa, 36 Iris-versicolor, 26 Iris-virginica]
         |- petal_length=[, 4.75), class=Iris-versicolor [0 Iris-setosa, 33 Iris-versicolor, 0 Iris-virginica]
         `- petal_length=[4.75, ), class=Iris-virginica [0 Iris-setosa, 3 Iris-versicolor, 26 Iris-virginica]
----------------------------- majority classifier ------------------------------
# of error = 12
error rate = 0.8
Majority (class = Iris-versicolor)
================================================================================
=                                   round 6                                    =
================================================================================
# of learning examples = 90
# of pruning examples = 45
# of test examples = 15
------------------------------- before pruning: --------------------------------
# of error = 0
error rate = 0.0
ID3 (7 leaves)
 `- root [28 Iris-setosa, 34 Iris-versicolor, 28 Iris-virginica]
     |- petal_length=[, 2.35), class=Iris-setosa [28 Iris-setosa, 0 Iris-versicolor, 0 Iris-virginica]
     `- petal_length=[2.35, ) [0 Iris-setosa, 34 Iris-versicolor, 28 Iris-virginica]
         |- petal_length=[, 4.75), class=Iris-versicolor [0 Iris-setosa, 31 Iris-versicolor, 0 Iris-virginica]
         `- petal_length=[4.75, ) [0 Iris-setosa, 3 Iris-versicolor, 28 Iris-virginica]
             |- petal_width=[, 1.7000000000000002) [0 Iris-setosa, 3 Iris-versicolor, 3 Iris-virginica]
             |   |- petal_length=[, 4.95), class=Iris-versicolor [0 Iris-setosa, 2 Iris-versicolor, 0 Iris-virginica]
             |   `- petal_length=[4.95, ) [0 Iris-setosa, 1 Iris-versicolor, 3 Iris-virginica]
             |       |- sepal_length=[, 6.05) [0 Iris-setosa, 1 Iris-versicolor, 1 Iris-virginica]
             |       |   |- sepal_width=[, 2.45), class=Iris-virginica [0 Iris-setosa, 0 Iris-versicolor, 1 Iris-virginica]
             |       |   `- sepal_width=[2.45, ), class=Iris-versicolor [0 Iris-setosa, 1 Iris-versicolor, 0 Iris-virginica]
             |       `- sepal_length=[6.05, ), class=Iris-virginica [0 Iris-setosa, 0 Iris-versicolor, 2 Iris-virginica]
             `- petal_width=[1.7000000000000002, ), class=Iris-virginica [0 Iris-setosa, 0 Iris-versicolor, 25 Iris-virginica]
-------------------------------- after pruning: --------------------------------
# of error = 0
error rate = 0.0
ID3 (3 leaves)
 `- root [28 Iris-setosa, 34 Iris-versicolor, 28 Iris-virginica]
     |- petal_length=[, 2.35), class=Iris-setosa [28 Iris-setosa, 0 Iris-versicolor, 0 Iris-virginica]
     `- petal_length=[2.35, ) [0 Iris-setosa, 34 Iris-versicolor, 28 Iris-virginica]
         |- petal_length=[, 4.75), class=Iris-versicolor [0 Iris-setosa, 31 Iris-versicolor, 0 Iris-virginica]
         `- petal_length=[4.75, ), class=Iris-virginica [0 Iris-setosa, 3 Iris-versicolor, 28 Iris-virginica]
----------------------------- majority classifier ------------------------------
# of error = 11
error rate = 0.7333333333333333
Majority (class = Iris-virginica)
================================================================================
=                                   round 7                                    =
================================================================================
# of learning examples = 90
# of pruning examples = 45
# of test examples = 15
------------------------------- before pruning: --------------------------------
# of error = 1
error rate = 0.06666666666666667
ID3 (7 leaves)
 `- root [27 Iris-setosa, 35 Iris-versicolor, 28 Iris-virginica]
     |- petal_length=[, 2.35), class=Iris-setosa [27 Iris-setosa, 0 Iris-versicolor, 0 Iris-virginica]
     `- petal_length=[2.35, ) [0 Iris-setosa, 35 Iris-versicolor, 28 Iris-virginica]
         |- petal_length=[, 4.75), class=Iris-versicolor [0 Iris-setosa, 32 Iris-versicolor, 0 Iris-virginica]
         `- petal_length=[4.75, ) [0 Iris-setosa, 3 Iris-versicolor, 28 Iris-virginica]
             |- petal_width=[, 1.7000000000000002) [0 Iris-setosa, 3 Iris-versicolor, 3 Iris-virginica]
             |   |- petal_length=[, 4.95), class=Iris-versicolor [0 Iris-setosa, 2 Iris-versicolor, 0 Iris-virginica]
             |   `- petal_length=[4.95, ) [0 Iris-setosa, 1 Iris-versicolor, 3 Iris-virginica]
             |       |- sepal_length=[, 6.05) [0 Iris-setosa, 1 Iris-versicolor, 1 Iris-virginica]
             |       |   |- sepal_width=[, 2.45), class=Iris-virginica [0 Iris-setosa, 0 Iris-versicolor, 1 Iris-virginica]
             |       |   `- sepal_width=[2.45, ), class=Iris-versicolor [0 Iris-setosa, 1 Iris-versicolor, 0 Iris-virginica]
             |       `- sepal_length=[6.05, ), class=Iris-virginica [0 Iris-setosa, 0 Iris-versicolor, 2 Iris-virginica]
             `- petal_width=[1.7000000000000002, ), class=Iris-virginica [0 Iris-setosa, 0 Iris-versicolor, 25 Iris-virginica]
-------------------------------- after pruning: --------------------------------
# of error = 1
error rate = 0.06666666666666667
ID3 (3 leaves)
 `- root [27 Iris-setosa, 35 Iris-versicolor, 28 Iris-virginica]
     |- petal_length=[, 2.35), class=Iris-setosa [27 Iris-setosa, 0 Iris-versicolor, 0 Iris-virginica]
     `- petal_length=[2.35, ) [0 Iris-setosa, 35 Iris-versicolor, 28 Iris-virginica]
         |- petal_length=[, 4.75), class=Iris-versicolor [0 Iris-setosa, 32 Iris-versicolor, 0 Iris-virginica]
         `- petal_length=[4.75, ), class=Iris-virginica [0 Iris-setosa, 3 Iris-versicolor, 28 Iris-virginica]
----------------------------- majority classifier ------------------------------
# of error = 13
error rate = 0.8666666666666667
Majority (class = Iris-versicolor)
================================================================================
=                                   round 8                                    =
================================================================================
# of learning examples = 90
# of pruning examples = 45
# of test examples = 15
------------------------------- before pruning: --------------------------------
# of error = 1
error rate = 0.06666666666666667
ID3 (4 leaves)
 `- root [30 Iris-setosa, 30 Iris-versicolor, 30 Iris-virginica]
     |- petal_length=[, 2.5999999999999996), class=Iris-setosa [30 Iris-setosa, 0 Iris-versicolor, 0 Iris-virginica]
     `- petal_length=[2.5999999999999996, ) [0 Iris-setosa, 30 Iris-versicolor, 30 Iris-virginica]
         |- petal_width=[, 1.65) [0 Iris-setosa, 30 Iris-versicolor, 3 Iris-virginica]
         |   |- petal_length=[, 4.95), class=Iris-versicolor [0 Iris-setosa, 30 Iris-versicolor, 0 Iris-virginica]
         |   `- petal_length=[4.95, ), class=Iris-virginica [0 Iris-setosa, 0 Iris-versicolor, 3 Iris-virginica]
         `- petal_width=[1.65, ), class=Iris-virginica [0 Iris-setosa, 0 Iris-versicolor, 27 Iris-virginica]
-------------------------------- after pruning: --------------------------------
# of error = 0
error rate = 0.0
ID3 (3 leaves)
 `- root [30 Iris-setosa, 30 Iris-versicolor, 30 Iris-virginica]
     |- petal_length=[, 2.5999999999999996), class=Iris-setosa [30 Iris-setosa, 0 Iris-versicolor, 0 Iris-virginica]
     `- petal_length=[2.5999999999999996, ) [0 Iris-setosa, 30 Iris-versicolor, 30 Iris-virginica]
         |- petal_width=[, 1.65), class=Iris-versicolor [0 Iris-setosa, 30 Iris-versicolor, 3 Iris-virginica]
         `- petal_width=[1.65, ), class=Iris-virginica [0 Iris-setosa, 0 Iris-versicolor, 27 Iris-virginica]
----------------------------- majority classifier ------------------------------
# of error = 12
error rate = 0.8
Majority (class = Iris-setosa)
================================================================================
=                                   round 9                                    =
================================================================================
# of learning examples = 90
# of pruning examples = 45
# of test examples = 15
------------------------------- before pruning: --------------------------------
# of error = 1
error rate = 0.06666666666666667
ID3 (4 leaves)
 `- root [28 Iris-setosa, 31 Iris-versicolor, 31 Iris-virginica]
     |- petal_length=[, 2.45), class=Iris-setosa [28 Iris-setosa, 0 Iris-versicolor, 0 Iris-virginica]
     `- petal_length=[2.45, ) [0 Iris-setosa, 31 Iris-versicolor, 31 Iris-virginica]
         |- petal_width=[, 1.65) [0 Iris-setosa, 31 Iris-versicolor, 1 Iris-virginica]
         |   |- petal_length=[, 5.35), class=Iris-versicolor [0 Iris-setosa, 31 Iris-versicolor, 0 Iris-virginica]
         |   `- petal_length=[5.35, ), class=Iris-virginica [0 Iris-setosa, 0 Iris-versicolor, 1 Iris-virginica]
         `- petal_width=[1.65, ), class=Iris-virginica [0 Iris-setosa, 0 Iris-versicolor, 30 Iris-virginica]
-------------------------------- after pruning: --------------------------------
# of error = 2
error rate = 0.13333333333333333
ID3 (3 leaves)
 `- root [28 Iris-setosa, 31 Iris-versicolor, 31 Iris-virginica]
     |- petal_length=[, 2.45), class=Iris-setosa [28 Iris-setosa, 0 Iris-versicolor, 0 Iris-virginica]
     `- petal_length=[2.45, ) [0 Iris-setosa, 31 Iris-versicolor, 31 Iris-virginica]
         |- petal_width=[, 1.65), class=Iris-versicolor [0 Iris-setosa, 31 Iris-versicolor, 1 Iris-virginica]
         `- petal_width=[1.65, ), class=Iris-virginica [0 Iris-setosa, 0 Iris-versicolor, 30 Iris-virginica]
----------------------------- majority classifier ------------------------------
# of error = 12
error rate = 0.8
Majority (class = Iris-virginica)
================================================================================
=                                   round 10                                   =
================================================================================
# of learning examples = 90
# of pruning examples = 45
# of test examples = 15
------------------------------- before pruning: --------------------------------
# of error = 0
error rate = 0.0
ID3 (4 leaves)
 `- root [29 Iris-setosa, 31 Iris-versicolor, 30 Iris-virginica]
     |- petal_length=[, 2.45), class=Iris-setosa [29 Iris-setosa, 0 Iris-versicolor, 0 Iris-virginica]
     `- petal_length=[2.45, ) [0 Iris-setosa, 31 Iris-versicolor, 30 Iris-virginica]
         |- petal_width=[, 1.65) [0 Iris-setosa, 31 Iris-versicolor, 2 Iris-virginica]
         |   |- petal_length=[, 5.35), class=Iris-versicolor [0 Iris-setosa, 31 Iris-versicolor, 0 Iris-virginica]
         |   `- petal_length=[5.35, ), class=Iris-virginica [0 Iris-setosa, 0 Iris-versicolor, 2 Iris-virginica]
         `- petal_width=[1.65, ), class=Iris-virginica [0 Iris-setosa, 0 Iris-versicolor, 28 Iris-virginica]
-------------------------------- after pruning: --------------------------------
# of error = 0
error rate = 0.0
ID3 (3 leaves)
 `- root [29 Iris-setosa, 31 Iris-versicolor, 30 Iris-virginica]
     |- petal_length=[, 2.45), class=Iris-setosa [29 Iris-setosa, 0 Iris-versicolor, 0 Iris-virginica]
     `- petal_length=[2.45, ) [0 Iris-setosa, 31 Iris-versicolor, 30 Iris-virginica]
         |- petal_width=[, 1.65), class=Iris-versicolor [0 Iris-setosa, 31 Iris-versicolor, 2 Iris-virginica]
         `- petal_width=[1.65, ), class=Iris-virginica [0 Iris-setosa, 0 Iris-versicolor, 28 Iris-virginica]
----------------------------- majority classifier ------------------------------
# of error = 11
error rate = 0.7333333333333333
Majority (class = Iris-virginica)
################################################################################
#                                   summary                                    #
################################################################################
+-------+-------+-------+------+---------+---------+-------+-------+----------+
| round | learn | prune | test | leaf    | error   | leaf  | error | error    |
|       |       |       |      | (orig.) | (orig.) | (pr.) | (pr.) | (major.) |
+-------+-------+-------+------+---------+---------+-------+-------+----------+
|     1 |    90 |    45 |   15 |       6 |       1 |     3 |     1 |       12 |
|     2 |    90 |    45 |   15 |       6 |       1 |     3 |     1 |       12 |
|     3 |    90 |    45 |   15 |       6 |       0 |     3 |     0 |       12 |
|     4 |    90 |    45 |   15 |       6 |       1 |     3 |     0 |       11 |
|     5 |    90 |    45 |   15 |       7 |       0 |     3 |     1 |       12 |
|     6 |    90 |    45 |   15 |       7 |       0 |     3 |     0 |       11 |
|     7 |    90 |    45 |   15 |       7 |       1 |     3 |     1 |       13 |
|     8 |    90 |    45 |   15 |       4 |       1 |     3 |     0 |       12 |
|     9 |    90 |    45 |   15 |       4 |       1 |     3 |     2 |       12 |
|    10 |    90 |    45 |   15 |       4 |       0 |     3 |     0 |       11 |
+-------+-------+-------+------+---------+---------+-------+-------+----------+
################################################################################
#                                  statistics                                  #
################################################################################
+----------+------+----------+------+-----------------+
|          | leaf | accuracy | SE   | 95% CI          |
+----------+------+----------+------+-----------------+
|   before | 5.70 |    96.00 | 3.27 | (88.72, 100.00) |
|    after | 3.00 |    96.00 | 4.42 | (86.14, 100.00) |
| majority |  N/A |    21.33 | 4.00 |  (12.41, 30.25) |
+----------+------+----------+------+-----------------+
