================================================================================
=                                   round 1                                    =
================================================================================
Feature weighting:
buying : 0.09947928235560421
maint : 0.07650084902210852
doors : 0.004450484512893538
persons : 0.2229920987502932
lug_boot : 0.03286094634186243
safety : 0.26396169713830653
================================================================================
=                                   round 2                                    =
================================================================================
Feature weighting:
buying : 0.09576031749589115
maint : 0.07522696535792428
doors : 0.004963586894453531
persons : 0.21715042388172356
lug_boot : 0.030961801222344654
safety : 0.26174777548108163
================================================================================
=                                   round 3                                    =
================================================================================
Feature weighting:
buying : 0.09515059795659908
maint : 0.07473008193882696
doors : 0.004249318836995808
persons : 0.2198891279352696
lug_boot : 0.02931650295538124
safety : 0.261417974758015
================================================================================
=                                   round 4                                    =
================================================================================
Feature weighting:
buying : 0.10324843420572044
maint : 0.07340486371103042
doors : 0.0058558071268741685
persons : 0.2263370565422459
lug_boot : 0.03171905028790739
safety : 0.258402065715561
================================================================================
=                                   round 5                                    =
================================================================================
Feature weighting:
buying : 0.08848326515933583
maint : 0.07143474549261394
doors : 0.004142946197893516
persons : 0.2223784042583758
lug_boot : 0.028488671762055773
safety : 0.26063934726561033
================================================================================
=                                   round 6                                    =
================================================================================
Feature weighting:
buying : 0.09409006499935849
maint : 0.06949839870505506
doors : 0.0040032506852446526
persons : 0.21149650626289013
lug_boot : 0.029958961690304986
safety : 0.2569345531281695
================================================================================
=                                   round 7                                    =
================================================================================
Feature weighting:
buying : 0.1003968864995694
maint : 0.07759888146227897
doors : 0.004913882254397095
persons : 0.22404882461712505
lug_boot : 0.02899902261796261
safety : 0.2651886899203407
================================================================================
=                                   round 8                                    =
================================================================================
Feature weighting:
buying : 0.09401992005231727
maint : 0.07437348167774846
doors : 0.004693709087580267
persons : 0.21998606763858986
lug_boot : 0.02881547607109264
safety : 0.26391492557409246
================================================================================
=                                   round 9                                    =
================================================================================
Feature weighting:
buying : 0.09751769477703068
maint : 0.07337671399722012
doors : 0.006595478029077839
persons : 0.21272736677154036
lug_boot : 0.03131117664575139
safety : 0.26433465213087215
================================================================================
=                                   round 10                                   =
================================================================================
Feature weighting:
buying : 0.0996722636708042
maint : 0.07478409809185288
doors : 0.005713420354137355
persons : 0.22110633070628538
lug_boot : 0.029640989599380274
safety : 0.2659445009102307
################################################################################
#                                    setup                                     #
################################################################################
k : 1
distance-weighting : false
feature-weighting : true
PCA : false
PCA-energy-ratio : 0.9
NTGrowth : false
NTGrowth-drop-ratio : 0.75
################################################################################
#                                   summary                                    #
################################################################################
+-------+-------+------+-------+
| round | learn | test | error |
+-------+-------+------+-------+
|     1 |  1555 |  173 |     9 |
|     2 |  1555 |  173 |    15 |
|     3 |  1555 |  173 |    10 |
|     4 |  1555 |  173 |    12 |
|     5 |  1555 |  173 |    17 |
|     6 |  1555 |  173 |    13 |
|     7 |  1555 |  173 |     7 |
|     8 |  1555 |  173 |     9 |
|     9 |  1556 |  172 |     6 |
|    10 |  1556 |  172 |     8 |
+-------+-------+------+-------+
################################################################################
#                                  statistics                                  #
################################################################################
+-----+----------+-----+--------------+
|     | accuracy | SE  | 95% CI       |
+-----+----------+-----+--------------+
| knn |     93.9 | 0.7 | (92.4, 95.3) |
+-----+----------+-----+--------------+
