================================================================================
=                                   round 1                                    =
================================================================================
1 0.49573750000022976 0.4952360792239258
2 0.4950583833311924 0.4946330798114396
3 0.49393269825151537 0.4937565431438051
4 0.49196733532579273 0.49236771001547347
5 0.4886668801712746 0.49018670305203893
6 0.4835757243664031 0.48697212783121036
7 0.47660620813905696 0.4827051717532708
8 0.46827938129637464 0.4777003956704002
9 0.4595121106786343 0.47243048614760874
10 0.451116900964478 0.4672298381100914
20 0.4083061319831104 0.43620712587033234
30 0.400102171766645 0.43348137939368886
40 0.3979859154032051 0.4333384759176417
50 0.39676480926319124 0.43289592502865104
60 0.39567838462150673 0.4321201267426682
70 0.39460990083751013 0.4311703961332474
80 0.39355818736888454 0.4301589406971493
90 0.39254123965399085 0.4291442268366975
100 0.3915740612588371 0.42815254651222484
200 0.38517505593196627 0.421259310867912
300 0.38255494638182697 0.41918982361994406
400 0.38118660064987514 0.4186105917255097
500 0.3803203966535213 0.418456823416721
600 0.3797207029222784 0.4184744173206022
700 0.3792825132165397 0.41857588547336216
800 0.37894944239142425 0.4187207544651924
900 0.3786883226312182 0.4188879212742584
1000 0.37847842030548845 0.41906573083510884
================================================================================
=                                   round 2                                    =
================================================================================
1 0.48919116090281894 0.49177108047041257
2 0.48790313990492795 0.49093910836828114
3 0.4858562716246588 0.4896492954985357
4 0.4824944189200483 0.48756067706593853
5 0.4773335715708772 0.4843814242115241
6 0.4702433978918722 0.48004680830391094
7 0.4616749429991558 0.4748558410512888
8 0.4525120599946428 0.46933244694021087
9 0.44363137720105983 0.46391865536269183
10 0.435570727365854 0.45883653840412897
20 0.3951240887644135 0.43147265842624843
30 0.3851901048222558 0.4277641967901189
40 0.38226867817465354 0.42794808230387793
50 0.38080650724882503 0.4280193075491346
60 0.3796867013935868 0.42757115668954276
70 0.37865371867226777 0.42673784060416703
80 0.3776655044583055 0.4257215987099291
90 0.3767355747170917 0.4246888819666623
100 0.3758830020214385 0.42373992507641084
200 0.3711106625626489 0.41955576071800277
300 0.36914808022554624 0.41889392530077063
400 0.36800960967631124 0.41890060283355146
500 0.3672486722825397 0.4191108445999705
600 0.3666949204554976 0.4194019100228024
================================================================================
=                                   round 3                                    =
================================================================================
1 0.49126293982043934 0.49166404685416104
2 0.4899600294641871 0.49071962391803975
3 0.4877733834731752 0.4892777019360006
4 0.4841318621891325 0.4870124386055747
5 0.4786318602063385 0.4837216663992115
6 0.4713465707483899 0.47950070438705467
7 0.4629659451846673 0.47479446968945493
8 0.45448565111837647 0.47015138746951785
9 0.44667714878736325 0.46589421130154024
10 0.43983825717613245 0.46205335413906196
20 0.40745772835742244 0.44307914386067476
30 0.4022157246901316 0.442525444890552
40 0.40068960927544084 0.44225234039480227
50 0.39967242279317416 0.4414327316884336
60 0.39876863130059886 0.440434672755515
70 0.3979313564745903 0.43947002152625975
80 0.39715897793446725 0.43859402771480543
90 0.39644626136936306 0.43778306114971105
100 0.39577885640002697 0.43698713058039085
200 0.39006722154997214 0.43128942295301814
300 0.3870297466961479 0.43017257279100984
400 0.38515516108562486 0.4297252200701762
500 0.38386724661345906 0.4295086551603699
600 0.38291162245147686 0.42939530512102664
700 0.3821597048884048 0.42933280513991323
800 0.38154106054152465 0.4292972162621885
900 0.3810143653248931 0.4292765752431221
1000 0.38055389123090355 0.42926420531370774
2000 0.3774422512546494 0.4288887950651831
3000 0.3752653379061638 0.42840858154665945
4000 0.3738057320038305 0.4292422643388904
5000 0.37270540174686817 0.43029082482325437
================================================================================
=                                   round 4                                    =
================================================================================
1 0.48980032708850163 0.49327605663644297
2 0.4883526447596275 0.49270753318498284
3 0.486037378907155 0.4918968081178042
4 0.48233639849280807 0.49067459551350023
5 0.4769427225697447 0.4889414837131685
6 0.4700019762242412 0.48675024262477534
7 0.46216128368783294 0.48430647938282684
8 0.4542839853461332 0.4818110968427775
9 0.447032829910698 0.4792986317418123
10 0.4406727317939436 0.47666878497621185
20 0.4096982755896997 0.4553847771636913
30 0.4032670605256086 0.4510682085104377
40 0.4012107498324436 0.449944145971653
50 0.4001111252174507 0.44906449538429294
60 0.3992351174818553 0.4478653005119639
70 0.39841520650707113 0.446448151437971
80 0.39761738631732974 0.44495680034201174
90 0.39684130274055235 0.4434880648841415
100 0.3960948204430941 0.44209397492410907
200 0.39091118876690667 0.43341455594662925
300 0.3883068467759098 0.4303034153714942
400 0.3866331315827815 0.4290147566588783
500 0.385409843137984 0.4284418380748799
600 0.38445407026799616 0.4282323579259945
700 0.38367345648715195 0.4282339395766849
800 0.38301529784293176 0.42836635890404995
900 0.38244725342009855 0.42858300844008035
1000 0.38194830367479 0.4288550968746615
================================================================================
=                                   round 5                                    =
================================================================================
1 0.5013644863799808 0.5011402142494558
2 0.5004927260309491 0.5004509793542805
3 0.4992697318324867 0.49954013431427086
4 0.4975060854443298 0.498260256855655
5 0.4950571687574892 0.4964661929424897
6 0.4918510160305898 0.49402718819306046
7 0.4878949635277722 0.49084089013172183
8 0.483254407547897 0.4868431462928595
9 0.4780284854209811 0.48202405936845216
10 0.4723462121895847 0.47646281568590154
20 0.42538226101926935 0.4343030245389039
30 0.4132043750104311 0.4278062029417411
40 0.40984647274414554 0.4250719504922455
50 0.40856747330454113 0.42326572621353026
60 0.4081456842650036 0.42220088452607796
70 0.4081457139111742 0.42167589821963763
80 0.40825657824890427 0.42139544972169685
90 0.4082960646279085 0.4211929021641393
100 0.4082004586205027 0.4211025693736269
================================================================================
=                                   round 6                                    =
================================================================================
1 0.48939177964952446 0.4860287730427777
2 0.48895710955324395 0.485520183007279
3 0.48832372008487507 0.4848031913573427
4 0.48734245310571295 0.4837109585774019
5 0.4858157692171358 0.4820290531226795
6 0.48352573251574726 0.4795157650688536
7 0.48030936207332126 0.4759773717372996
8 0.47616179622573723 0.4713803252586174
9 0.47128611099239254 0.4659213961205546
10 0.4660326987903814 0.4599808032337822
20 0.43388332144672287 0.4230970840487928
30 0.42801143939494274 0.41459275431778797
40 0.4264804978973714 0.41057756739878953
50 0.42552539595033606 0.4083370801070365
60 0.42463501897821637 0.4067976777724424
70 0.42368560914585535 0.4055470639548014
80 0.4225434732777403 0.40511560834178983
90 0.4211584308417927 0.4065405235332519
100 0.4196093772197501 0.40895408836545666
================================================================================
=                                   round 7                                    =
================================================================================
1 0.48506578921464477 0.4849414322294386
2 0.4840008226329407 0.48425325354579807
3 0.48245602088279416 0.4831768023664879
4 0.48017722860310597 0.4815050294903776
5 0.47687187763046257 0.4789759815015163
6 0.4723240030251119 0.47538176288999473
7 0.4665240205708802 0.4706928172298273
8 0.4597692823396696 0.4651444720791342
9 0.45261564377117636 0.459173894194013
10 0.44566067522388714 0.4532280431519541
20 0.41183398589129067 0.41642439215290106
30 0.4061406943108733 0.40256403449835376
40 0.4044765764715433 0.3961094900259675
50 0.40344014515877497 0.392732044224237
60 0.4025281371051272 0.3905971173986669
70 0.4016721612859477 0.3889122607454225
80 0.40087897857593546 0.3873957937951379
90 0.40016066749431567 0.3859749174111982
100 0.39952224171500716 0.3846444123427114
200 0.3962793339171921 0.375819656304494
300 0.3949879858901864 0.36869179387033163
400 0.3938687068533614 0.3614851352516655
500 0.3933186543261806 0.3590865619755379
600 0.39295733157695256 0.35775937438995636
700 0.3927026992024574 0.3568267983689129
800 0.39251690668705586 0.3561207922540829
900 0.3923776765062341 0.3555657410035321
1000 0.39227093605834806 0.35511778130007576
2000 0.39187561533766296 0.35307560742304644
3000 0.39179252033514184 0.3524220345816902
4000 0.39176445199208954 0.35213225371410606
5000 0.3917526012799621 0.3519871162007907
6000 0.3917469409144514 0.3519102164597219
7000 0.39174403852643863 0.35186829276721826
8000 0.39174248815834567 0.3518450875548075
9000 0.3917416403417263 0.35183213634469457
10000 0.3917411704734324 0.3518248748122557
================================================================================
=                                   round 8                                    =
================================================================================
1 0.4949524478657554 0.4850855240806115
2 0.49404984024382237 0.48466344429767083
3 0.4926809319046524 0.4839626134640681
4 0.49063087753780804 0.48283832642182256
5 0.4876473739526658 0.4810892293367348
6 0.4835901784129535 0.47855438292158486
7 0.4785420733177138 0.47521489042676246
8 0.47283066583358013 0.4712462802366817
9 0.46690983186449575 0.4669452540349102
10 0.461181459014506 0.46258188021489066
20 0.4302283993520718 0.42999849108679095
30 0.42327411176448637 0.4168362722823474
40 0.4206289509021266 0.41064730316189685
50 0.4188550229248639 0.40687970895871595
60 0.417405375418195 0.40425575805623937
70 0.41616826183227773 0.4021970260894185
80 0.41511647360038456 0.40046707808897225
90 0.41423160154883665 0.3989875711621166
100 0.4134921971755355 0.39772773355840485
200 0.4101758194976031 0.3922789391512253
300 0.40917324832478524 0.391436682309749
400 0.40868334447406013 0.3914879887790376
500 0.4083932380728067 0.3917734739320422
600 0.4082056543875098 0.3921410937304134
================================================================================
=                                   round 9                                    =
================================================================================
1 0.5021429051134139 0.4750438763397279
2 0.5013864269034642 0.4749553503282758
3 0.5001041831004587 0.4747842265003595
4 0.4979672505652689 0.474446229948878
5 0.49458314240975604 0.47378776708955234
6 0.48973300950531473 0.47259813934161543
7 0.4835516912154384 0.470681454011015
8 0.4765081014161421 0.46794049546364486
9 0.4691870601732703 0.4643950155759873
10 0.4620568617054668 0.460152381916157
20 0.4216430979466984 0.4235283420792252
30 0.41337612937728624 0.41119701317209273
40 0.4105712226838881 0.40423191485778065
50 0.40889117012373605 0.3993275114276519
60 0.40763051363755526 0.395780375767604
70 0.4065787873533922 0.39300274418592923
80 0.4056774149555163 0.3906406621639036
90 0.4049037524917619 0.38852747440830676
100 0.40423950953417437 0.3865886910573255
200 0.4003125652027236 0.37302211845136746
300 0.39816044010999657 0.3677770237771461
400 0.3968236888668597 0.36521232553626193
500 0.3959258378784497 0.3635849814143288
600 0.3952830522667581 0.36241895224232035
700 0.3947962193521152 0.3615099981695187
800 0.39440867334464086 0.36075321118296894
900 0.3940867912377332 0.3600926900998909
1000 0.3938101775293198 0.35949937659749226
2000 0.392119385773267 0.3558797815042316
3000 0.3912664107261348 0.3547058234801955
4000 0.3907646652773696 0.3544198005231447
5000 0.39043993716269754 0.35443726515977264
6000 0.39021414225001355 0.354555700063106
7000 0.3900484700258224 0.3547012590677
8000 0.3899218182273182 0.3548455719748144
================================================================================
=                                   round 10                                   =
================================================================================
1 0.49225873230896056 0.492309726440936
2 0.4915395142016917 0.4922993695496851
3 0.49032330464957863 0.4921661326702171
4 0.48826277949215363 0.4918499596793783
5 0.4849453663666713 0.49122329172274054
6 0.480123722668953 0.49016615712153994
7 0.47395403538168235 0.4886693085900049
8 0.46701536969278895 0.4868708163857457
9 0.46002247451652273 0.48493079670080597
10 0.45348087508368085 0.4828911347536016
20 0.4165284370087092 0.46197876328254117
30 0.40603951157594 0.4563345987366904
40 0.40122726958109184 0.4534421929707989
50 0.3985051479314793 0.44990649979754493
60 0.39676606623845423 0.4461972863006951
70 0.3953123324313915 0.44267695432800924
80 0.39399127988900656 0.43953392177470385
90 0.3928153341400723 0.4368650442724037
100 0.39179352523779215 0.4346359024752818
200 0.3866863490447536 0.4236625459762599
300 0.3847699559536887 0.4195414656847177
400 0.38363689247734684 0.41712887341925975
500 0.3828298488144529 0.4153405280547047
600 0.3822077820378207 0.4138867050688101
700 0.3817098228913078 0.41267652878239225
800 0.38130201870146263 0.41166322284764767
900 0.3809624493166275 0.4108104122669975
1000 0.38067594196513765 0.4100878052407452
2000 0.37923527797732043 0.40648251254057377
3000 0.3787274917973227 0.40526981310937976
4000 0.3784797081508723 0.4047154900397279
5000 0.37833534571853583 0.40441615316531054
6000 0.37824154097962936 0.40423741944450403
7000 0.3781759669286905 0.40412352947109703
8000 0.37812768087054544 0.40404769792120215
9000 0.37809072244853914 0.40399565391672104
10000 0.3780615793286853 0.40395918912892664
################################################################################
#                                    setup                                     #
################################################################################
min_iteration : 100
max_iteration : 10000
update_ratio : default
hidden_layer : default
hidden_layer_width : default
momentum : 0.5
################################################################################
#                                   summary                                    #
################################################################################
+-------+-------+------+-------+-------+-------+----------+-------+
| round | learn | test | train | valid | i     | MSE      | error |
+-------+-------+------+-------+-------+-------+----------+-------+
|     1 |   310 |   35 |   207 |   103 |   533 | 0.418449 |    11 |
|     2 |   310 |   35 |   207 |   103 |   343 | 0.418857 |    13 |
|     3 |   310 |   35 |   207 |   103 |  2735 | 0.428344 |    11 |
|     4 |   310 |   35 |   207 |   103 |   647 | 0.428213 |    10 |
|     5 |   310 |   35 |   207 |   103 |    99 | 0.421102 |    12 |
|     6 |   311 |   34 |   208 |   103 |    78 | 0.405068 |    10 |
|     7 |   311 |   34 |   208 |   103 | 10000 | 0.351825 |    13 |
|     8 |   311 |   34 |   208 |   103 |   333 | 0.391408 |     9 |
|     9 |   311 |   34 |   208 |   103 |  4357 | 0.354406 |    14 |
|    10 |   311 |   34 |   208 |   103 | 10000 | 0.403959 |     8 |
+-------+-------+------+-------+-------+-------+----------+-------+
################################################################################
#                                  statistics                                  #
################################################################################
+-----+--------+----------+-----+--------------+
|     | i      | accuracy | SE  | 95% CI       |
+-----+--------+----------+-----+--------------+
| ann | 2912.5 |     67.8 | 5.3 | (56.1, 79.5) |
+-----+--------+----------+-----+--------------+
