================================================================================
=                                   round 1                                    =
================================================================================
# of learning examples = 240
# of pruning examples = 120
# of test examples = 40
------------------------------- before pruning: --------------------------------
# of error = 5
error rate = 0.125
ID3 (13 leaves)
 `- root [146 ckd, 94 notckd]
     |- Serum_Creatinine=[, 1.25) [29 ckd, 94 notckd]
     |   |- Specific_Gravity=1.025, class=notckd [0 ckd, 42 notckd]
     |   |- Specific_Gravity=1.020 [7 ckd, 51 notckd]
     |   |   |- Hemoglobin=[, 12.5), class=ckd [6 ckd, 0 notckd]
     |   |   `- Hemoglobin=[12.5, ) [1 ckd, 51 notckd]
     |   |       |- Albumin=0, class=notckd [0 ckd, 51 notckd]
     |   |       |- Albumin=1, class=ckd [1 ckd, 0 notckd]
     |   |       |- Albumin=4, class=notckd [0 ckd, 0 notckd]
     |   |       |- Albumin=2, class=notckd [0 ckd, 0 notckd]
     |   |       |- Albumin=3, class=notckd [0 ckd, 0 notckd]
     |   |       `- Albumin=5, class=notckd [0 ckd, 0 notckd]
     |   |- Specific_Gravity=1.010, class=ckd [12 ckd, 0 notckd]
     |   |- Specific_Gravity=1.015 [9 ckd, 1 notckd]
     |   |   |- Blood=[, 65.0), class=notckd [0 ckd, 1 notckd]
     |   |   `- Blood=[65.0, ), class=ckd [9 ckd, 0 notckd]
     |   `- Specific_Gravity=1.005, class=ckd [1 ckd, 0 notckd]
     `- Serum_Creatinine=[1.25, ), class=ckd [117 ckd, 0 notckd]
-------------------------------- after pruning: --------------------------------
# of error = 4
error rate = 0.1
ID3 (8 leaves)
 `- root [146 ckd, 94 notckd]
     |- Serum_Creatinine=[, 1.25) [29 ckd, 94 notckd]
     |   |- Specific_Gravity=1.025, class=notckd [0 ckd, 42 notckd]
     |   |- Specific_Gravity=1.020 [7 ckd, 51 notckd]
     |   |   |- Hemoglobin=[, 12.5), class=ckd [6 ckd, 0 notckd]
     |   |   `- Hemoglobin=[12.5, ), class=notckd [1 ckd, 51 notckd]
     |   |- Specific_Gravity=1.010, class=ckd [12 ckd, 0 notckd]
     |   |- Specific_Gravity=1.015 [9 ckd, 1 notckd]
     |   |   |- Blood=[, 65.0), class=notckd [0 ckd, 1 notckd]
     |   |   `- Blood=[65.0, ), class=ckd [9 ckd, 0 notckd]
     |   `- Specific_Gravity=1.005, class=ckd [1 ckd, 0 notckd]
     `- Serum_Creatinine=[1.25, ), class=ckd [117 ckd, 0 notckd]
----------------------------- majority classifier ------------------------------
# of error = 13
error rate = 0.325
Majority (class = ckd)
================================================================================
=                                   round 2                                    =
================================================================================
# of learning examples = 240
# of pruning examples = 120
# of test examples = 40
------------------------------- before pruning: --------------------------------
# of error = 1
error rate = 0.025
ID3 (19 leaves)
 `- root [151 ckd, 89 notckd]
     |- Serum_Creatinine=[, 1.25) [31 ckd, 89 notckd]
     |   |- Specific_Gravity=1.020 [9 ckd, 47 notckd]
     |   |   |- Hemoglobin=[, 12.85) [8 ckd, 1 notckd]
     |   |   |   |- Red_Blood_Cells=abnormal, class=ckd [7 ckd, 0 notckd]
     |   |   |   `- Red_Blood_Cells=normal [1 ckd, 1 notckd]
     |   |   |       |- Age=[, 50.0), class=notckd [0 ckd, 1 notckd]
     |   |   |       `- Age=[50.0, ), class=ckd [1 ckd, 0 notckd]
     |   |   `- Hemoglobin=[12.85, ) [1 ckd, 46 notckd]
     |   |       |- Albumin=0, class=notckd [0 ckd, 46 notckd]
     |   |       |- Albumin=1, class=ckd [1 ckd, 0 notckd]
     |   |       |- Albumin=4, class=notckd [0 ckd, 0 notckd]
     |   |       |- Albumin=2, class=notckd [0 ckd, 0 notckd]
     |   |       |- Albumin=3, class=notckd [0 ckd, 0 notckd]
     |   |       `- Albumin=5, class=notckd [0 ckd, 0 notckd]
     |   |- Specific_Gravity=1.025 [2 ckd, 42 notckd]
     |   |   |- Albumin=0, class=notckd [0 ckd, 42 notckd]
     |   |   |- Albumin=1, class=ckd [1 ckd, 0 notckd]
     |   |   |- Albumin=3, class=ckd [1 ckd, 0 notckd]
     |   |   |- Albumin=4, class=notckd [0 ckd, 0 notckd]
     |   |   |- Albumin=2, class=notckd [0 ckd, 0 notckd]
     |   |   `- Albumin=5, class=notckd [0 ckd, 0 notckd]
     |   |- Specific_Gravity=1.015, class=ckd [10 ckd, 0 notckd]
     |   |- Specific_Gravity=1.010, class=ckd [9 ckd, 0 notckd]
     |   `- Specific_Gravity=1.005, class=ckd [1 ckd, 0 notckd]
     `- Serum_Creatinine=[1.25, ), class=ckd [120 ckd, 0 notckd]
-------------------------------- after pruning: --------------------------------
# of error = 3
error rate = 0.075
ID3 (14 leaves)
 `- root [151 ckd, 89 notckd]
     |- Serum_Creatinine=[, 1.25) [31 ckd, 89 notckd]
     |   |- Specific_Gravity=1.020 [9 ckd, 47 notckd]
     |   |   |- Hemoglobin=[, 12.85) [8 ckd, 1 notckd]
     |   |   |   |- Red_Blood_Cells=abnormal, class=ckd [7 ckd, 0 notckd]
     |   |   |   `- Red_Blood_Cells=normal [1 ckd, 1 notckd]
     |   |   |       |- Age=[, 50.0), class=notckd [0 ckd, 1 notckd]
     |   |   |       `- Age=[50.0, ), class=ckd [1 ckd, 0 notckd]
     |   |   `- Hemoglobin=[12.85, ), class=notckd [1 ckd, 46 notckd]
     |   |- Specific_Gravity=1.025 [2 ckd, 42 notckd]
     |   |   |- Albumin=0, class=notckd [0 ckd, 42 notckd]
     |   |   |- Albumin=1, class=ckd [1 ckd, 0 notckd]
     |   |   |- Albumin=3, class=ckd [1 ckd, 0 notckd]
     |   |   |- Albumin=4, class=notckd [0 ckd, 0 notckd]
     |   |   |- Albumin=2, class=notckd [0 ckd, 0 notckd]
     |   |   `- Albumin=5, class=notckd [0 ckd, 0 notckd]
     |   |- Specific_Gravity=1.015, class=ckd [10 ckd, 0 notckd]
     |   |- Specific_Gravity=1.010, class=ckd [9 ckd, 0 notckd]
     |   `- Specific_Gravity=1.005, class=ckd [1 ckd, 0 notckd]
     `- Serum_Creatinine=[1.25, ), class=ckd [120 ckd, 0 notckd]
----------------------------- majority classifier ------------------------------
# of error = 18
error rate = 0.45
Majority (class = ckd)
================================================================================
=                                   round 3                                    =
================================================================================
# of learning examples = 240
# of pruning examples = 120
# of test examples = 40
------------------------------- before pruning: --------------------------------
# of error = 1
error rate = 0.025
ID3 (11 leaves)
 `- root [155 ckd, 85 notckd]
     |- Serum_Creatinine=[, 1.25) [34 ckd, 85 notckd]
     |   |- Specific_Gravity=1.020 [10 ckd, 41 notckd]
     |   |   |- Hemoglobin=[, 12.85) [8 ckd, 2 notckd]
     |   |   |   |- Sodium=[, 142.5), class=ckd [7 ckd, 0 notckd]
     |   |   |   `- Sodium=[142.5, ) [1 ckd, 2 notckd]
     |   |   |       |- Red_Blood_Cells=normal, class=notckd [0 ckd, 2 notckd]
     |   |   |       `- Red_Blood_Cells=abnormal, class=ckd [1 ckd, 0 notckd]
     |   |   `- Hemoglobin=[12.85, ) [2 ckd, 39 notckd]
     |   |       |- Diabetes_Mellitus=no, class=notckd [0 ckd, 39 notckd]
     |   |       `- Diabetes_Mellitus=yes, class=ckd [2 ckd, 0 notckd]
     |   |- Specific_Gravity=1.025 [2 ckd, 44 notckd]
     |   |   |- Appetite=good, class=notckd [0 ckd, 44 notckd]
     |   |   `- Appetite=poor, class=ckd [2 ckd, 0 notckd]
     |   |- Specific_Gravity=1.015, class=ckd [10 ckd, 0 notckd]
     |   |- Specific_Gravity=1.010, class=ckd [11 ckd, 0 notckd]
     |   `- Specific_Gravity=1.005, class=ckd [1 ckd, 0 notckd]
     `- Serum_Creatinine=[1.25, ), class=ckd [121 ckd, 0 notckd]
-------------------------------- after pruning: --------------------------------
# of error = 3
error rate = 0.075
ID3 (11 leaves)
 `- root [155 ckd, 85 notckd]
     |- Serum_Creatinine=[, 1.25) [34 ckd, 85 notckd]
     |   |- Specific_Gravity=1.020 [10 ckd, 41 notckd]
     |   |   |- Hemoglobin=[, 12.85) [8 ckd, 2 notckd]
     |   |   |   |- Sodium=[, 142.5), class=ckd [7 ckd, 0 notckd]
     |   |   |   `- Sodium=[142.5, ) [1 ckd, 2 notckd]
     |   |   |       |- Red_Blood_Cells=normal, class=notckd [0 ckd, 2 notckd]
     |   |   |       `- Red_Blood_Cells=abnormal, class=ckd [1 ckd, 0 notckd]
     |   |   `- Hemoglobin=[12.85, ) [2 ckd, 39 notckd]
     |   |       |- Diabetes_Mellitus=no, class=notckd [0 ckd, 39 notckd]
     |   |       `- Diabetes_Mellitus=yes, class=ckd [2 ckd, 0 notckd]
     |   |- Specific_Gravity=1.025 [2 ckd, 44 notckd]
     |   |   |- Appetite=good, class=notckd [0 ckd, 44 notckd]
     |   |   `- Appetite=poor, class=ckd [2 ckd, 0 notckd]
     |   |- Specific_Gravity=1.015, class=ckd [10 ckd, 0 notckd]
     |   |- Specific_Gravity=1.010, class=ckd [11 ckd, 0 notckd]
     |   `- Specific_Gravity=1.005, class=ckd [1 ckd, 0 notckd]
     `- Serum_Creatinine=[1.25, ), class=ckd [121 ckd, 0 notckd]
----------------------------- majority classifier ------------------------------
# of error = 18
error rate = 0.45
Majority (class = ckd)
================================================================================
=                                   round 4                                    =
================================================================================
# of learning examples = 240
# of pruning examples = 120
# of test examples = 40
------------------------------- before pruning: --------------------------------
# of error = 0
error rate = 0.0
ID3 (24 leaves)
 `- root [154 ckd, 86 notckd]
     |- Hemoglobin=[, 12.850000000000001) [122 ckd, 2 notckd]
     |   |- Packed_Cell_Volume=[, 41.5), class=ckd [119 ckd, 0 notckd]
     |   `- Packed_Cell_Volume=[41.5, ) [3 ckd, 2 notckd]
     |       |- Specific_Gravity=1.015, class=ckd [1 ckd, 0 notckd]
     |       |- Specific_Gravity=1.020 [1 ckd, 2 notckd]
     |       |   |- Red_Blood_Cells=abnormal, class=ckd [1 ckd, 0 notckd]
     |       |   `- Red_Blood_Cells=normal, class=notckd [0 ckd, 2 notckd]
     |       |- Specific_Gravity=1.010, class=ckd [1 ckd, 0 notckd]
     |       |- Specific_Gravity=1.005, class=ckd [0 ckd, 0 notckd]
     |       `- Specific_Gravity=1.025, class=ckd [0 ckd, 0 notckd]
     `- Hemoglobin=[12.850000000000001, ) [32 ckd, 84 notckd]
         |- Specific_Gravity=1.020 [7 ckd, 37 notckd]
         |   |- Albumin=0 [3 ckd, 37 notckd]
         |   |   |- Serum_Creatinine=[, 1.5499999999999998) [1 ckd, 37 notckd]
         |   |   |   |- Sugar=0, class=notckd [0 ckd, 37 notckd]
         |   |   |   |- Sugar=2, class=ckd [1 ckd, 0 notckd]
         |   |   |   |- Sugar=3, class=notckd [0 ckd, 0 notckd]
         |   |   |   |- Sugar=4, class=notckd [0 ckd, 0 notckd]
         |   |   |   |- Sugar=1, class=notckd [0 ckd, 0 notckd]
         |   |   |   `- Sugar=5, class=notckd [0 ckd, 0 notckd]
         |   |   `- Serum_Creatinine=[1.5499999999999998, ), class=ckd [2 ckd, 0 notckd]
         |   |- Albumin=2, class=ckd [1 ckd, 0 notckd]
         |   |- Albumin=1, class=ckd [2 ckd, 0 notckd]
         |   |- Albumin=4, class=ckd [1 ckd, 0 notckd]
         |   |- Albumin=3, class=notckd [0 ckd, 0 notckd]
         |   `- Albumin=5, class=notckd [0 ckd, 0 notckd]
         |- Specific_Gravity=1.025 [3 ckd, 47 notckd]
         |   |- Diabetes_Mellitus=no, class=notckd [0 ckd, 47 notckd]
         |   `- Diabetes_Mellitus=yes, class=ckd [3 ckd, 0 notckd]
         |- Specific_Gravity=1.010, class=ckd [10 ckd, 0 notckd]
         |- Specific_Gravity=1.015, class=ckd [11 ckd, 0 notckd]
         `- Specific_Gravity=1.005, class=ckd [1 ckd, 0 notckd]
-------------------------------- after pruning: --------------------------------
# of error = 0
error rate = 0.0
ID3 (7 leaves)
 `- root [154 ckd, 86 notckd]
     |- Hemoglobin=[, 12.850000000000001), class=ckd [122 ckd, 2 notckd]
     `- Hemoglobin=[12.850000000000001, ) [32 ckd, 84 notckd]
         |- Specific_Gravity=1.020, class=notckd [7 ckd, 37 notckd]
         |- Specific_Gravity=1.025 [3 ckd, 47 notckd]
         |   |- Diabetes_Mellitus=no, class=notckd [0 ckd, 47 notckd]
         |   `- Diabetes_Mellitus=yes, class=ckd [3 ckd, 0 notckd]
         |- Specific_Gravity=1.010, class=ckd [10 ckd, 0 notckd]
         |- Specific_Gravity=1.015, class=ckd [11 ckd, 0 notckd]
         `- Specific_Gravity=1.005, class=ckd [1 ckd, 0 notckd]
----------------------------- majority classifier ------------------------------
# of error = 13
error rate = 0.325
Majority (class = ckd)
================================================================================
=                                   round 5                                    =
================================================================================
# of learning examples = 240
# of pruning examples = 120
# of test examples = 40
------------------------------- before pruning: --------------------------------
# of error = 0
error rate = 0.0
ID3 (15 leaves)
 `- root [157 ckd, 83 notckd]
     |- Hemoglobin=[, 13.05) [130 ckd, 3 notckd]
     |   |- Packed_Cell_Volume=[, 44.5) [130 ckd, 1 notckd]
     |   |   |- Red_Blood_Cell_Count=[, 2.2) [3 ckd, 1 notckd]
     |   |   |   |- Blood=[, 75.0), class=ckd [3 ckd, 0 notckd]
     |   |   |   `- Blood=[75.0, ), class=notckd [0 ckd, 1 notckd]
     |   |   `- Red_Blood_Cell_Count=[2.2, ), class=ckd [127 ckd, 0 notckd]
     |   `- Packed_Cell_Volume=[44.5, ), class=notckd [0 ckd, 2 notckd]
     `- Hemoglobin=[13.05, ) [27 ckd, 80 notckd]
         |- Specific_Gravity=1.020 [5 ckd, 33 notckd]
         |   |- Albumin=0, class=notckd [0 ckd, 33 notckd]
         |   |- Albumin=2, class=ckd [1 ckd, 0 notckd]
         |   |- Albumin=1, class=ckd [3 ckd, 0 notckd]
         |   |- Albumin=4, class=ckd [1 ckd, 0 notckd]
         |   |- Albumin=3, class=notckd [0 ckd, 0 notckd]
         |   `- Albumin=5, class=notckd [0 ckd, 0 notckd]
         |- Specific_Gravity=1.025 [3 ckd, 47 notckd]
         |   |- Pedal_Edema=no, class=notckd [0 ckd, 47 notckd]
         |   `- Pedal_Edema=yes, class=ckd [3 ckd, 0 notckd]
         |- Specific_Gravity=1.010, class=ckd [8 ckd, 0 notckd]
         |- Specific_Gravity=1.015, class=ckd [11 ckd, 0 notckd]
         `- Specific_Gravity=1.005, class=notckd [0 ckd, 0 notckd]
-------------------------------- after pruning: --------------------------------
# of error = 1
error rate = 0.025
ID3 (13 leaves)
 `- root [157 ckd, 83 notckd]
     |- Hemoglobin=[, 13.05) [130 ckd, 3 notckd]
     |   |- Packed_Cell_Volume=[, 44.5), class=ckd [130 ckd, 1 notckd]
     |   `- Packed_Cell_Volume=[44.5, ), class=notckd [0 ckd, 2 notckd]
     `- Hemoglobin=[13.05, ) [27 ckd, 80 notckd]
         |- Specific_Gravity=1.020 [5 ckd, 33 notckd]
         |   |- Albumin=0, class=notckd [0 ckd, 33 notckd]
         |   |- Albumin=2, class=ckd [1 ckd, 0 notckd]
         |   |- Albumin=1, class=ckd [3 ckd, 0 notckd]
         |   |- Albumin=4, class=ckd [1 ckd, 0 notckd]
         |   |- Albumin=3, class=notckd [0 ckd, 0 notckd]
         |   `- Albumin=5, class=notckd [0 ckd, 0 notckd]
         |- Specific_Gravity=1.025 [3 ckd, 47 notckd]
         |   |- Pedal_Edema=no, class=notckd [0 ckd, 47 notckd]
         |   `- Pedal_Edema=yes, class=ckd [3 ckd, 0 notckd]
         |- Specific_Gravity=1.010, class=ckd [8 ckd, 0 notckd]
         |- Specific_Gravity=1.015, class=ckd [11 ckd, 0 notckd]
         `- Specific_Gravity=1.005, class=notckd [0 ckd, 0 notckd]
----------------------------- majority classifier ------------------------------
# of error = 18
error rate = 0.45
Majority (class = ckd)
================================================================================
=                                   round 6                                    =
================================================================================
# of learning examples = 240
# of pruning examples = 120
# of test examples = 40
------------------------------- before pruning: --------------------------------
# of error = 0
error rate = 0.0
ID3 (16 leaves)
 `- root [156 ckd, 84 notckd]
     |- Hemoglobin=[, 12.95) [130 ckd, 3 notckd]
     |   |- Serum_Creatinine=[, 1.05) [13 ckd, 3 notckd]
     |   |   |- Blood_Urea=[, 28.5), class=ckd [11 ckd, 0 notckd]
     |   |   `- Blood_Urea=[28.5, ) [2 ckd, 3 notckd]
     |   |       |- Red_Blood_Cells=abnormal, class=ckd [2 ckd, 0 notckd]
     |   |       `- Red_Blood_Cells=normal, class=notckd [0 ckd, 3 notckd]
     |   `- Serum_Creatinine=[1.05, ), class=ckd [117 ckd, 0 notckd]
     `- Hemoglobin=[12.95, ) [26 ckd, 81 notckd]
         |- Specific_Gravity=1.020 [5 ckd, 37 notckd]
         |   |- Albumin=0 [2 ckd, 37 notckd]
         |   |   |- Serum_Creatinine=[, 1.5), class=notckd [0 ckd, 37 notckd]
         |   |   `- Serum_Creatinine=[1.5, ), class=ckd [2 ckd, 0 notckd]
         |   |- Albumin=2, class=ckd [1 ckd, 0 notckd]
         |   |- Albumin=1, class=ckd [1 ckd, 0 notckd]
         |   |- Albumin=4, class=ckd [1 ckd, 0 notckd]
         |   |- Albumin=3, class=notckd [0 ckd, 0 notckd]
         |   `- Albumin=5, class=notckd [0 ckd, 0 notckd]
         |- Specific_Gravity=1.025 [3 ckd, 44 notckd]
         |   |- Serum_Creatinine=[, 1.25), class=notckd [0 ckd, 44 notckd]
         |   `- Serum_Creatinine=[1.25, ), class=ckd [3 ckd, 0 notckd]
         |- Specific_Gravity=1.010, class=ckd [11 ckd, 0 notckd]
         |- Specific_Gravity=1.015, class=ckd [7 ckd, 0 notckd]
         `- Specific_Gravity=1.005, class=notckd [0 ckd, 0 notckd]
-------------------------------- after pruning: --------------------------------
# of error = 0
error rate = 0.0
ID3 (13 leaves)
 `- root [156 ckd, 84 notckd]
     |- Hemoglobin=[, 12.95), class=ckd [130 ckd, 3 notckd]
     `- Hemoglobin=[12.95, ) [26 ckd, 81 notckd]
         |- Specific_Gravity=1.020 [5 ckd, 37 notckd]
         |   |- Albumin=0 [2 ckd, 37 notckd]
         |   |   |- Serum_Creatinine=[, 1.5), class=notckd [0 ckd, 37 notckd]
         |   |   `- Serum_Creatinine=[1.5, ), class=ckd [2 ckd, 0 notckd]
         |   |- Albumin=2, class=ckd [1 ckd, 0 notckd]
         |   |- Albumin=1, class=ckd [1 ckd, 0 notckd]
         |   |- Albumin=4, class=ckd [1 ckd, 0 notckd]
         |   |- Albumin=3, class=notckd [0 ckd, 0 notckd]
         |   `- Albumin=5, class=notckd [0 ckd, 0 notckd]
         |- Specific_Gravity=1.025 [3 ckd, 44 notckd]
         |   |- Serum_Creatinine=[, 1.25), class=notckd [0 ckd, 44 notckd]
         |   `- Serum_Creatinine=[1.25, ), class=ckd [3 ckd, 0 notckd]
         |- Specific_Gravity=1.010, class=ckd [11 ckd, 0 notckd]
         |- Specific_Gravity=1.015, class=ckd [7 ckd, 0 notckd]
         `- Specific_Gravity=1.005, class=notckd [0 ckd, 0 notckd]
----------------------------- majority classifier ------------------------------
# of error = 11
error rate = 0.275
Majority (class = ckd)
================================================================================
=                                   round 7                                    =
================================================================================
# of learning examples = 240
# of pruning examples = 120
# of test examples = 40
------------------------------- before pruning: --------------------------------
# of error = 2
error rate = 0.05
ID3 (17 leaves)
 `- root [154 ckd, 86 notckd]
     |- Hemoglobin=[, 13.05) [127 ckd, 3 notckd]
     |   |- Serum_Creatinine=[, 1.05) [11 ckd, 3 notckd]
     |   |   |- Blood_Urea=[, 28.5), class=ckd [9 ckd, 0 notckd]
     |   |   `- Blood_Urea=[28.5, ) [2 ckd, 3 notckd]
     |   |       |- Red_Blood_Cells=abnormal, class=ckd [2 ckd, 0 notckd]
     |   |       `- Red_Blood_Cells=normal, class=notckd [0 ckd, 3 notckd]
     |   `- Serum_Creatinine=[1.05, ), class=ckd [116 ckd, 0 notckd]
     `- Hemoglobin=[13.05, ) [27 ckd, 83 notckd]
         |- Specific_Gravity=1.020 [5 ckd, 36 notckd]
         |   |- Albumin=0 [1 ckd, 36 notckd]
         |   |   |- Serum_Creatinine=[, 1.7000000000000002), class=notckd [0 ckd, 36 notckd]
         |   |   `- Serum_Creatinine=[1.7000000000000002, ), class=ckd [1 ckd, 0 notckd]
         |   |- Albumin=2, class=ckd [1 ckd, 0 notckd]
         |   |- Albumin=1, class=ckd [2 ckd, 0 notckd]
         |   |- Albumin=4, class=ckd [1 ckd, 0 notckd]
         |   |- Albumin=3, class=notckd [0 ckd, 0 notckd]
         |   `- Albumin=5, class=notckd [0 ckd, 0 notckd]
         |- Specific_Gravity=1.025 [4 ckd, 47 notckd]
         |   |- Serum_Creatinine=[, 1.25) [1 ckd, 47 notckd]
         |   |   |- Blood=[, 85.0), class=notckd [0 ckd, 47 notckd]
         |   |   `- Blood=[85.0, ), class=ckd [1 ckd, 0 notckd]
         |   `- Serum_Creatinine=[1.25, ), class=ckd [3 ckd, 0 notckd]
         |- Specific_Gravity=1.015, class=ckd [8 ckd, 0 notckd]
         |- Specific_Gravity=1.010, class=ckd [10 ckd, 0 notckd]
         `- Specific_Gravity=1.005, class=notckd [0 ckd, 0 notckd]
-------------------------------- after pruning: --------------------------------
# of error = 2
error rate = 0.05
ID3 (7 leaves)
 `- root [154 ckd, 86 notckd]
     |- Hemoglobin=[, 13.05), class=ckd [127 ckd, 3 notckd]
     `- Hemoglobin=[13.05, ) [27 ckd, 83 notckd]
         |- Specific_Gravity=1.020, class=notckd [5 ckd, 36 notckd]
         |- Specific_Gravity=1.025 [4 ckd, 47 notckd]
         |   |- Serum_Creatinine=[, 1.25), class=notckd [1 ckd, 47 notckd]
         |   `- Serum_Creatinine=[1.25, ), class=ckd [3 ckd, 0 notckd]
         |- Specific_Gravity=1.015, class=ckd [8 ckd, 0 notckd]
         |- Specific_Gravity=1.010, class=ckd [10 ckd, 0 notckd]
         `- Specific_Gravity=1.005, class=notckd [0 ckd, 0 notckd]
----------------------------- majority classifier ------------------------------
# of error = 12
error rate = 0.3
Majority (class = ckd)
================================================================================
=                                   round 8                                    =
================================================================================
# of learning examples = 240
# of pruning examples = 120
# of test examples = 40
------------------------------- before pruning: --------------------------------
# of error = 0
error rate = 0.0
ID3 (15 leaves)
 `- root [156 ckd, 84 notckd]
     |- Serum_Creatinine=[, 1.25) [25 ckd, 83 notckd]
     |   |- Specific_Gravity=1.020 [6 ckd, 38 notckd]
     |   |   |- Albumin=0 [1 ckd, 38 notckd]
     |   |   |   |- Red_Blood_Cells=normal, class=notckd [0 ckd, 38 notckd]
     |   |   |   `- Red_Blood_Cells=abnormal, class=ckd [1 ckd, 0 notckd]
     |   |   |- Albumin=4, class=ckd [2 ckd, 0 notckd]
     |   |   |- Albumin=1, class=ckd [2 ckd, 0 notckd]
     |   |   |- Albumin=3, class=ckd [1 ckd, 0 notckd]
     |   |   |- Albumin=2, class=notckd [0 ckd, 0 notckd]
     |   |   `- Albumin=5, class=notckd [0 ckd, 0 notckd]
     |   |- Specific_Gravity=1.025 [3 ckd, 45 notckd]
     |   |   |- Appetite=good, class=notckd [0 ckd, 45 notckd]
     |   |   `- Appetite=poor, class=ckd [3 ckd, 0 notckd]
     |   |- Specific_Gravity=1.015, class=ckd [8 ckd, 0 notckd]
     |   |- Specific_Gravity=1.010, class=ckd [8 ckd, 0 notckd]
     |   `- Specific_Gravity=1.005, class=notckd [0 ckd, 0 notckd]
     `- Serum_Creatinine=[1.25, ) [131 ckd, 1 notckd]
         |- Hemoglobin=[, 15.15), class=ckd [130 ckd, 0 notckd]
         `- Hemoglobin=[15.15, ) [1 ckd, 1 notckd]
             |- Age=[, 68.0), class=ckd [1 ckd, 0 notckd]
             `- Age=[68.0, ), class=notckd [0 ckd, 1 notckd]
-------------------------------- after pruning: --------------------------------
# of error = 1
error rate = 0.025
ID3 (15 leaves)
 `- root [156 ckd, 84 notckd]
     |- Serum_Creatinine=[, 1.25) [25 ckd, 83 notckd]
     |   |- Specific_Gravity=1.020 [6 ckd, 38 notckd]
     |   |   |- Albumin=0 [1 ckd, 38 notckd]
     |   |   |   |- Red_Blood_Cells=normal, class=notckd [0 ckd, 38 notckd]
     |   |   |   `- Red_Blood_Cells=abnormal, class=ckd [1 ckd, 0 notckd]
     |   |   |- Albumin=4, class=ckd [2 ckd, 0 notckd]
     |   |   |- Albumin=1, class=ckd [2 ckd, 0 notckd]
     |   |   |- Albumin=3, class=ckd [1 ckd, 0 notckd]
     |   |   |- Albumin=2, class=notckd [0 ckd, 0 notckd]
     |   |   `- Albumin=5, class=notckd [0 ckd, 0 notckd]
     |   |- Specific_Gravity=1.025 [3 ckd, 45 notckd]
     |   |   |- Appetite=good, class=notckd [0 ckd, 45 notckd]
     |   |   `- Appetite=poor, class=ckd [3 ckd, 0 notckd]
     |   |- Specific_Gravity=1.015, class=ckd [8 ckd, 0 notckd]
     |   |- Specific_Gravity=1.010, class=ckd [8 ckd, 0 notckd]
     |   `- Specific_Gravity=1.005, class=notckd [0 ckd, 0 notckd]
     `- Serum_Creatinine=[1.25, ) [131 ckd, 1 notckd]
         |- Hemoglobin=[, 15.15), class=ckd [130 ckd, 0 notckd]
         `- Hemoglobin=[15.15, ) [1 ckd, 1 notckd]
             |- Age=[, 68.0), class=ckd [1 ckd, 0 notckd]
             `- Age=[68.0, ), class=notckd [0 ckd, 1 notckd]
----------------------------- majority classifier ------------------------------
# of error = 13
error rate = 0.325
Majority (class = ckd)
================================================================================
=                                   round 9                                    =
================================================================================
# of learning examples = 240
# of pruning examples = 120
# of test examples = 40
------------------------------- before pruning: --------------------------------
# of error = 0
error rate = 0.0
ID3 (15 leaves)
 `- root [159 ckd, 81 notckd]
     |- Serum_Creatinine=[, 1.25) [29 ckd, 80 notckd]
     |   |- Specific_Gravity=1.020 [6 ckd, 34 notckd]
     |   |   |- Albumin=0 [1 ckd, 34 notckd]
     |   |   |   |- Red_Blood_Cells=normal, class=notckd [0 ckd, 34 notckd]
     |   |   |   `- Red_Blood_Cells=abnormal, class=ckd [1 ckd, 0 notckd]
     |   |   |- Albumin=4, class=ckd [2 ckd, 0 notckd]
     |   |   |- Albumin=1, class=ckd [2 ckd, 0 notckd]
     |   |   |- Albumin=3, class=ckd [1 ckd, 0 notckd]
     |   |   |- Albumin=2, class=notckd [0 ckd, 0 notckd]
     |   |   `- Albumin=5, class=notckd [0 ckd, 0 notckd]
     |   |- Specific_Gravity=1.025 [3 ckd, 46 notckd]
     |   |   |- Appetite=good, class=notckd [0 ckd, 46 notckd]
     |   |   `- Appetite=poor, class=ckd [3 ckd, 0 notckd]
     |   |- Specific_Gravity=1.015, class=ckd [10 ckd, 0 notckd]
     |   |- Specific_Gravity=1.010, class=ckd [10 ckd, 0 notckd]
     |   `- Specific_Gravity=1.005, class=notckd [0 ckd, 0 notckd]
     `- Serum_Creatinine=[1.25, ) [130 ckd, 1 notckd]
         |- Hemoglobin=[, 15.15), class=ckd [129 ckd, 0 notckd]
         `- Hemoglobin=[15.15, ) [1 ckd, 1 notckd]
             |- Age=[, 68.0), class=ckd [1 ckd, 0 notckd]
             `- Age=[68.0, ), class=notckd [0 ckd, 1 notckd]
-------------------------------- after pruning: --------------------------------
# of error = 0
error rate = 0.0
ID3 (13 leaves)
 `- root [159 ckd, 81 notckd]
     |- Serum_Creatinine=[, 1.25) [29 ckd, 80 notckd]
     |   |- Specific_Gravity=1.020 [6 ckd, 34 notckd]
     |   |   |- Albumin=0 [1 ckd, 34 notckd]
     |   |   |   |- Red_Blood_Cells=normal, class=notckd [0 ckd, 34 notckd]
     |   |   |   `- Red_Blood_Cells=abnormal, class=ckd [1 ckd, 0 notckd]
     |   |   |- Albumin=4, class=ckd [2 ckd, 0 notckd]
     |   |   |- Albumin=1, class=ckd [2 ckd, 0 notckd]
     |   |   |- Albumin=3, class=ckd [1 ckd, 0 notckd]
     |   |   |- Albumin=2, class=notckd [0 ckd, 0 notckd]
     |   |   `- Albumin=5, class=notckd [0 ckd, 0 notckd]
     |   |- Specific_Gravity=1.025 [3 ckd, 46 notckd]
     |   |   |- Appetite=good, class=notckd [0 ckd, 46 notckd]
     |   |   `- Appetite=poor, class=ckd [3 ckd, 0 notckd]
     |   |- Specific_Gravity=1.015, class=ckd [10 ckd, 0 notckd]
     |   |- Specific_Gravity=1.010, class=ckd [10 ckd, 0 notckd]
     |   `- Specific_Gravity=1.005, class=notckd [0 ckd, 0 notckd]
     `- Serum_Creatinine=[1.25, ), class=ckd [130 ckd, 1 notckd]
----------------------------- majority classifier ------------------------------
# of error = 16
error rate = 0.4
Majority (class = ckd)
================================================================================
=                                   round 10                                   =
================================================================================
# of learning examples = 240
# of pruning examples = 120
# of test examples = 40
------------------------------- before pruning: --------------------------------
# of error = 3
error rate = 0.075
ID3 (12 leaves)
 `- root [157 ckd, 83 notckd]
     |- Serum_Creatinine=[, 1.25) [29 ckd, 82 notckd]
     |   |- Specific_Gravity=1.020 [6 ckd, 36 notckd]
     |   |   |- Hemoglobin=[, 12.85) [6 ckd, 2 notckd]
     |   |   |   |- Blood=[, 75.0), class=ckd [6 ckd, 0 notckd]
     |   |   |   `- Blood=[75.0, ), class=notckd [0 ckd, 2 notckd]
     |   |   `- Hemoglobin=[12.85, ), class=notckd [0 ckd, 34 notckd]
     |   |- Specific_Gravity=1.015 [11 ckd, 1 notckd]
     |   |   |- Age=[, 66.0), class=ckd [11 ckd, 0 notckd]
     |   |   `- Age=[66.0, ), class=notckd [0 ckd, 1 notckd]
     |   |- Specific_Gravity=1.025 [2 ckd, 45 notckd]
     |   |   |- Appetite=good, class=notckd [0 ckd, 45 notckd]
     |   |   `- Appetite=poor, class=ckd [2 ckd, 0 notckd]
     |   |- Specific_Gravity=1.010, class=ckd [10 ckd, 0 notckd]
     |   `- Specific_Gravity=1.005, class=notckd [0 ckd, 0 notckd]
     `- Serum_Creatinine=[1.25, ) [128 ckd, 1 notckd]
         |- Hemoglobin=[, 15.15), class=ckd [127 ckd, 0 notckd]
         `- Hemoglobin=[15.15, ) [1 ckd, 1 notckd]
             |- Age=[, 68.0), class=ckd [1 ckd, 0 notckd]
             `- Age=[68.0, ), class=notckd [0 ckd, 1 notckd]
-------------------------------- after pruning: --------------------------------
# of error = 2
error rate = 0.05
ID3 (10 leaves)
 `- root [157 ckd, 83 notckd]
     |- Serum_Creatinine=[, 1.25) [29 ckd, 82 notckd]
     |   |- Specific_Gravity=1.020 [6 ckd, 36 notckd]
     |   |   |- Hemoglobin=[, 12.85) [6 ckd, 2 notckd]
     |   |   |   |- Blood=[, 75.0), class=ckd [6 ckd, 0 notckd]
     |   |   |   `- Blood=[75.0, ), class=notckd [0 ckd, 2 notckd]
     |   |   `- Hemoglobin=[12.85, ), class=notckd [0 ckd, 34 notckd]
     |   |- Specific_Gravity=1.015 [11 ckd, 1 notckd]
     |   |   |- Age=[, 66.0), class=ckd [11 ckd, 0 notckd]
     |   |   `- Age=[66.0, ), class=notckd [0 ckd, 1 notckd]
     |   |- Specific_Gravity=1.025 [2 ckd, 45 notckd]
     |   |   |- Appetite=good, class=notckd [0 ckd, 45 notckd]
     |   |   `- Appetite=poor, class=ckd [2 ckd, 0 notckd]
     |   |- Specific_Gravity=1.010, class=ckd [10 ckd, 0 notckd]
     |   `- Specific_Gravity=1.005, class=notckd [0 ckd, 0 notckd]
     `- Serum_Creatinine=[1.25, ), class=ckd [128 ckd, 1 notckd]
----------------------------- majority classifier ------------------------------
# of error = 18
error rate = 0.45
Majority (class = ckd)
################################################################################
#                                   summary                                    #
################################################################################
+-------+-------+-------+------+---------+---------+-------+-------+----------+
| round | learn | prune | test | leaf    | error   | leaf  | error | error    |
|       |       |       |      | (orig.) | (orig.) | (pr.) | (pr.) | (major.) |
+-------+-------+-------+------+---------+---------+-------+-------+----------+
|     1 |   240 |   120 |   40 |      13 |       5 |     8 |     4 |       13 |
|     2 |   240 |   120 |   40 |      19 |       1 |    14 |     3 |       18 |
|     3 |   240 |   120 |   40 |      11 |       1 |    11 |     3 |       18 |
|     4 |   240 |   120 |   40 |      24 |       0 |     7 |     0 |       13 |
|     5 |   240 |   120 |   40 |      15 |       0 |    13 |     1 |       18 |
|     6 |   240 |   120 |   40 |      16 |       0 |    13 |     0 |       11 |
|     7 |   240 |   120 |   40 |      17 |       2 |     7 |     2 |       12 |
|     8 |   240 |   120 |   40 |      15 |       0 |    15 |     1 |       13 |
|     9 |   240 |   120 |   40 |      15 |       0 |    13 |     0 |       16 |
|    10 |   240 |   120 |   40 |      12 |       3 |    10 |     2 |       18 |
+-------+-------+-------+------+---------+---------+-------+-------+----------+
################################################################################
#                                  statistics                                  #
################################################################################
+----------+------+----------+-----+---------------+
|          | leaf | accuracy | SE  | 95% CI        |
+----------+------+----------+-----+---------------+
|   before | 15.7 |     97.0 | 1.3 | (94.0, 100.0) |
|    after | 11.1 |     96.0 | 1.1 |  (93.5, 98.5) |
| majority |  N/A |     62.5 | 2.3 |  (57.4, 67.6) |
+----------+------+----------+-----+---------------+
