================================================================================
=                                   round 1                                    =
================================================================================
1 0.39686838358915594 0.40909049759237953
2 0.32472312096056416 0.3484463935450415
3 0.3022863911659979 0.3337884901243774
4 0.29621800611430177 0.3306577688786504
5 0.2944552076294082 0.33013453586659003
6 0.2938833453586711 0.33019810837039876
7 0.29368274401374117 0.3303582362698932
8 0.29361003234333644 0.330500767470669
9 0.2935849455646943 0.3306079724911137
10 0.29357871034758687 0.33068492862237536
20 0.2936310633745502 0.33091482138871464
30 0.2936658281455558 0.33100004866479105
40 0.2936852946991692 0.33106693838995643
50 0.29369662208145814 0.33111816023740304
60 0.2937033739211438 0.33115584752078614
70 0.2937074753430912 0.33118287641806166
80 0.29371000690546595 0.331201949524498
90 0.2937115914459501 0.33121526588006883
100 0.29371259558092183 0.33122449588854624
200 0.2937144289661272 0.33124424466016505
300 0.29371446156057623 0.331244674015991
400 0.2937144622382093 0.3312446831208575
500 0.2937144622525268 0.3312446833135782
600 0.2937144622528297 0.3312446833176568
700 0.29371446225283615 0.331244683317743
800 0.2937144622528367 0.33124468331774465
900 0.2937144622528367 0.3312446833177449
1000 0.2937144622528367 0.3312446833177449
================================================================================
=                                   round 2                                    =
================================================================================
1 0.40716717287310533 0.40528857396686135
2 0.34171939353440606 0.34092833502008113
3 0.31967103296880156 0.3224002093361328
4 0.31313091011436406 0.3175955849802469
5 0.31103099012997004 0.31659392148055177
6 0.3102732727614179 0.31669192947992114
7 0.30996876443666893 0.3170503557220952
8 0.3098331098404345 0.31741408238443214
9 0.30976543218940766 0.31771689744356074
10 0.3097268441626361 0.31795234617064055
20 0.3095855841880514 0.31868019279333026
30 0.30952630803302306 0.31885674640678213
40 0.30950459409563486 0.31897726002666055
50 0.30949902018760517 0.319061639245479
60 0.3094993966533201 0.319118758873764
70 0.3095014932435254 0.3191566715003189
80 0.30950371588316017 0.31918156190552494
90 0.3095055613362375 0.3191977973788429
100 0.309506947730655 0.3192083440663078
200 0.30950992715382336 0.3192273838057151
300 0.3095099698670405 0.31922761811667283
400 0.30950997039083433 0.3192276209662451
500 0.3095099703972036 0.31922762100087815
600 0.30950997039728084 0.3192276210012989
700 0.30950997039728173 0.31922762100130414
800 0.3095099703972816 0.319227621001304
900 0.3095099703972816 0.31922762100130403
1000 0.3095099703972816 0.31922762100130403
================================================================================
=                                   round 3                                    =
================================================================================
1 0.4258034597399049 0.40665424769975017
2 0.3566948059881884 0.33999731762199253
3 0.33185417541335216 0.32101671199918425
4 0.32468308576971905 0.31699871431383964
5 0.32241817933952865 0.3163325422871842
6 0.3215900585744108 0.31639614113739767
7 0.3212410187580176 0.3165804082058011
8 0.3210734414177126 0.3167498913994976
9 0.3209829249872325 0.3168847437888705
10 0.32092868097524285 0.31699073747268436
20 0.3207840265563122 0.3175407725137593
30 0.320757384623391 0.31787145902886077
40 0.32075932551966874 0.3181140224697518
50 0.3207703459255687 0.31829160320519667
60 0.3207824626837123 0.31841956448786424
70 0.32079293324286196 0.3185106374782414
80 0.32080115673403253 0.31857489990328913
90 0.3208073094370419 0.3186199702366413
100 0.32081178612609823 0.31865144293505465
200 0.3208221879350584 0.3187209946870251
300 0.32082245551144944 0.31872272406129687
400 0.3208224620839976 0.31872276650163645
500 0.3208224622452249 0.31872276754269224
600 0.32082246224917976 0.3187227675682288
700 0.32082246224927674 0.31872276756885537
800 0.3208224622492792 0.31872276756887086
900 0.32082246224927935 0.3187227675688711
1000 0.32082246224927924 0.3187227675688711
================================================================================
=                                   round 4                                    =
================================================================================
1 0.413670688660192 0.4051659648312131
2 0.3438178222403237 0.3384279922579915
3 0.32041770078792053 0.3206905706103228
4 0.3130606341013106 0.3161930383362165
5 0.31056510370136486 0.31470540572597705
6 0.3095784724718527 0.3140252090806296
7 0.3091213078951129 0.3136273180812018
8 0.30887797776210063 0.3133637907121076
9 0.3087329808102825 0.31318025435506425
10 0.3086386791413935 0.31304944600989437
20 0.3083727187137021 0.3126409658832053
30 0.30833538039482344 0.31255093604244766
40 0.3083358317390635 0.312528572278986
50 0.3083441951743264 0.31252696490281995
60 0.3083521910062602 0.31253056385186306
70 0.3083580759961289 0.312534674072981
80 0.30836199983511264 0.31253807710294773
90 0.3083644938046553 0.312540614440722
100 0.30836603862615236 0.31254241616079975
200 0.3083684063881054 0.31254609353632024
300 0.30836842264814346 0.31254614262960506
400 0.30836842278887505 0.31254614315496293
500 0.308368422790234 0.31254614316033347
600 0.30836842279024756 0.31254614316038826
700 0.308368422790248 0.31254614316038887
800 0.30836842279024806 0.31254614316038887
900 0.30836842279024795 0.31254614316038887
1000 0.30836842279024795 0.31254614316038887
================================================================================
=                                   round 5                                    =
================================================================================
1 0.4149645717766579 0.41009364599819226
2 0.3464785840502015 0.3410474053455609
3 0.3230498348410969 0.3213013273813279
4 0.3160890052752514 0.31693581268874155
5 0.31368829976843055 0.31582411227608914
6 0.3127452364450943 0.31546069839140933
7 0.31233881364475047 0.31527707472716404
8 0.31214551064346974 0.31514000729714065
9 0.3120410945869047 0.31501960871399814
10 0.31197593321057665 0.31490976892283207
20 0.3117411214424468 0.3143089149458226
30 0.31170497905365985 0.3142580821670683
40 0.31173051061707996 0.31437267676734715
50 0.31176829529376393 0.31450822824162517
60 0.31180232525199325 0.3146234279840163
70 0.3118290988399056 0.3147116721764305
80 0.3118490361509021 0.31477636364028583
90 0.31186349444514266 0.31482279326348084
100 0.31187383107737227 0.31485574682934453
200 0.3118977582647819 0.31493125062393185
300 0.31189842890141484 0.314933350541476
400 0.31189844734234184 0.31493340827044375
500 0.3118984478491432 0.3149334098569633
600 0.3118984478630712 0.3149334099005642
700 0.3118984478634537 0.3149334099017624
800 0.31189844786346393 0.314933409901795
900 0.3118984478634647 0.31493340990179597
1000 0.3118984478634645 0.31493340990179597
================================================================================
=                                   round 6                                    =
================================================================================
1 0.4200808173113254 0.41169079573574535
2 0.35411050688347023 0.3410601601925378
3 0.32824442446333624 0.3166688072404745
4 0.3203534988502778 0.3103200668742733
5 0.31758675464632147 0.308236349256372
6 0.3164472099373542 0.307329989627464
7 0.3159130092676746 0.3068228825807578
8 0.31563621883517284 0.3064870900528714
9 0.3154820330896658 0.30624380309441196
10 0.31539196355556387 0.30605877293492995
20 0.31528230095837334 0.30529841945339614
30 0.31535288208105017 0.30506058986794526
40 0.3154177353838066 0.30496861644715745
50 0.31546393322084587 0.3049321752241386
60 0.315493819494309 0.3049170684807395
70 0.31551224429419683 0.3049103418992013
80 0.3155233109919703 0.3049070693040604
90 0.3155298629825916 0.3049053286232471
100 0.31553371199606434 0.3049043315223531
200 0.315539121371713 0.30490271245859385
300 0.3155391503934692 0.3049026947919963
400 0.31553915060113114 0.3049026946222096
500 0.31553915060285637 0.30490269462066183
600 0.31553915060287124 0.30490269462064806
700 0.3155391506028711 0.30490269462064795
800 0.3155391506028714 0.30490269462064795
900 0.3155391506028714 0.30490269462064795
1000 0.3155391506028714 0.30490269462064795
================================================================================
=                                   round 7                                    =
================================================================================
1 0.4147619488115891 0.40765048549300736
2 0.3437626231944315 0.3357299190820781
3 0.3192260963659769 0.316571122477171
4 0.31159802202422365 0.31331691184712135
5 0.3090062290978888 0.31307930568901404
6 0.308056847043708 0.3134238641080017
7 0.30768247610487787 0.31382119212256687
8 0.30752271869591913 0.3141522198946439
9 0.307447358345825 0.3144061700246976
10 0.30740678705008706 0.3145987951662979
20 0.3072964585265291 0.3154845139991165
30 0.30729741859032267 0.31602398690036343
40 0.3073260732934331 0.3163991237584502
50 0.3073542668282923 0.3166477828958192
60 0.3073756367259238 0.31681021533487924
70 0.3073904905649082 0.31691619567952556
80 0.3074004660540633 0.31698556509430326
90 0.307407073183705 0.3170311578333203
100 0.3074114282127975 0.31706123683230425
200 0.30741975763186064 0.3171196126671378
300 0.30741989840399175 0.3171206272387041
400 0.3074199008819125 0.3171206451356137
500 0.30741990092564286 0.3171206454514862
600 0.30741990092641464 0.31712064545706137
700 0.30741990092642846 0.31712064545715957
800 0.3074199009264284 0.3171206454571616
900 0.30741990092642846 0.31712064545716157
1000 0.30741990092642846 0.31712064545716157
================================================================================
=                                   round 8                                    =
================================================================================
1 0.41451498595200054 0.4028019711119688
2 0.34316935230217765 0.324544854021362
3 0.31930366373298785 0.29936855334201007
4 0.3119710003234771 0.2922198863346255
5 0.30941729858891837 0.2896907180024849
6 0.3084101204799785 0.2886048586491603
7 0.3079605833263644 0.2880497505299094
8 0.3077325129959377 0.28772177067876736
9 0.3075996504841785 0.2875090137034819
10 0.3075107899931749 0.28736504435616805
20 0.307131081035955 0.2871605187089124
30 0.3070119845708843 0.2873349000965756
40 0.30697783118680516 0.2874741907357583
50 0.3069700748152676 0.28756525173645303
60 0.3069698411038225 0.2876219000628943
70 0.3069713297585914 0.28765659642567576
80 0.30697286351271297 0.2876777531047812
90 0.3069740508824716 0.2876906446453164
100 0.30697488044833576 0.28769850359099036
200 0.3069763771410195 0.2877107378427922
300 0.30697638970944013 0.287710827735939
400 0.30697638980336156 0.28771082840256107
500 0.3069763898040588 0.28771082840750817
600 0.306976389804064 0.287710828407545
700 0.3069763898040638 0.28771082840754547
800 0.3069763898040638 0.2877108284075455
900 0.3069763898040637 0.2877108284075456
1000 0.30697638980406383 0.2877108284075454
================================================================================
=                                   round 9                                    =
================================================================================
1 0.41094305452784274 0.4096318140817908
2 0.3435419478814962 0.33301795141391516
3 0.32052534384806824 0.30706145557172276
4 0.3135075720137225 0.2995783092833222
5 0.3111858838583881 0.2970736980852215
6 0.3103570676136446 0.29613185788701224
7 0.31003099942895807 0.2957476078051527
8 0.30988584817125625 0.29558534575712364
9 0.3098103104756973 0.2955183435582945
10 0.3097635210652244 0.2954937672026232
20 0.3095641873798382 0.2955313886443637
30 0.30948104262416914 0.29557683983437494
40 0.309445281387256 0.29563555279772563
50 0.30943128811476217 0.2956946100610388
60 0.30942696972353745 0.29574605347792987
70 0.3094267094193908 0.29578774802246294
80 0.3094279506028962 0.2958202263664463
90 0.3094295709673575 0.29584493729687283
100 0.3094311128917972 0.2958634644549864
200 0.30943636897838983 0.29591286694622077
300 0.3094366261255522 0.2959149798393512
400 0.309436636888325 0.2959150678497099
500 0.30943663733627547 0.2959150715120075
600 0.3094366373549152 0.295915071664397
700 0.30943663735569044 0.29591507167073783
800 0.30943663735572285 0.29591507167100184
900 0.30943663735572446 0.29591507167101283
1000 0.3094366373557242 0.2959150716710132
================================================================================
=                                   round 10                                   =
================================================================================
1 0.4141864036986528 0.4005496891364967
2 0.3480208200242969 0.32880011513319946
3 0.3255867475254888 0.3057237010811383
4 0.31862657804605543 0.29964749800323703
5 0.3163606769274596 0.29800677936094166
6 0.31556511787070907 0.2975710860492645
7 0.31525787399649957 0.2974852719086775
8 0.3151271284629266 0.2975022527513238
9 0.3150651669282838 0.2975439450787567
10 0.31503191398300195 0.29758568632617427
20 0.3149452607976313 0.2977516266410125
30 0.3149107271373638 0.29778802229574536
40 0.31488679169001677 0.2977948895401546
50 0.3148708867765978 0.29779426782574336
60 0.31486082319867836 0.2977933736321467
70 0.31485460767474516 0.2977935834702579
80 0.31485079106950115 0.2977946244502342
90 0.3148484329691356 0.2977960139981973
100 0.3148469559481139 0.29779741655098424
200 0.3148441752233141 0.29780263950195196
300 0.31484409711495914 0.29780288997892973
400 0.3148440942317025 0.29780289943242794
500 0.3148440941239125 0.29780289978613994
600 0.31484409411988107 0.29780289979937
700 0.31484409411973036 0.29780289979986496
800 0.31484409411972464 0.29780289979988345
900 0.3148440941197243 0.2978028997998845
1000 0.31484409411972425 0.29780289979988417
################################################################################
#                                    setup                                     #
################################################################################
min_iteration : 1000
max_iteration : 10000
update_ratio : 0.1
hidden_layer : 1
hidden_layer_width : default
momentum : 0.5
################################################################################
#                                   summary                                    #
################################################################################
+-------+-------+------+-------+-------+-----+----------+-------+
| round | learn | test | train | valid | i   | MSE      | error |
+-------+-------+------+-------+-------+-----+----------+-------+
|     1 |   691 |   77 |   461 |   230 |   5 | 0.330135 |    17 |
|     2 |   691 |   77 |   461 |   230 |   5 | 0.316594 |    16 |
|     3 |   691 |   77 |   461 |   230 |   5 | 0.316333 |     9 |
|     4 |   691 |   77 |   461 |   230 |  46 | 0.312526 |    22 |
|     5 |   691 |   77 |   461 |   230 |  26 | 0.314244 |    16 |
|     6 |   691 |   77 |   461 |   230 | 594 | 0.304903 |    19 |
|     7 |   691 |   77 |   461 |   230 |   5 | 0.313079 |    22 |
|     8 |   691 |   77 |   461 |   230 |  16 | 0.287121 |    23 |
|     9 |   692 |   76 |   462 |   230 |  11 | 0.295488 |    21 |
|    10 |   692 |   76 |   462 |   230 |   7 | 0.297485 |    18 |
+-------+-------+------+-------+-------+-----+----------+-------+
################################################################################
#                                  statistics                                  #
################################################################################
+-----+------+----------+-----+--------------+
|     | i    | accuracy | SE  | 95% CI       |
+-----+------+----------+-----+--------------+
| ann | 72.0 |     76.2 | 1.7 | (72.3, 80.0) |
+-----+------+----------+-----+--------------+
