================================================================================
=                                   round 1                                    =
================================================================================
TODO: mix
================================================================================
=                                   round 2                                    =
================================================================================
TODO: mix
================================================================================
=                                   round 3                                    =
================================================================================
TODO: mix
================================================================================
=                                   round 4                                    =
================================================================================
TODO: mix
================================================================================
=                                   round 5                                    =
================================================================================
TODO: mix
================================================================================
=                                   round 6                                    =
================================================================================
TODO: mix
================================================================================
=                                   round 7                                    =
================================================================================
TODO: mix
================================================================================
=                                   round 8                                    =
================================================================================
TODO: mix
================================================================================
=                                   round 9                                    =
================================================================================
TODO: mix
================================================================================
=                                   round 10                                   =
================================================================================
TODO: mix
################################################################################
#                                    setup                                     #
################################################################################
k : 1
distance-weighting : false
feature-weighting : true
PCA : false
PCA-energy-ratio : 0.9
NTGrowth : false
NTGrowth-drop-ratio : 0.75
################################################################################
#                                   summary                                    #
################################################################################
+-------+-------+------+-------+
| round | learn | test | error |
+-------+-------+------+-------+
|     1 |   360 |   40 |     2 |
|     2 |   360 |   40 |     2 |
|     3 |   360 |   40 |     1 |
|     4 |   360 |   40 |     1 |
|     5 |   360 |   40 |     1 |
|     6 |   360 |   40 |     0 |
|     7 |   360 |   40 |     0 |
|     8 |   360 |   40 |     2 |
|     9 |   360 |   40 |     1 |
|    10 |   360 |   40 |     2 |
+-------+-------+------+-------+
################################################################################
#                                  statistics                                  #
################################################################################
+-----+----------+-----+--------------+
|     | accuracy | SE  | 95% CI       |
+-----+----------+-----+--------------+
| knn |     97.0 | 0.6 | (95.6, 98.4) |
+-----+----------+-----+--------------+
