================================================================================
=                                   round 1                                    =
================================================================================
0 : ["2", "20", "2", "2", 1.3331616005552465, "3"] => [6, 8]
1 : ["2", "10", "3", "2", -0.0675083763713712, "3"] => [22, 23]
2 : ["2", "22", "1", "2", -1.312548355861698, "2"] => [16, 18]
3 : ["2", "6", "17", "2", 0.710641610810083, "2"] => [12, 12]
4 : ["2", "13", "1", "2", 0.16593661978306506, "3"] => [5, 5]
5 : ["2", "8", "3", "2", -0.0675083763713712, "1"] => [12, 13]
6 : ["2", "21", "2", "2", 1.0997166044008102, "1"] => [6, 6]
7 : ["2", "22", "3", "2", 1.4109765992733918, "2"] => [3, 4]
8 : ["2", "19", "4", "2", -1.3903633545798433, "1"] => [3, 3]
9 : ["1", "22", "3", "2", 1.3331616005552465, "3"] => [6, 8]
10 : ["2", "8", "3", "2", -0.30095337252580745, "2"] => [11, 11]
11 : ["2", "16", "19", "2", -1.312548355861698, "3"] => [4, 5]
12 : ["2", "16", "20", "2", -1.0012883609891163, "1"] => [2, 2]
13 : ["1", "23", "3", "2", 0.7884566095282284, "1"] => [1, 1]
================================================================================
=                                   round 2                                    =
================================================================================
0 : ["2", "13", "1", "2", 0.08812162106491964, "1"] => [16, 19]
1 : ["2", "9", "5", "2", -0.6900283661165346, "3"] => [21, 24]
2 : ["2", "22", "1", "2", -1.312548355861698, "2"] => [13, 13]
3 : ["2", "13", "1", "2", 0.16593661978306506, "3"] => [12, 12]
4 : ["2", "21", "2", "2", 1.0997166044008102, "1"] => [12, 13]
5 : ["2", "20", "2", "2", -0.22313837380766205, "2"] => [11, 12]
6 : ["1", "22", "3", "1", 2.3447565838911366, "3"] => [1, 1]
7 : ["2", "18", "5", "2", -0.6900283661165346, "1"] => [9, 9]
8 : ["2", "6", "17", "2", 0.8662716082463738, "3"] => [2, 2]
9 : ["2", "9", "24", "2", -0.6122133673983892, "2"] => [2, 2]
10 : ["2", "20", "2", "2", 1.3331616005552465, "3"] => [1, 1]
11 : ["2", "20", "2", "2", -1.0791033597072617, "1"] => [4, 4]
12 : ["2", "15", "1", "2", 2.9672765736363, "1"] => [1, 1]
================================================================================
=                                   round 3                                    =
================================================================================
0 : ["2", "13", "1", "2", 0.08812162106491964, "1"] => [16, 18]
1 : ["2", "22", "1", "2", -1.312548355861698, "2"] => [12, 13]
2 : ["2", "10", "22", "2", -1.4681783532979888, "3"] => [6, 7]
3 : ["2", "1", "15", "1", -0.4565833699620983, "2"] => [4, 4]
4 : ["2", "13", "1", "2", 0.16593661978306506, "3"] => [9, 10]
5 : ["1", "22", "3", "1", 2.3447565838911366, "3"] => [6, 6]
6 : ["1", "17", "17", "2", 0.24375161850121047, "3"] => [5, 6]
7 : ["2", "10", "3", "2", -1.2347333571435526, "1"] => [7, 7]
8 : ["2", "5", "2", "2", 1.5666065967096827, "1"] => [7, 8]
9 : ["2", "2", "9", "2", 0.24375161850121047, "2"] => [10, 11]
10 : ["1", "14", "15", "2", 0.32156661721935587, "1"] => [1, 1]
11 : ["2", "6", "17", "2", 1.1775316031189555, "2"] => [3, 3]
12 : ["2", "20", "2", "2", 1.3331616005552465, "3"] => [2, 2]
13 : ["2", "2", "9", "2", 0.08812162106491964, "1"] => [4, 4]
14 : ["2", "13", "3", "1", -1.3903633545798433, "2"] => [2, 2]
================================================================================
=                                   round 4                                    =
================================================================================
0 : ["2", "13", "1", "2", 0.08812162106491964, "1"] => [19, 21]
1 : ["2", "7", "25", "2", 1.0997166044008102, "2"] => [15, 17]
2 : ["2", "22", "1", "2", -1.312548355861698, "2"] => [14, 15]
3 : ["2", "11", "1", "2", 1.800051592864119, "1"] => [8, 8]
4 : ["2", "10", "22", "2", -1.4681783532979888, "3"] => [7, 8]
5 : ["2", "1", "15", "1", -0.4565833699620983, "2"] => [4, 4]
6 : ["2", "13", "1", "2", 0.16593661978306506, "3"] => [14, 14]
7 : ["2", "7", "11", "2", 2.1113115877367004, "3"] => [5, 5]
8 : ["2", "10", "3", "2", -1.2347333571435526, "1"] => [7, 8]
9 : ["2", "8", "3", "2", -0.30095337252580745, "2"] => [6, 7]
10 : ["2", "8", "3", "2", -0.0675083763713712, "1"] => [5, 6]
11 : ["2", "10", "3", "2", -0.0675083763713712, "3"] => [2, 2]
12 : ["2", "13", "3", "1", -1.3903633545798433, "2"] => [1, 1]
13 : ["2", "23", "3", "1", -0.6122133673983892, "2"] => [1, 1]
================================================================================
=                                   round 5                                    =
================================================================================
0 : ["2", "7", "25", "2", 1.0997166044008102, "2"] => [15, 17]
1 : ["2", "22", "1", "2", -1.312548355861698, "2"] => [10, 12]
2 : ["2", "11", "1", "2", 1.800051592864119, "1"] => [7, 7]
3 : ["2", "7", "11", "2", 2.1113115877367004, "3"] => [8, 8]
4 : ["2", "10", "22", "2", -1.4681783532979888, "3"] => [5, 5]
5 : ["2", "1", "15", "2", 0.24375161850121047, "3"] => [6, 7]
6 : ["2", "13", "1", "2", 0.16593661978306506, "3"] => [5, 5]
7 : ["2", "19", "4", "2", -1.3903633545798433, "1"] => [4, 4]
8 : ["2", "14", "15", "2", 0.7884566095282284, "1"] => [9, 11]
9 : ["1", "13", "3", "1", -0.8456583635528254, "3"] => [2, 2]
10 : ["2", "25", "7", "2", -0.0675083763713712, "2"] => [3, 3]
11 : ["2", "23", "3", "2", -0.30095337252580745, "1"] => [9, 11]
12 : ["2", "10", "3", "2", -0.0675083763713712, "3"] => [1, 1]
13 : ["2", "13", "3", "1", -1.3903633545798433, "2"] => [1, 1]
14 : ["2", "23", "3", "1", -0.6122133673983892, "2"] => [1, 1]
15 : ["2", "8", "3", "2", -0.30095337252580745, "2"] => [1, 1]
================================================================================
=                                   round 6                                    =
================================================================================
0 : ["2", "7", "25", "2", 1.0997166044008102, "2"] => [13, 15]
1 : ["2", "22", "1", "2", -1.312548355861698, "2"] => [9, 11]
2 : ["2", "11", "1", "2", 1.800051592864119, "1"] => [6, 6]
3 : ["2", "7", "11", "2", 2.1113115877367004, "3"] => [8, 8]
4 : ["2", "20", "2", "2", -0.22313837380766205, "2"] => [6, 8]
5 : ["2", "1", "15", "2", 0.24375161850121047, "3"] => [5, 6]
6 : ["2", "13", "1", "2", 0.16593661978306506, "3"] => [6, 6]
7 : ["2", "19", "4", "2", -1.3903633545798433, "1"] => [3, 3]
8 : ["2", "14", "15", "2", 0.7884566095282284, "1"] => [9, 11]
9 : ["2", "16", "19", "2", -1.312548355861698, "3"] => [4, 5]
10 : ["1", "13", "3", "1", -0.8456583635528254, "3"] => [2, 2]
11 : ["2", "16", "20", "2", -1.0012883609891163, "1"] => [1, 1]
12 : ["2", "23", "3", "2", -0.30095337252580745, "1"] => [6, 8]
13 : ["2", "10", "3", "2", -0.0675083763713712, "3"] => [1, 1]
14 : ["2", "23", "3", "1", -0.6122133673983892, "2"] => [1, 1]
================================================================================
=                                   round 7                                    =
================================================================================
0 : ["1", "23", "3", "1", -0.6122133673983892, "2"] => [3, 4]
1 : ["2", "7", "25", "2", 1.0997166044008102, "2"] => [15, 17]
2 : ["2", "11", "1", "2", 1.800051592864119, "1"] => [6, 6]
3 : ["2", "7", "11", "2", 2.1113115877367004, "3"] => [8, 8]
4 : ["2", "20", "15", "2", -0.76784336483468, "2"] => [18, 20]
5 : ["2", "1", "15", "2", 0.24375161850121047, "3"] => [6, 7]
6 : ["2", "13", "1", "2", 0.16593661978306506, "3"] => [6, 6]
7 : ["2", "19", "4", "2", -1.3903633545798433, "1"] => [4, 5]
8 : ["2", "14", "15", "2", 0.7884566095282284, "1"] => [8, 10]
9 : ["2", "16", "19", "2", -1.312548355861698, "3"] => [6, 7]
10 : ["1", "13", "3", "1", -0.8456583635528254, "3"] => [2, 2]
11 : ["2", "16", "20", "2", -1.0012883609891163, "1"] => [2, 2]
12 : ["2", "23", "3", "2", -0.30095337252580745, "1"] => [7, 9]
13 : ["2", "23", "3", "1", -0.6122133673983892, "2"] => [1, 1]
================================================================================
=                                   round 8                                    =
================================================================================
0 : ["2", "23", "3", "1", -0.6122133673983892, "3"] => [13, 16]
1 : ["2", "13", "1", "2", 0.08812162106491964, "1"] => [16, 19]
2 : ["2", "7", "25", "2", 1.0997166044008102, "2"] => [15, 17]
3 : ["2", "11", "1", "2", 1.800051592864119, "1"] => [6, 6]
4 : ["2", "7", "11", "2", 2.1113115877367004, "3"] => [6, 6]
5 : ["2", "20", "15", "2", -0.76784336483468, "2"] => [21, 23]
6 : ["2", "1", "15", "2", 0.24375161850121047, "3"] => [7, 8]
7 : ["2", "13", "1", "2", 0.16593661978306506, "3"] => [7, 7]
8 : ["2", "19", "4", "2", -1.3903633545798433, "1"] => [5, 6]
9 : ["2", "14", "15", "2", 0.7884566095282284, "1"] => [8, 10]
10 : ["2", "16", "19", "2", -1.312548355861698, "3"] => [5, 6]
11 : ["1", "13", "3", "1", -0.8456583635528254, "3"] => [1, 1]
12 : ["2", "13", "3", "1", -1.3903633545798433, "2"] => [1, 1]
13 : ["2", "16", "20", "2", -1.0012883609891163, "1"] => [3, 3]
================================================================================
=                                   round 9                                    =
================================================================================
0 : ["1", "23", "3", "1", -0.6122133673983892, "2"] => [4, 5]
1 : ["2", "7", "25", "2", 1.0997166044008102, "2"] => [14, 16]
2 : ["2", "11", "1", "2", 1.800051592864119, "1"] => [5, 5]
3 : ["2", "7", "11", "2", 2.1113115877367004, "3"] => [8, 8]
4 : ["2", "20", "15", "2", -0.76784336483468, "2"] => [10, 13]
5 : ["2", "1", "15", "2", 0.24375161850121047, "3"] => [12, 13]
6 : ["2", "19", "4", "2", -1.3903633545798433, "1"] => [3, 3]
7 : ["2", "14", "15", "2", 0.7884566095282284, "1"] => [8, 10]
8 : ["2", "13", "14", "2", -0.8456583635528254, "3"] => [7, 7]
9 : ["2", "23", "3", "2", -0.30095337252580745, "1"] => [12, 13]
10 : ["2", "13", "1", "2", -0.6122133673983892, "2"] => [4, 4]
11 : ["2", "13", "3", "1", -1.3903633545798433, "2"] => [1, 1]
12 : ["2", "8", "3", "2", -0.30095337252580745, "2"] => [5, 5]
13 : ["2", "14", "15", "2", 0.7884566095282284, "2"] => [1, 1]
================================================================================
=                                   round 10                                   =
================================================================================
0 : ["2", "23", "3", "1", -0.6122133673983892, "3"] => [14, 18]
1 : ["1", "23", "3", "1", -0.6122133673983892, "2"] => [4, 5]
2 : ["2", "7", "25", "2", 1.0997166044008102, "2"] => [13, 15]
3 : ["2", "11", "1", "2", 1.800051592864119, "1"] => [5, 5]
4 : ["2", "7", "11", "2", 2.1113115877367004, "3"] => [8, 8]
5 : ["2", "20", "15", "2", -0.76784336483468, "2"] => [11, 13]
6 : ["2", "1", "15", "2", 0.24375161850121047, "3"] => [10, 11]
7 : ["2", "19", "4", "2", -1.3903633545798433, "1"] => [4, 4]
8 : ["2", "14", "15", "2", 0.7884566095282284, "1"] => [9, 11]
9 : ["2", "13", "14", "2", -0.8456583635528254, "3"] => [9, 9]
10 : ["2", "23", "3", "2", -0.30095337252580745, "1"] => [7, 8]
11 : ["2", "13", "1", "2", -0.6122133673983892, "2"] => [8, 8]
12 : ["2", "13", "3", "1", -1.3903633545798433, "2"] => [1, 1]
13 : ["2", "13", "1", "2", 0.16593661978306506, "3"] => [2, 2]
14 : ["2", "14", "15", "2", 0.7884566095282284, "2"] => [1, 1]
################################################################################
#                                    setup                                     #
################################################################################
k : 1
distance-weighting : false
PCA : false
PCA-energy-ratio : 0.9
NTGrowth : true
NTGrowth-drop-ratio : 0.75
################################################################################
#                                   summary                                    #
################################################################################
+-------+-------+------+----------+-------+
| round | learn | test | NTGrowth | error |
+-------+-------+------+----------+-------+
|     1 |   135 |   16 |       14 |     1 |
|     2 |   136 |   15 |       13 |     1 |
|     3 |   136 |   15 |       15 |     2 |
|     4 |   136 |   15 |       14 |     2 |
|     5 |   136 |   15 |       16 |     1 |
|     6 |   136 |   15 |       15 |     0 |
|     7 |   136 |   15 |       14 |     3 |
|     8 |   136 |   15 |       14 |     2 |
|     9 |   136 |   15 |       14 |     7 |
|    10 |   136 |   15 |       15 |     3 |
+-------+-------+------+----------+-------+
################################################################################
#                                  statistics                                  #
################################################################################
+-----+----------+------+---------------+
|     | accuracy | SE   | 95% CI        |
+-----+----------+------+---------------+
| knn |     85.4 | 12.2 | (58.1, 100.0) |
+-----+----------+------+---------------+
