================================================================================
=                                   round 1                                    =
================================================================================
Feature weighting:
vconst_corr : 0.11159908593345688
vconst_2 : 0.0927719418411077
vconst_3 : 2.307026792962819e-08
vconst_4 : 0.004669902829305718
vconst_5 : 0.00360050123324511
vconst_7 : 0.0039578171440191635
ah_corr : 0.0002946003539506261
ah_bolus : 0.0009102641412935246
slm_corr : 0.00350027528775528
efficiency_factor : 0.0022680646302614092
tidal_mix_max : 2.5755271933316495e-05
vertical_decay_scale : 0.0014708288273683541
convect_corr : 0.03520746545506579
bckgrnd_vdc1 : 0.033753659270429115
bckgrnd_vdc_ban : 7.022914161006652e-05
bckgrnd_vdc_eq : 0.008834988834272216
bckgrnd_vdc_psim : 0.004854400289632431
Prandtl : 0.0005001175379687029
================================================================================
=                                   round 2                                    =
================================================================================
Feature weighting:
vconst_corr : 0.1012720768362336
vconst_2 : 0.09936619663809468
vconst_3 : 0.00011614460209148495
vconst_4 : 0.008032090291785851
vconst_5 : 0.0012673887646079075
vconst_7 : 0.004064537937224006
ah_corr : 3.42290585849011e-05
ah_bolus : 0.00011944270926573326
slm_corr : 0.0011895417199448855
efficiency_factor : 0.0003916874627644604
tidal_mix_max : 0.0004276463578240135
vertical_decay_scale : 0.0021992079342141105
convect_corr : 0.030220140268776386
bckgrnd_vdc1 : 0.028498023826966784
bckgrnd_vdc_ban : 0.0005561527100914528
bckgrnd_vdc_eq : 0.005705643499363198
bckgrnd_vdc_psim : 0.004101938575104933
Prandtl : 0.000878775726666781
================================================================================
=                                   round 3                                    =
================================================================================
Feature weighting:
vconst_corr : 0.10632674268472661
vconst_2 : 0.10546788732393325
vconst_3 : 0.0001738068915493062
vconst_4 : 0.0017150368135933644
vconst_5 : 0.0014154021937408652
vconst_7 : 0.003021788898622117
ah_corr : 0.001362125738315198
ah_bolus : 0.0002674739977019231
slm_corr : 0.0069369300241695995
efficiency_factor : 0.0001554636381756069
tidal_mix_max : 3.1475857831219e-05
vertical_decay_scale : 0.0006188983732924115
convect_corr : 0.03836221800029286
bckgrnd_vdc1 : 0.03290842378782296
bckgrnd_vdc_ban : 0.0034618678686579533
bckgrnd_vdc_eq : 0.003572438999998324
bckgrnd_vdc_psim : 8.857976090047116e-05
Prandtl : 0.00023699251687778124
================================================================================
=                                   round 4                                    =
================================================================================
Feature weighting:
vconst_corr : 0.10245116555717929
vconst_2 : 0.0982687526382567
vconst_3 : 2.8354341633434114e-05
vconst_4 : 0.003764662090823088
vconst_5 : 0.00143457593504708
vconst_7 : 0.0017429802014803117
ah_corr : 1.8385233080827253e-05
ah_bolus : 3.8093185560116686e-05
slm_corr : 0.001902549068800058
efficiency_factor : 0.003916407512513251
tidal_mix_max : 0.0016945356925699379
vertical_decay_scale : 0.0019628263362098295
convect_corr : 0.032461289867215685
bckgrnd_vdc1 : 0.04191306269254825
bckgrnd_vdc_ban : 0.0007133973318166702
bckgrnd_vdc_eq : 0.010436413402981378
bckgrnd_vdc_psim : 0.004296848397459687
Prandtl : 0.0011841665091400478
================================================================================
=                                   round 5                                    =
================================================================================
Feature weighting:
vconst_corr : 0.09267441903683991
vconst_2 : 0.08881137343820802
vconst_3 : 0.00015815501103087027
vconst_4 : 0.0025652119162945753
vconst_5 : 0.004575864033418817
vconst_7 : 0.0015583811035691474
ah_corr : 3.4275606166727645e-05
ah_bolus : 0.00019146772498477294
slm_corr : 0.0014162005173408484
efficiency_factor : 0.0020575687687850465
tidal_mix_max : 0.00023054767389909058
vertical_decay_scale : 0.0064819207339926795
convect_corr : 0.044550311271169526
bckgrnd_vdc1 : 0.036189287258756905
bckgrnd_vdc_ban : 0.00028208898450707433
bckgrnd_vdc_eq : 0.002783173946083676
bckgrnd_vdc_psim : 0.004792169116209734
Prandtl : 1.0667662802644229e-05
================================================================================
=                                   round 6                                    =
================================================================================
Feature weighting:
vconst_corr : 0.10705887356768998
vconst_2 : 0.10669431221435315
vconst_3 : 0.00019074727158228626
vconst_4 : 0.0060313304598673045
vconst_5 : 0.005884564463084638
vconst_7 : 0.0024574835736867473
ah_corr : 0.0010457241669712847
ah_bolus : 2.2955364047583133e-07
slm_corr : 0.002200088069231182
efficiency_factor : 0.0006623996918843608
tidal_mix_max : 0.0016172110845476607
vertical_decay_scale : 0.004472199657766179
convect_corr : 0.033614787464107655
bckgrnd_vdc1 : 0.031074186811912916
bckgrnd_vdc_ban : 0.0018247597741174687
bckgrnd_vdc_eq : 0.008515048727269327
bckgrnd_vdc_psim : 0.004423185176544499
Prandtl : 0.002530974897187729
================================================================================
=                                   round 7                                    =
================================================================================
Feature weighting:
vconst_corr : 0.10478569735586629
vconst_2 : 0.09793655030139926
vconst_3 : 0.00015294091354269934
vconst_4 : 0.007824958987669288
vconst_5 : 0.002109894209131505
vconst_7 : 0.005732771924654497
ah_corr : 0.00028870054207382037
ah_bolus : 0.0015037803437107876
slm_corr : 0.0022114164116178955
efficiency_factor : 0.0015643881272586662
tidal_mix_max : 0.001954609609854192
vertical_decay_scale : 0.0007896676741335115
convect_corr : 0.04551359075101396
bckgrnd_vdc1 : 0.036860055550966185
bckgrnd_vdc_ban : 0.00042609350162218596
bckgrnd_vdc_eq : 0.005521443999308101
bckgrnd_vdc_psim : 0.003578419170372233
Prandtl : 0.0029563826622785354
================================================================================
=                                   round 8                                    =
================================================================================
Feature weighting:
vconst_corr : 0.09510570291763604
vconst_2 : 0.10958505953622599
vconst_3 : 9.90750167874864e-06
vconst_4 : 0.006180507978941327
vconst_5 : 0.0028905755777358863
vconst_7 : 0.00075030863087208
ah_corr : 0.00045380198411984284
ah_bolus : 0.00033293801725155437
slm_corr : 0.00217456804742165
efficiency_factor : 0.0003026216730829801
tidal_mix_max : 0.00019126713119466582
vertical_decay_scale : 0.00186272726866978
convect_corr : 0.05010139480295
bckgrnd_vdc1 : 0.03889442719172057
bckgrnd_vdc_ban : 0.0015102280607477913
bckgrnd_vdc_eq : 0.0045470834441974995
bckgrnd_vdc_psim : 0.004483947842936208
Prandtl : 0.0007846076610680629
================================================================================
=                                   round 9                                    =
================================================================================
Feature weighting:
vconst_corr : 0.10631115778205298
vconst_2 : 0.10029258147983214
vconst_3 : 0.00030384046651465383
vconst_4 : 0.006080720439057989
vconst_5 : 0.0025583947993530745
vconst_7 : 0.0015903377540939306
ah_corr : 0.0005262486218491261
ah_bolus : 0.00085902061802324
slm_corr : 0.002031470996637478
efficiency_factor : 0.00030877075495262845
tidal_mix_max : 0.0010097230529250959
vertical_decay_scale : 0.001747044540638568
convect_corr : 0.038560136507125226
bckgrnd_vdc1 : 0.041414085625551704
bckgrnd_vdc_ban : 0.00098534051275804
bckgrnd_vdc_eq : 0.01158095876017384
bckgrnd_vdc_psim : 0.000691610512837972
Prandtl : 0.00042039289742427217
================================================================================
=                                   round 10                                   =
================================================================================
Feature weighting:
vconst_corr : 0.09469760280700214
vconst_2 : 0.10647726673425703
vconst_3 : 0.0008396023983741191
vconst_4 : 0.0077509558514081926
vconst_5 : 0.006012430312477222
vconst_7 : 0.0009653247309022138
ah_corr : 0.00023345321720498704
ah_bolus : 0.001085958000639838
slm_corr : 0.002150078295335012
efficiency_factor : 0.0012176892870523516
tidal_mix_max : 0.00011276192073081234
vertical_decay_scale : 0.0019233133808773564
convect_corr : 0.03928615321394364
bckgrnd_vdc1 : 0.029918167187422663
bckgrnd_vdc_ban : 0.0010502665744402278
bckgrnd_vdc_eq : 0.003430245690821563
bckgrnd_vdc_psim : 0.006016913223522641
Prandtl : 0.002110656733192207
################################################################################
#                                    setup                                     #
################################################################################
k : 1
distance-weighting : false
feature-weighting : true
PCA : false
PCA-energy-ratio : 0.9
NTGrowth : false
NTGrowth-drop-ratio : 0.75
################################################################################
#                                   summary                                    #
################################################################################
+-------+-------+------+-------+
| round | learn | test | error |
+-------+-------+------+-------+
|     1 |   486 |   54 |     2 |
|     2 |   486 |   54 |     4 |
|     3 |   486 |   54 |     3 |
|     4 |   486 |   54 |     3 |
|     5 |   486 |   54 |     4 |
|     6 |   486 |   54 |     2 |
|     7 |   486 |   54 |     4 |
|     8 |   486 |   54 |     5 |
|     9 |   486 |   54 |     2 |
|    10 |   486 |   54 |     2 |
+-------+-------+------+-------+
################################################################################
#                                  statistics                                  #
################################################################################
+-----+----------+-----+--------------+
|     | accuracy | SE  | 95% CI       |
+-----+----------+-----+--------------+
| knn |     94.3 | 0.6 | (92.8, 95.7) |
+-----+----------+-----+--------------+
