================================================================================
=                                   round 1                                    =
================================================================================
================================================================================
=                                   round 2                                    =
================================================================================
================================================================================
=                                   round 3                                    =
================================================================================
================================================================================
=                                   round 4                                    =
================================================================================
================================================================================
=                                   round 5                                    =
================================================================================
================================================================================
=                                   round 6                                    =
================================================================================
================================================================================
=                                   round 7                                    =
================================================================================
================================================================================
=                                   round 8                                    =
================================================================================
================================================================================
=                                   round 9                                    =
================================================================================
================================================================================
=                                   round 10                                   =
================================================================================
################################################################################
#                                    setup                                     #
################################################################################
k : 1
distance-weighting : false
PCA : false
PCA-energy-ratio : 0.9
################################################################################
#                                   summary                                    #
################################################################################
+-------+-------+------+-------+
| round | learn | test | error |
+-------+-------+------+-------+
|     1 |   761 |   85 |    22 |
|     2 |   761 |   85 |    20 |
|     3 |   761 |   85 |    29 |
|     4 |   761 |   85 |    39 |
|     5 |   761 |   85 |    24 |
|     6 |   761 |   85 |    24 |
|     7 |   762 |   84 |    25 |
|     8 |   762 |   84 |    18 |
|     9 |   762 |   84 |    26 |
|    10 |   762 |   84 |    19 |
+-------+-------+------+-------+
################################################################################
#                                  statistics                                  #
################################################################################
+-----+----------+-----+--------------+
|     | accuracy | SE  | 95% CI       |
+-----+----------+-----+--------------+
| knn |     70.9 | 2.2 | (65.9, 75.9) |
+-----+----------+-----+--------------+
