================================================================================
=                                   round 1                                    =
================================================================================
================================================================================
=                                   round 2                                    =
================================================================================
================================================================================
=                                   round 3                                    =
================================================================================
================================================================================
=                                   round 4                                    =
================================================================================
================================================================================
=                                   round 5                                    =
================================================================================
================================================================================
=                                   round 6                                    =
================================================================================
================================================================================
=                                   round 7                                    =
================================================================================
================================================================================
=                                   round 8                                    =
================================================================================
================================================================================
=                                   round 9                                    =
================================================================================
================================================================================
=                                   round 10                                   =
================================================================================
################################################################################
#                                    setup                                     #
################################################################################
k : 1
distance-weighting : false
PCA : false
PCA-energy-ratio : 0.9
################################################################################
#                                   summary                                    #
################################################################################
+-------+-------+------+-------+
| round | learn | test | error |
+-------+-------+------+-------+
|     1 |   691 |   77 |    28 |
|     2 |   691 |   77 |    25 |
|     3 |   691 |   77 |    10 |
|     4 |   691 |   77 |    22 |
|     5 |   691 |   77 |    23 |
|     6 |   691 |   77 |    20 |
|     7 |   691 |   77 |    27 |
|     8 |   691 |   77 |    26 |
|     9 |   692 |   76 |    26 |
|    10 |   692 |   76 |    24 |
+-------+-------+------+-------+
################################################################################
#                                  statistics                                  #
################################################################################
+-----+----------+-----+--------------+
|     | accuracy | SE  | 95% CI       |
+-----+----------+-----+--------------+
| knn |     69.9 | 2.1 | (65.1, 74.7) |
+-----+----------+-----+--------------+
