================================================================================
=                                   round 1                                    =
================================================================================
selected eigenvectors:
0 : [0.1421662562115816, -0.23926294850162036, -0.012453362941252545, -0.24135890045936287, 0.12446174569648327, 0.38918751590369993, 0.42012119995717784, -0.31598831709508346, 0.31379700840732355, -0.09780340926420819, 0.29899344871407063, 0.3786945832043496, 0.28281436499426016]
1 : [0.4909854026661432, 0.22896196790683904, 0.28881091916413837, -0.014231150249692045, 0.2960202234985442, 0.06641465885237356, -0.004211381486549314, 0.01394537925955828, 0.06305525031097545, 0.5322074138810322, -0.2844923843437374, -0.15617777597637286, 0.3716130777402487]
2 : [-0.20247240654304532, 0.12295592527585285, 0.602723483086857, 0.6293770358030469, 0.08389687746712741, 0.17986184640158373, 0.18193228581227824, 0.12229508347540488, 0.1820642561136889, -0.09792022951190131, 0.02723969590708669, 0.1765549629687197, -0.14967257658267852]
3 : [0.09886911620050873, -0.5222633878152508, 0.2920834878706863, -0.0021239822963818704, 0.07621633138557421, -0.09756901718074096, -0.08254305338892806, 0.41395738433858686, -0.3526696019398005, 0.00038014029808840796, 0.4731019087371816, -0.1302640311902978, 0.27106408082873756]
4 : [0.2437394516057522, 0.19276262186301107, -0.0026387203583965704, -0.09442591690671354, -0.7476107807076893, 0.18126071966558682, 0.14334104771349807, 0.4920515087526333, 0.15146427541602542, 0.03845964174027148, 0.012792865604928134, 0.09949310258087557, 0.07475732688896192]
5 : [-0.22344699805110868, -0.6181130429052872, -0.1146355287165346, 0.12350306034072879, -0.12836965114472834, 0.07531698612246868, 0.028259982254344874, 0.04711091755554829, 0.4385878718562444, 0.44775113684076034, -0.22722721671981652, -0.23073154609212898, -0.1293609591385857]
6 : [-0.24562248112177623, 0.23754567689223136, -0.1096573277477194, -0.3014239307830507, 0.45333479868563553, -0.015661227929261754, -0.03821435804162565, 0.5565327043409062, 0.4719426225183141, -0.11313242150733002, 0.1282468650783081, -0.10668458221806891, 0.007495894059429562]
7 : [-0.27083314882495896, -0.10358820756725144, 0.11458120355125788, -0.33833613071050994, 0.13190398412346777, 0.44777995917740826, 0.1971491587954164, 0.2307281275682811, -0.4729490187542798, 0.04542480466670007, -0.4556754582227202, 0.16099052456651675, -0.13786815157731575]
================================================================================
=                                   round 2                                    =
================================================================================
selected eigenvectors:
0 : [0.14781532986916474, -0.23517499102922748, -0.009493410990561557, -0.2474883735584955, 0.1513283426551693, 0.3926205535381864, 0.4273441342488801, -0.305679441219162, 0.31516768020636055, -0.08334580833872161, 0.2881257005847458, 0.3765011252006767, 0.2781041688103783]
1 : [0.48325668973504704, 0.23659959688797835, 0.3079638592573312, -0.01888028502026818, 0.30242242766403615, 0.06295482304500027, -0.0066240444007019525, 0.042489983270388845, 0.02791319524685016, 0.5216010727198095, -0.287562563567841, -0.1545820226544944, 0.3722617794526728]
2 : [-0.18761452695779957, 0.11274490285512895, 0.6174729581916557, 0.621857950111905, 0.09444149322781849, 0.16197716550250488, 0.16513678576767438, 0.17294136485832412, 0.1503030082088008, -0.1344580519105139, 0.08471748602093077, 0.17700847251216698, -0.11222979408430539]
3 : [-0.05043132585974504, 0.5276060132620148, -0.2440577673559884, 0.056342698806344994, -0.3051219351767594, 0.1806829468418955, 0.12769194974376308, -0.24516470402566032, 0.41898654712058264, 0.06861849725161749, -0.4469742518837184, 0.14652765856015854, -0.22951826177485907]
4 : [0.23838538228860265, -0.05691841947837353, 0.1443313646707819, -0.08532709209232876, -0.797442287367282, 0.17032316655760174, 0.12563445265866066, 0.3911808237810538, -0.13960126099108575, 0.13856851455079292, 0.11135309097726888, 0.10569182588560525, 0.12581650925678423]
5 : [-0.21353062898421266, -0.5099797953433441, -0.13155840769417312, 0.06978073399993022, 0.007787305505168902, 0.06510820231823616, -0.0037641232435024646, 0.30948477559022747, 0.5800199256213491, 0.38028993501045905, -0.08574621860278413, -0.27317534249023573, -0.0950414001112936]
6 : [0.050651064740293045, -0.47963453914925064, 0.09316884638174995, 0.3263111610588036, -0.20477992465947423, 0.02235178959487156, 0.040819698331538284, -0.5986146892813506, -0.3102098469738648, 0.25311878567173635, -0.27288961070546314, 0.03525478645479226, -0.11736544752505258]
7 : [-0.4932738979278366, -0.03757309006334079, 0.2053060988416596, -0.4273030018815232, 0.13189227661412165, 0.3973322644840263, 0.19517892197843756, 0.16156001095240047, -0.34565731349423123, 0.03504164135073828, -0.40834532034073173, -0.009834889978557188, -0.05929759209187738]
================================================================================
=                                   round 3                                    =
================================================================================
selected eigenvectors:
0 : [0.14041880380864868, -0.232112296135742, 0.008292100849998487, -0.23276716690360003, 0.14252241945667118, 0.3887881860603334, 0.42547103158647154, -0.3030520502941906, 0.31216965956341547, -0.09364109903232791, 0.2968523839143362, 0.3780247882692939, 0.30096421856838657]
1 : [0.4909941629980489, 0.23804147770745418, 0.3154609400153107, -0.007874030809049488, 0.2856616894747083, 0.07141857854991564, -0.0030447483128648958, 0.021311142156496873, 0.049344432926874404, 0.5384823298592154, -0.27915284001873547, -0.16876620723574068, 0.34162889055448226]
2 : [-0.217676621435863, 0.04218459976436505, 0.6258704719072727, 0.633019930311394, 0.14233670390455258, 0.12558930396553933, 0.1422335195584053, 0.1429777987398172, 0.1416767523677412, -0.10763711817761812, 0.0848594201040719, 0.15417642386726313, -0.1381097044046807]
3 : [0.11274410816037893, -0.46540170391712715, 0.24684207032016459, -0.11150001119182198, 0.1396334912983934, -0.1420729419834052, -0.1135313819333215, 0.3555865285006626, -0.42813155952749926, -0.047869660792292726, 0.4821643951410567, -0.1530129019805457, 0.27718186163154146]
4 : [0.24633369215154877, 0.08102474520809977, 0.10727909163881068, -0.004851708692599238, -0.8226151918032009, 0.19682922280822523, 0.15532298471434558, 0.3723148216681639, -0.032790086093284786, 0.09520186718358997, 0.01771173331412314, 0.1675781413608622, 0.06713108984358286]
5 : [-0.22583015996103586, -0.5316719864939607, -0.16537429528006434, 0.043962585384750424, -0.018560982455285705, 0.07660205648881983, 0.011372634546785837, 0.31396184611599753, 0.5431841162862096, 0.38868347379063545, -0.09097379496657677, -0.2698729645843771, -0.06999309285607377]
6 : [0.03618161220607715, -0.48841681498810374, 0.11728297913199778, 0.2570925988223658, -0.2679029947541605, 0.01396071602494095, 0.04141343681505967, -0.6144637301123759, -0.34911021297719147, 0.24905014699078987, -0.19208056211848598, -0.04799843344194976, -0.07705602618455619]
7 : [-0.4044053053264799, -0.03967092831080671, 0.20392907924842474, -0.4373186167969498, 0.14241198617205422, 0.4061248107906715, 0.21709770873149004, 0.19918100626322696, -0.3777449027754421, 0.04632280663053124, -0.4068720821044078, 0.04472786083634489, -0.13282474790036664]
================================================================================
=                                   round 4                                    =
================================================================================
selected eigenvectors:
0 : [0.11426195027290867, -0.2748641138893348, 0.0006736738692922164, -0.22322696535433947, 0.15232582703797717, 0.3921109261501612, 0.41734262397055816, -0.30078498387341174, 0.30937570265526854, -0.11851839587600987, 0.30770260231535373, 0.39069347272151345, 0.2507595836036434]
1 : [0.5080965746976802, 0.19971893288444534, 0.27629197304880465, -0.07530671485736944, 0.3081934353698313, 0.06152811482208654, 0.008265184867036243, 0.008830696404981544, 0.019389910263867226, 0.5193905595651358, -0.25553366036507663, -0.1510282345921193, 0.40345652150716244]
2 : [-0.17781790572930228, 0.12055876951651573, 0.6450065052373328, 0.5963751634028039, 0.12442528750095003, 0.1395563164072871, 0.1529868035121039, 0.2336526003290141, 0.16829172320013472, -0.09704498685405659, 0.06074878348038992, 0.14568987350083387, -0.08085631303783859]
3 : [0.014614415814485108, 0.5453480127915072, -0.19634152306212788, 0.03938262374064435, -0.36857962876431305, 0.1999335860555883, 0.1614904217828975, -0.19322518839678562, 0.3938120975074473, 0.06427998884961575, -0.4318303876793341, 0.197464172818744, -0.19583666498392618]
4 : [0.29806822106998904, -0.07561423138015903, 0.1462277119592908, -0.06293772544898589, -0.7411092834182794, 0.14555441632546656, 0.11035331741142705, 0.39676930912134567, -0.24737674833361079, 0.07058165363232057, 0.17549898816107368, 0.12813843003158895, 0.16329405263013183]
5 : [-0.1352259178369329, -0.0035469558358278423, -0.2606064752680646, -0.1647603473912104, 0.1166644128272773, 0.06733685521370669, -0.015287530684277467, 0.6783471537363637, 0.5724600963646728, 0.13695439761779016, 0.15859251556907186, -0.18832189560823162, 0.03197600728013579]
6 : [-0.163691910317454, -0.6480073424277871, -0.013397872169855144, 0.2588252955591174, -0.22376269788677852, 0.048749422048550956, 0.09157777891098422, -0.1782152799871095, 0.17853134553556596, 0.5060426497849307, -0.2466261156503963, -0.16761714823156018, -0.12905589985500623]
7 : [-0.471131236783183, -0.043184331710626266, 0.21232831398957627, -0.47677399992874175, 0.12133951036438712, 0.33038896998006495, 0.15941988303803065, 0.21982232096049711, -0.328272784083352, 0.03763779135837933, -0.43186727645555595, 0.09322575484520672, -0.04215449186149177]
================================================================================
=                                   round 5                                    =
================================================================================
selected eigenvectors:
0 : [0.13841612260506464, -0.24122643955789166, 0.007087997433926908, -0.22680659085223645, 0.16114714935610522, 0.3985286308214948, 0.42443585619350016, -0.2963962320363622, 0.31474847248461424, -0.07902483044266703, 0.2948561966928928, 0.3688165079375483, 0.3001532921160669]
1 : [0.4762495649639164, 0.2188947639850537, 0.34860865203936053, 0.012972767345967608, 0.278266294641684, 0.07553576353663283, -0.006058033291370139, 0.040411652487332486, 0.013397686631090356, 0.5342629145747148, -0.27878651509429064, -0.1639219866044965, 0.3585510659359248]
2 : [-0.20702623143014198, 0.07658619668929315, 0.6205656999764599, 0.613380929421506, 0.10874227831954877, 0.13273331807754016, 0.14622963908705544, 0.19554344540607121, 0.12605970512412729, -0.15469931971670334, 0.1128072888520726, 0.1717478332274441, -0.1372138724297284]
3 : [-0.20064097185276658, -0.11658476004497913, -0.02117551485512686, 0.043892430003584317, 0.8195485695116531, -0.235469795317406, -0.17663365000638798, -0.35885752077047195, -0.07447910087554738, -0.14278513689481928, 0.05556747869114886, -0.1660723673523042, -0.009470470068261422]
4 : [-0.20751095496054905, 0.3219075419541441, -0.2456377171674732, 0.12708273193147526, 0.014739033540468325, 0.16107623845202595, 0.09378489466537368, -0.33222392712797394, 0.520884048436994, 0.14584328039242062, -0.49847636963850583, 0.04330216944691029, -0.2975759867801338]
5 : [-0.14840496972681771, -0.47532759237178085, -0.15723016289957864, 0.01056433468891196, 0.14054849503413752, 0.004011753402619024, -0.03571615081092737, 0.5116224086215813, 0.5101038843023538, 0.29612510303015255, 0.10885770924623449, -0.2887171927409298, -0.03605470665323019]
6 : [-0.013295751624304745, -0.6373505763515694, 0.10608707262281493, 0.29874802079710666, -0.2555089426704218, 0.06289848170880274, 0.058641310269211426, -0.4538643467666864, -0.2535428135620393, 0.3101124195711828, -0.1749577359686036, -0.10810332207949828, -0.10807276660749508]
7 : [0.3817199636068954, 0.1115955391381269, -0.1233122862906573, 0.3905977036966961, -0.21347345588961486, -0.395293912886654, -0.1794132575456217, -0.295011328910096, 0.3868804757644118, -0.02342550731932631, 0.4236575369988088, -0.10327392412554343, 0.11242043791446399]
================================================================================
=                                   round 6                                    =
================================================================================
selected eigenvectors:
0 : [0.14504669640128107, -0.24091628411250712, -0.01762007144697777, -0.2539044287583917, 0.1120333311701185, 0.3918698460029576, 0.4233562349466807, -0.29056789274267913, 0.31901573075218465, -0.10192602832529747, 0.30338578669249733, 0.37602956445966096, 0.2841973046295513]
1 : [0.4908133047471917, 0.1967624677796031, 0.33162097963022785, 0.01802420268377407, 0.28509016230165946, 0.08280790807488682, 0.009873006411128, 0.05502310516339103, 0.05978767955351296, 0.5402406479180065, -0.2482735238054096, -0.1586718197189446, 0.3695671836349174]
2 : [-0.17062210652746668, 0.20577316834502613, 0.632831571579622, 0.5549060977491366, 0.018322743529229402, 0.16677418332181274, 0.14097832051642467, 0.14781551203168056, 0.18559624296367278, -0.20817212297655546, 0.06622054548274707, 0.21862886700560974, -0.14251287914209637]
3 : [-0.019708604268147696, 0.5041432305601286, -0.320967948666273, 0.02844768380083425, -0.30256787031166626, 0.15916083237401243, 0.11287954776320669, -0.2560638492970339, 0.42158134223321286, 0.12800167960999073, -0.4354008894512306, 0.12602367122419184, -0.2164725085101646]
4 : [0.29154042521476387, -0.001871274005825097, 0.04428414122307794, -0.07562268613162171, -0.7636708161871807, 0.15614200545109974, 0.1064205636923972, 0.4557782206639267, -0.17785452571287028, 0.07873471225993742, 0.12521895572600397, 0.12168290935516515, 0.11122200444894254]
5 : [-0.23375209062390329, -0.5802303824122236, -0.053172869352611174, 0.1408708333553017, -0.07315663816090835, 0.09894395841992784, 0.013689105312188508, 0.2710194460084133, 0.5156844340029395, 0.38174068501187103, -0.07118306366171975, -0.24612672102801753, -0.1412027194249829]
6 : [-0.0634943848319066, 0.3836838019370853, -0.17996800318610257, -0.3037834189702325, 0.30069289308681446, -0.0006128727781447637, -0.04810765796307885, 0.6437855663717108, 0.3560033049867101, -0.21565218042836526, 0.18220553802032027, -0.05375502653015161, 0.08694184594995549]
7 : [-0.3922519081778406, -0.054582976459277996, 0.1335876020129019, -0.34736890447185925, 0.1480775410233338, 0.5048359813262493, 0.13399610656464628, 0.18702522401863997, -0.38869423049493435, 0.04752644521352914, -0.45456929870518736, 0.08633019534057132, -0.08660543313060745]
================================================================================
=                                   round 7                                    =
================================================================================
selected eigenvectors:
0 : [0.1622525026110059, -0.2399661326846147, 0.004773451532955499, -0.2461242304981935, 0.15500712672810793, 0.39781896934162714, 0.4183197765739559, -0.29547993465158146, 0.31472081402585844, -0.05383587801008575, 0.2861157392812416, 0.36306568023753544, 0.3086698753536727]
1 : [0.4685353161796292, 0.23232023960984655, 0.3531830674431427, 0.025326558520016522, 0.28470495012734603, 0.0513364390000489, -0.007644953525817122, 0.04704913744539831, 0.04327545753577194, 0.5329371852911208, -0.29026175957741623, -0.18617789580638305, 0.3321881066041501]
2 : [-0.23243611444102788, 0.11060574264338359, 0.5971229102983883, 0.6121240112079903, 0.10865971334573053, 0.1534025599676186, 0.16310431087021518, 0.13344954684013058, 0.17092915633958058, -0.1586202563853226, 0.07272315852878394, 0.19541154483451328, -0.1577519538651985]
3 : [0.1378677298033899, 0.5295976311583211, -0.12112486150377888, -0.056095967828760654, -0.6517671641408387, 0.24152564278758198, 0.17526727445180804, 0.09924249151644754, 0.21793035878326922, 0.047394021305471386, -0.22480821611934082, 0.22210022952351396, -0.09690720279230992]
4 : [0.22806390508870245, -0.32490836944047574, 0.27205754297744833, -0.024448919087471693, -0.4600286811832514, 0.03204905995078433, 0.03624481618756187, 0.47440338821393674, -0.3570313132868271, 0.030317857701924186, 0.3704418199211606, -0.021994317490227597, 0.2503620099219812]
5 : [-0.17986542121313626, -0.43472665031541335, -0.1807637617620849, 0.08054130739520231, -0.0852554846737847, 0.0924323834236809, 0.008605843087926932, 0.3526368091548621, 0.6121153694868398, 0.37534236153908995, -0.06761496054867917, -0.25024797942250593, -0.12843970995269954]
6 : [-0.0349957597705095, 0.41679442793796917, -0.07014877383448395, -0.3105658784410891, 0.35376348223236637, -0.05311786711684249, -0.057959632000106544, 0.5910979914540557, 0.2431044032051054, -0.29554451695313433, 0.2765553628403429, -0.04889677388904328, 0.1328132039124032]
7 : [-0.42843937382302655, -0.09630906856568672, 0.20679962282038922, -0.4438499463478146, 0.12587021999991074, 0.40208286179045116, 0.17906497757055798, 0.2121266627970243, -0.34085534213131324, 0.06643749633404189, -0.42020620077878634, 0.03483342749907235, -0.12015222047674604]
================================================================================
=                                   round 8                                    =
================================================================================
selected eigenvectors:
0 : [0.1561750039005049, -0.24102404557930318, 0.008639017747144227, -0.2295312543082905, 0.13171690685585727, 0.40514291975096794, 0.4252820606060018, -0.2859134896462331, 0.3401709383028876, -0.07506678310962214, 0.28101038061258526, 0.3733799848831267, 0.28447377445145233]
1 : [0.4774825657693782, 0.24074474315231228, 0.3379736382484657, 0.011390481347715536, 0.32809595014112963, 0.04045476338352272, -0.011762937933643766, 0.014625391228346833, 0.011835286952815136, 0.49959380994353225, -0.27274311203007434, -0.1679835657895282, 0.37110551487599575]
2 : [-0.21804073623066758, 0.03268976511807905, 0.633859512671585, 0.6050549986361243, 0.1423935533114788, 0.1319735303834305, 0.14053880640265032, 0.19947958724811352, 0.10164682650828867, -0.14877356707134604, 0.11718357746152082, 0.1548328320562247, -0.12693753004462507]
3 : [-0.1522465116429143, -0.5237068435201887, 0.05119012090531185, -0.05710077145503309, 0.6423297189806743, -0.24913661308014606, -0.18906884761041812, -0.0768622632397954, -0.1946345727951168, -0.04156914155464962, 0.2756443759554024, -0.23073638209639544, 0.10737852754720166]
4 : [0.26483615673797534, -0.28260692228783035, 0.22529456083446295, -0.12141536699136624, -0.4508423674975758, 0.0047414461442614395, -0.006649688417645868, 0.4728571124911309, -0.3832237232913599, 0.021618498727792472, 0.3635836417433708, 0.01793362514961756, 0.27880810104665343]
5 : [-0.16605780533897027, -0.37572840854521977, -0.18456160723718318, 0.05381538961882205, -0.06911239853589977, 0.11216435469967825, 0.040598433046555416, 0.4595485087449455, 0.5763395827896521, 0.3868755806896325, -0.07749516409804584, -0.26908096964204414, -0.06207540748144173]
6 : [-0.02841631384461769, 0.5160076906363638, -0.09606928422259506, -0.30945381567096336, 0.33217278150617874, -0.020534863825011983, -0.09454895172688864, 0.5206301377099253, 0.2231748086193886, -0.3095179489412364, 0.28338095556140974, 0.009016472583729, 0.10577099916818554]
7 : [0.34513968590833505, 0.08736258494753002, -0.18370984868190032, 0.4562908342464837, -0.16448303676224846, -0.35919997584396224, -0.22514730549634573, -0.23223098077759327, 0.3672283435797878, -0.030180660399924685, 0.4495601099156801, -0.07957103916832405, 0.16245165778170753]
================================================================================
=                                   round 9                                    =
================================================================================
selected eigenvectors:
0 : [0.14173707585348574, -0.26760639917905704, -0.007620820817885908, -0.2486182455595832, 0.15262114381206304, 0.3837333160262318, 0.41714534474443465, -0.2929599733082578, 0.2907542354998597, -0.09703353599386276, 0.31045383105865554, 0.3751690684543507, 0.29148088758897833]
1 : [0.4722753359224776, 0.22979812796681964, 0.3120038880002102, -0.010604165244073952, 0.3064888811766108, 0.07607207164509187, 0.008996558130017355, 0.007638197579753841, 0.05987933230985142, 0.5372258999807266, -0.291089555163095, -0.16164080177790943, 0.35180988978755867]
2 : [-0.23383829923275026, 0.047109705989235834, 0.6096576520806175, 0.6142285066469867, 0.20408527543349145, 0.12895110880106053, 0.14803387382111327, 0.16692479128327126, 0.14572728905179672, -0.13619808655130033, 0.10148861001204415, 0.15015926953888156, -0.11597416391946212]
3 : [0.17679415869685458, 0.17956686764863133, 0.08103040466544773, 0.004779342776566661, -0.7834794584246396, 0.24628441979099674, 0.19002271872731963, 0.4078454755676203, 0.08050573587088844, 0.1184782163493447, -0.010867970285699921, 0.1684112452958436, 0.06300343276036718]
4 : [-0.004515282726668855, 0.6287771770420229, -0.14426815760093703, 0.08010270050418, -0.03534264780561084, 0.09167878557811329, 0.13689117749046448, -0.4985719866580187, 0.10936193404771029, -0.12657073241038377, -0.36506034477921884, 0.2667001077593864, -0.2608517229437943]
5 : [-0.20903861725807688, -0.4173393645461057, -0.21153518545089822, 0.1853948263792184, -0.09094265805336721, 0.11966215695518333, 0.07647712623740821, -0.09752599879186911, 0.5170170393138572, 0.44566934001711433, -0.2998916160813795, -0.1588737090051231, -0.28975687816373386]
6 : [-0.00029287818255560946, 0.3747258346994825, -0.27233246271072015, -0.18690536684724052, 0.32898818347982406, -0.010806428082789674, -0.04981372962968983, 0.5207546837323345, 0.5561220578115996, -0.11531168722613903, 0.18163789351687742, -0.05795613949364649, -0.09769983480492898]
7 : [0.20273810791858604, 0.12492905970033191, -0.11745149999697198, 0.4148341910300216, -0.2428061513626413, -0.3804453558220254, -0.1643511324151687, -0.336066054490766, 0.32303429891163016, 0.05365500381344352, 0.47058962288267175, -0.1339422558680155, 0.2591088696827445]
================================================================================
=                                   round 10                                   =
================================================================================
selected eigenvectors:
0 : [0.1540027432702542, -0.23521841787616682, 0.0012245357102040814, -0.23810753654438602, 0.13913673552811337, 0.4047513281057416, 0.4276655764004431, -0.29681782993400896, 0.3049080110497809, -0.0829741219678016, 0.29481299657531707, 0.3775444134277656, 0.2841994495944613]
1 : [0.47535943435593536, 0.2136723959716411, 0.285376052339473, -0.05077864431036177, 0.3129209175313743, 0.05738318650488063, -0.024541583388016576, 0.03647135986025192, 0.03352190564649914, 0.5340385157399486, -0.2951058419961871, -0.17290783887360678, 0.3713614682464882]
2 : [-0.20335697225125282, 0.07361115413379782, 0.63637185373923, 0.5964377030236881, 0.245074215518468, 0.14217057499586677, 0.11963907383466578, 0.1646219108810036, 0.12558029179410182, -0.13713533240883152, 0.09642188051952404, 0.12624624971071768, -0.10497971840562789]
3 : [-0.07532134129127226, 0.5779117964636173, -0.20072895876404498, 0.10540789483273783, -0.18463616339894054, 0.16314887523164665, 0.12187589836948301, -0.2624143843846614, 0.4409674867304478, 0.031808087964034115, -0.4234274738462912, 0.17255518738980619, -0.24492530024285536]
4 : [0.14031054917900235, -0.05973161514455165, 0.03590495129606912, -0.007311912052165526, -0.6091811693418817, 0.1903077803317879, 0.11042018936213413, 0.6587682078983432, 0.2626006500509655, 0.1957255931782075, 0.10906269987219612, 0.025308796823417322, 0.04596432455445307]
5 : [-0.2992350557283286, -0.5731111083067577, -0.18155722597327473, 0.1652806509611279, 0.1697417895761804, 0.07023842785070589, -0.007479153716674204, -0.07267448776409025, 0.410068310032547, 0.41064676038785736, -0.16905105199193077, -0.296079626587277, -0.17207528618669965]
6 : [0.179523063838673, -0.3042919500163246, 0.20379613998871468, 0.2987401237056956, -0.5073205729043573, 0.08417672740580252, 0.06804945129846361, -0.4461260575417101, -0.39684569894451344, 0.19935988373047317, -0.2183463279675219, 0.16887481961119016, -0.05343765248732982]
7 : [-0.46336953122082664, -0.03159973533449512, 0.1958640502530114, -0.4565812632079859, 0.07971189465446671, 0.36055931099740574, 0.1885323434358987, 0.21357976750893065, -0.35137314632827654, 0.05293940515767106, -0.42365964821328006, 0.0972166362489419, -0.06884005516483707]
################################################################################
#                                    setup                                     #
################################################################################
k : 5
distance-weighting : false
PCA : true
PCA-energy-ratio : 0.9
################################################################################
#                                   summary                                    #
################################################################################
+-------+-------+------+-------+
| round | learn | test | error |
+-------+-------+------+-------+
|     1 |   160 |   18 |     1 |
|     2 |   160 |   18 |     0 |
|     3 |   160 |   18 |     1 |
|     4 |   160 |   18 |     0 |
|     5 |   160 |   18 |     0 |
|     6 |   160 |   18 |     2 |
|     7 |   160 |   18 |     0 |
|     8 |   160 |   18 |     0 |
|     9 |   161 |   17 |     1 |
|    10 |   161 |   17 |     0 |
+-------+-------+------+-------+
################################################################################
#                                  statistics                                  #
################################################################################
+-----+----------+-----+---------------+
|     | accuracy | SE  | 95% CI        |
+-----+----------+-----+---------------+
| knn |     97.2 | 1.3 | (94.4, 100.0) |
+-----+----------+-----+---------------+
