================================================================================
=                                   round 1                                    =
================================================================================
================================================================================
=                                   round 2                                    =
================================================================================
================================================================================
=                                   round 3                                    =
================================================================================
================================================================================
=                                   round 4                                    =
================================================================================
================================================================================
=                                   round 5                                    =
================================================================================
================================================================================
=                                   round 6                                    =
================================================================================
================================================================================
=                                   round 7                                    =
================================================================================
================================================================================
=                                   round 8                                    =
================================================================================
================================================================================
=                                   round 9                                    =
================================================================================
================================================================================
=                                   round 10                                   =
================================================================================
################################################################################
#                                    setup                                     #
################################################################################
k : 5
distance-weighting : true
PCA : false
PCA-energy-ratio : 0.9
################################################################################
#                                   summary                                    #
################################################################################
+-------+-------+------+-------+
| round | learn | test | error |
+-------+-------+------+-------+
|     1 |   621 |   69 |    12 |
|     2 |   621 |   69 |    12 |
|     3 |   621 |   69 |     9 |
|     4 |   621 |   69 |    16 |
|     5 |   621 |   69 |    13 |
|     6 |   621 |   69 |    12 |
|     7 |   621 |   69 |     9 |
|     8 |   621 |   69 |    12 |
|     9 |   621 |   69 |     9 |
|    10 |   621 |   69 |    12 |
+-------+-------+------+-------+
################################################################################
#                                  statistics                                  #
################################################################################
+-----+----------+-----+--------------+
|     | accuracy | SE  | 95% CI       |
+-----+----------+-----+--------------+
| knn |     83.2 | 1.0 | (81.0, 85.4) |
+-----+----------+-----+--------------+
