================================================================================
=                                   round 1                                    =
================================================================================
================================================================================
=                                   round 2                                    =
================================================================================
================================================================================
=                                   round 3                                    =
================================================================================
================================================================================
=                                   round 4                                    =
================================================================================
================================================================================
=                                   round 5                                    =
================================================================================
================================================================================
=                                   round 6                                    =
================================================================================
================================================================================
=                                   round 7                                    =
================================================================================
================================================================================
=                                   round 8                                    =
================================================================================
================================================================================
=                                   round 9                                    =
================================================================================
================================================================================
=                                   round 10                                   =
================================================================================
################################################################################
#                                    setup                                     #
################################################################################
k : 3
distance-weighting : false
PCA : false
PCA-energy-ratio : 0.9
################################################################################
#                                   summary                                    #
################################################################################
+-------+-------+------+-------+
| round | learn | test | error |
+-------+-------+------+-------+
|     1 |  1555 |  173 |    28 |
|     2 |  1555 |  173 |    36 |
|     3 |  1555 |  173 |    21 |
|     4 |  1555 |  173 |    22 |
|     5 |  1555 |  173 |    35 |
|     6 |  1555 |  173 |    37 |
|     7 |  1555 |  173 |    29 |
|     8 |  1555 |  173 |    23 |
|     9 |  1556 |  172 |    31 |
|    10 |  1556 |  172 |    28 |
+-------+-------+------+-------+
################################################################################
#                                  statistics                                  #
################################################################################
+-----+----------+-----+--------------+
|     | accuracy | SE  | 95% CI       |
+-----+----------+-----+--------------+
| knn |     83.2 | 1.1 | (80.8, 85.6) |
+-----+----------+-----+--------------+
