================================================================================
=                                   round 1                                    =
================================================================================
1 0.6660246530585626 0.6831462860602426
2 0.6602148978241615 0.6815562253120152
3 0.6593797757785442 0.6825550859357692
4 0.6587901647136225 0.6829031946127072
5 0.657823543153356 0.682447792518152
6 0.6560875201578583 0.6810038029996971
7 0.652951481289253 0.6780168547932992
8 0.6473211537753247 0.6723786362280222
9 0.6374290298218871 0.6622171045851561
10 0.6208900136192611 0.6449276814954334
20 0.3656095801318785 0.37671965976115934
30 0.31300251553735026 0.3353772553967732
40 0.29405158400507625 0.32143166657695266
50 0.2827403015041149 0.3114665525827337
60 0.2743659867036535 0.30294890099379446
70 0.2676150486315935 0.29545694092877933
80 0.2620251143973963 0.28891617276204895
90 0.2573858617968315 0.28330461692421216
100 0.25355213454534836 0.2785733781835076
200 0.23642525500517764 0.2582968335890789
300 0.23006503524180494 0.25245556570886535
400 0.22619711493505895 0.24922897094349436
500 0.22344373912349888 0.24696611363232648
600 0.22132519797845787 0.24521743565147913
700 0.21961551506552668 0.24379407240258347
800 0.21818986837968138 0.2425965684269354
900 0.216972183608646 0.24156550052550047
1000 0.21591282751314417 0.24066235340785821
2000 0.2095652439278243 0.23516882359477237
3000 0.2062854035957929 0.23233062870453744
4000 0.20412464394626223 0.23048309695092703
5000 0.20253505444764894 0.22913933501323072
6000 0.2012884877573055 0.22809602885967237
7000 0.20026915705134418 0.22725036169125518
8000 0.19941063750616678 0.22654356654245036
9000 0.19867147547195493 0.22593910132753348
10000 0.19802415537774615 0.22541280600955813
================================================================================
=                                   round 2                                    =
================================================================================
1 0.6722522852463557 0.672924481979527
2 0.667241226831044 0.6680031100283191
3 0.6668707231658869 0.6676432760150959
4 0.6668483903106217 0.6676120184838449
5 0.6668293879374431 0.6675734732721438
6 0.6667795845990607 0.6674935746364276
7 0.6666764312633292 0.6673466555070928
8 0.666475374265706 0.6670824319054419
9 0.6660903287621706 0.666605558935703
10 0.6653593893377484 0.6657392899687783
20 0.4711745093370838 0.4610599157057924
30 0.35390824476402793 0.3435910431717728
40 0.3271531098824718 0.3182697610731984
50 0.3120615517831434 0.3039136085933897
60 0.3004428676017495 0.29229019008920265
70 0.2907215598035146 0.28197025295504374
80 0.2826855591423052 0.27291276982186913
90 0.276288859448856 0.26526679885390503
100 0.2713196424157883 0.25901561995141004
200 0.25280256864734046 0.23471319726533146
300 0.24744437479287817 0.22821824178232378
400 0.24459092597947094 0.224969237134235
500 0.24271580309833274 0.2230038156858295
600 0.24134525116575611 0.22171417650857628
700 0.24027219343359055 0.22082521946876
800 0.23938809195455177 0.22019146105485363
900 0.23863009302535265 0.21972969556735944
1000 0.2379596147333043 0.21938943917970993
2000 0.233233955500884 0.21854378078474007
3000 0.2301141113199637 0.21838566905591403
4000 0.22787828629387805 0.21810116754814746
5000 0.22618345553698577 0.2177878343993162
6000 0.2248404434223916 0.21747549926471155
7000 0.22374000162416993 0.21717234798428128
8000 0.22281484626915354 0.2168811149641514
9000 0.22202116695661797 0.21660265401480341
10000 0.22132910796802593 0.2163369990835455
================================================================================
=                                   round 3                                    =
================================================================================
1 0.6690407236079337 0.6837709213319437
2 0.663543325080988 0.6818797216515613
3 0.6627673344061195 0.68261161894434
4 0.662154092247689 0.6827486894716964
5 0.661143527217406 0.6821096814348765
6 0.6593953104870622 0.6804599208877782
7 0.6563849717078071 0.6772193138389079
8 0.6512563799476039 0.6713299613628273
9 0.6427056491192791 0.6611241526431866
10 0.6290274611298016 0.6443843536967668
20 0.40474744473924323 0.36599675318182817
30 0.3524338605154195 0.3086857075037405
40 0.33006810151043964 0.28807624910228313
50 0.31459291551606094 0.2751043575313915
60 0.3023121461894315 0.2652202419012603
70 0.29250241856188197 0.25756872615521154
80 0.2849062110556921 0.2518914066524473
90 0.2791326370040562 0.2478239240798554
100 0.2747188255339854 0.24493811294986065
200 0.25726763666393576 0.2370825234248574
300 0.25153099131344037 0.23653205004568179
400 0.24816144760769895 0.23682971260604782
500 0.24571804904821246 0.2372729151402527
================================================================================
=                                   round 4                                    =
================================================================================
1 0.6658469474084603 0.6941041052796219
2 0.660296957566017 0.6955400934947742
3 0.6597062781647802 0.6975521909701904
4 0.659464265345024 0.6984228857402517
5 0.6591202017766753 0.6985700349768209
6 0.6585613078759532 0.6982021289763007
7 0.6576522412935569 0.6972784248203833
8 0.6561667567089542 0.6955464045285943
9 0.6537309471992435 0.6925128269031424
10 0.6497455836721121 0.6873549145405063
20 0.44485385137927297 0.41613772706109037
30 0.3695978023938435 0.32986349682683835
40 0.3448419324552554 0.30571837936578594
50 0.32904038740132485 0.2912767942751282
60 0.31645984869933963 0.2798324855089241
70 0.3059773318450031 0.2701828882896619
80 0.2974549227518797 0.2622917676372964
90 0.29077694239606505 0.25617226510842134
100 0.2856405460433077 0.25160214459094915
200 0.26646799779752517 0.2377827737031826
300 0.2608232911474519 0.23540218582876787
400 0.2576586907506303 0.234634219135306
500 0.25537115035170693 0.234403055206719
600 0.2535079498524087 0.23440137743572512
700 0.2519031990072821 0.23448995658714383
800 0.2504849941037095 0.23459539875205343
900 0.24921575037169802 0.2346811228096243
1000 0.24807127852971006 0.23473289721873028
================================================================================
=                                   round 5                                    =
================================================================================
1 0.6661914080247813 0.6922581688661056
2 0.6607264818354528 0.6932013900324289
3 0.660230475102202 0.6950842006273893
4 0.6601430879272518 0.6960492152687184
5 0.6600721333993278 0.6965101959675496
6 0.6599875096440339 0.696749543447013
7 0.6598893514824329 0.6968952923648302
8 0.6597774129766689 0.6969998011369835
9 0.6596498089013257 0.6970832001259056
10 0.6595036922977253 0.6971524855040235
20 0.6559237334200052 0.6967134304505177
30 0.6398188401682604 0.6866643173990105
40 0.5360038228831498 0.5576413883787109
50 0.40421449349578686 0.37563127372685856
60 0.3654275764751627 0.33192223215040356
70 0.3472740044488744 0.3154800219734228
80 0.33509850276181546 0.3053641102084376
90 0.3251645629560095 0.2972214456945627
100 0.31632649792915174 0.28994255575903627
200 0.2717019449372994 0.2488919187297889
300 0.2636528831437218 0.24296081999507532
400 0.26036983773777206 0.24089496343268793
500 0.2584920770018668 0.2396910615821106
600 0.25723962732514183 0.238834568691641
700 0.25632808931681555 0.23816479368948396
800 0.25562653789958956 0.2376164044635704
900 0.255065316662724 0.2371575327058351
1000 0.25460346315989796 0.23676964988915034
2000 0.25224468991636895 0.2347055763272443
3000 0.24488035091951418 0.2305671848393594
4000 0.23794680978991636 0.22791139719522163
5000 0.2336759157574457 0.22570307674664175
6000 0.23067218574099446 0.2240644486686352
7000 0.2283945464985605 0.22278616388309763
8000 0.22657961853146275 0.2217483468127492
9000 0.22508215211005916 0.22088045671936207
10000 0.22381446784014256 0.22013816923265053
================================================================================
=                                   round 6                                    =
================================================================================
1 0.669494943667591 0.6848764699539525
2 0.6643833361656976 0.6835635711661927
3 0.6639952971104689 0.6845819490447218
4 0.6639570159733462 0.6851454330011219
5 0.6639095691441336 0.6853764798588576
6 0.6638214168014052 0.6854319718525046
7 0.6636760358790184 0.6853688904376661
8 0.6634397790591202 0.6851760939279246
9 0.6630504880689377 0.6847874868931314
10 0.6623992604745312 0.684069909505177
20 0.5154461067200387 0.5021323486210213
30 0.373454610959136 0.34798486524476674
40 0.3425793934725518 0.32015691541872543
50 0.3261692190515263 0.3061362642436342
60 0.31398241092978396 0.2951850100086441
70 0.3039795947864477 0.28529197566102943
80 0.29567338282924255 0.2762343371373052
90 0.28891018823484066 0.2682858675944684
100 0.28352191374089014 0.2616779481010712
200 0.26330817732348444 0.239014036035946
300 0.257930686000171 0.2346323613721422
400 0.2552341894349647 0.23250130771692273
500 0.25349417428059007 0.2310327793806438
600 0.2522020424126939 0.229857008713976
700 0.2511511863436355 0.22884897602340698
800 0.2502419223598376 0.22795389320419335
900 0.2494214346914268 0.22714023677848655
1000 0.248660558978605 0.2263855398081992
2000 0.24277589696949525 0.22025389105843804
3000 0.23901733336216127 0.21614506044219783
4000 0.23645486236465416 0.2133534994373921
5000 0.23456518897719938 0.21129927910229343
6000 0.2330904881911924 0.20970189592499494
7000 0.2318925598316276 0.20841231535067897
8000 0.23089039847627787 0.20734265329599535
9000 0.23003301598497283 0.20643693863453885
10000 0.22928648271959504 0.20565744513816214
================================================================================
=                                   round 7                                    =
================================================================================
1 0.6679261878779787 0.6874265278876454
2 0.6629417621162346 0.6867807122497568
3 0.6625786861346358 0.6879777575292244
4 0.6625086102733909 0.6886095797597495
5 0.662377112031162 0.6888505881804554
6 0.6621411735562113 0.6888515740167205
7 0.6617536181047865 0.6886339638798983
8 0.66112354270234 0.6881160247308398
9 0.6600914281997827 0.6871074222990214
10 0.6583885864246916 0.6852657077966984
20 0.4739829916543208 0.45434435795428285
30 0.37061670911559264 0.33697995335398123
40 0.3427830314718775 0.31074576081162675
50 0.3264528554656501 0.2973378241910876
60 0.3139682246206965 0.2876932374920751
70 0.30377475904553397 0.27992237231775063
80 0.29552324350813375 0.27365426062188924
90 0.28901754982088 0.26881066951466565
100 0.28397207552253523 0.2652255492406595
200 0.2652138753250823 0.25597007054813126
300 0.2599412696466797 0.25545450445222895
400 0.257122699800967 0.25570305171172336
500 0.2551559268726095 0.25608296602262
================================================================================
=                                   round 8                                    =
================================================================================
1 0.6733834099484457 0.6790375688609736
2 0.6687568094378272 0.6753176758092332
3 0.6684631889206955 0.6752155863784224
4 0.6684539033312824 0.6752355530501735
5 0.6684265650502538 0.6751814193233758
6 0.6683523684262662 0.675046665662635
7 0.6682016473638485 0.674799029836292
8 0.66791221832405 0.6743600335269961
9 0.6673646834856041 0.673578645767358
10 0.6663367920841404 0.6721768334847213
20 0.44771454075849887 0.4196173968182782
30 0.3326301656920073 0.30961851440006277
40 0.30372441278595547 0.2860216177974971
50 0.28780026616124016 0.27334861321967807
60 0.27649848748654826 0.26428579085957393
70 0.2677659661690695 0.25720638709189114
80 0.26088220527679373 0.2516265074180899
90 0.2554529302513524 0.2472961418575778
100 0.25116430256565303 0.24397686104659175
200 0.23360835308117683 0.23235371325411708
300 0.22771203986167846 0.2290043336823762
400 0.2242683000738791 0.2268683105284517
500 0.22183501177114878 0.225219847278114
600 0.21995300200287993 0.22387062843481706
700 0.21842041258747413 0.2227373657767888
800 0.2171302641691913 0.22177040787960614
900 0.21601862438606403 0.22093545161129063
1000 0.2150440188601248 0.22020709518128953
2000 0.20906640587943393 0.21598260195456034
3000 0.2059062112627714 0.21393894570504743
4000 0.20381125181015425 0.2126250187642179
5000 0.20226856141190694 0.21166747383134998
6000 0.20106011864480694 0.21091970848690006
7000 0.2000739713875278 0.2103090698847262
8000 0.19924543072580342 0.20979438876553105
9000 0.19853394053640241 0.20935019856781484
10000 0.19791250114714265 0.20895972021930712
================================================================================
=                                   round 9                                    =
================================================================================
1 0.6719110689095101 0.6778517431382014
2 0.6671324211059151 0.6742418458750288
3 0.6667671614770281 0.6742705724109684
4 0.6666453294016604 0.6743315824828072
5 0.6664139149023508 0.6742041617349487
6 0.6659805877164359 0.6738356300650815
7 0.665204919505056 0.6730880499553256
8 0.6638300983291033 0.6716798778625237
9 0.6614030853918643 0.669099908620752
10 0.6571514570778357 0.6644671663971373
20 0.42302212148018925 0.40571089891440637
30 0.3503253042087952 0.3311079766174773
40 0.3261547370932092 0.3086964015320567
50 0.31043651179488885 0.2950662407143023
60 0.29809511356254803 0.28457876992711056
70 0.2881702139069774 0.2761797986680147
80 0.2803688160740628 0.26966412837875947
90 0.27435669893756764 0.26479452406395665
100 0.26972884419531795 0.2612140439433276
200 0.2517852671748354 0.25000064303017
300 0.2463506717719644 0.24769242246934536
400 0.24339724855209866 0.24653043215875203
500 0.24137972596148793 0.24567916123043004
600 0.2398339063692454 0.2449733525740702
700 0.23857114693208561 0.2443749322957964
800 0.237498477831141 0.243869282352127
900 0.2365630750105385 0.24344241158205504
1000 0.23573176636948692 0.24307859986431057
2000 0.2303048244295091 0.2407311563588928
3000 0.2272201310451179 0.2389946105637128
4000 0.22512866000303053 0.23760354260346309
5000 0.2235735765543264 0.23648150151953296
6000 0.22234792313514523 0.23555837647216096
7000 0.2213426044668202 0.23478381224301736
8000 0.2204938493387955 0.23412300816555948
9000 0.21976147537606308 0.23355150966622382
10000 0.2191186827310978 0.23305163415364352
================================================================================
=                                   round 10                                   =
================================================================================
1 0.6724815507086908 0.677580486610192
2 0.6678034496235312 0.6738915758436326
3 0.6675342618380784 0.6739199183110792
4 0.6675551616310262 0.6740558981851865
5 0.6675680214762164 0.6741217766591548
6 0.667563866620184 0.6741483194524018
7 0.6675470441629524 0.6741548969955896
8 0.6675160133866844 0.6741460760327767
9 0.6674629556208722 0.6741166665667385
10 0.6673718473276932 0.6740515842553993
20 0.6102758656295547 0.6116053982128951
30 0.38153005000474627 0.36368786491112304
40 0.33864127711450126 0.3200076995784166
50 0.31945158684206554 0.3013890103307635
60 0.3057873730722857 0.28841695288215924
70 0.29473012033158685 0.2780241328836911
80 0.28570872030013417 0.26969641987226584
90 0.2785510085079418 0.2633187988752398
100 0.27300253211205305 0.2586144153053971
200 0.2528020521106216 0.2440263147635535
300 0.24744064397426196 0.24124027394314523
400 0.24473184371969706 0.2403812766592563
500 0.24295984504457988 0.24012822492058358
600 0.24163587538487677 0.24010030863914839
700 0.2405680077776675 0.24015315397660836
800 0.23966430789812376 0.24022438509056115
900 0.23887413332544355 0.2402835055027577
1000 0.238166707475964 0.24031342006462034
################################################################################
#                                    setup                                     #
################################################################################
min_iteration : 100
max_iteration : 10000
update_ratio : 0.1
hidden_layer : 1
hidden_layer_width : 6
################################################################################
#                                   summary                                    #
################################################################################
+-------+-------+------+-------+-------+-------+----------+-------+
| round | learn | test | train | valid | i     | MSE      | error |
+-------+-------+------+-------+-------+-------+----------+-------+
|     1 |   135 |   15 |    90 |    45 | 10000 | 0.225413 |     0 |
|     2 |   135 |   15 |    90 |    45 | 10000 | 0.216337 |     1 |
|     3 |   135 |   15 |    90 |    45 |   287 | 0.236526 |     1 |
|     4 |   135 |   15 |    90 |    45 |   547 | 0.234384 |     1 |
|     5 |   135 |   15 |    90 |    45 | 10000 | 0.220138 |     0 |
|     6 |   135 |   15 |    90 |    45 | 10000 | 0.205657 |     1 |
|     7 |   135 |   15 |    90 |    45 |   288 |  0.25545 |     0 |
|     8 |   135 |   15 |    90 |    45 | 10000 |  0.20896 |     1 |
|     9 |   135 |   15 |    90 |    45 | 10000 | 0.233052 |     0 |
|    10 |   135 |   15 |    90 |    45 |   569 | 0.240096 |     0 |
+-------+-------+------+-------+-------+-------+----------+-------+
################################################################################
#                                  statistics                                  #
################################################################################
+-----+--------+----------+-----+---------------+
|     | i      | accuracy | SE  | 95% CI        |
+-----+--------+----------+-----+---------------+
| ann | 6169.1 |     96.7 | 3.3 | (89.2, 100.0) |
+-----+--------+----------+-----+---------------+
