================================================================================
=                                   round 1                                    =
================================================================================
1 0.6701114982358709 0.6855019966877692
2 0.6613651573184787 0.6812835633499849
3 0.6601577722710037 0.6821032102966432
4 0.659986849623674 0.6830012321582928
5 0.6599740678711599 0.6835667161244011
6 0.6599815748336118 0.6838834832916785
7 0.6599880710919132 0.6840524003229721
8 0.6599916840486917 0.6841398061932573
9 0.6599933004573876 0.6841838890330859
10 0.6599937802882164 0.6842054331925338
20 0.6599875803567116 0.6842106132567565
30 0.6599800490730298 0.6841924537308708
40 0.6599718774893546 0.6841745708711591
50 0.6599624120264502 0.6841566751272927
60 0.6599507801949897 0.684138193431179
70 0.6599355118919396 0.6841178974751267
80 0.6599136915465394 0.6840930115849607
90 0.6598789482352164 0.6840570713934438
100 0.6598161294891328 0.6839941770944322
================================================================================
=                                   round 2                                    =
================================================================================
1 0.675959615048654 0.6764803206377398
2 0.6679271668394503 0.6685612265657924
3 0.6669292402868598 0.6675941976400854
4 0.6668125830707586 0.6674874375207887
5 0.6668067043465651 0.6674846176121512
6 0.6668103842314139 0.6674888125610582
7 0.6668125630838844 0.6674905018915334
8 0.6668133008035434 0.667490344186431
9 0.6668133269723979 0.6674893104589703
10 0.666813046865421 0.667487904872186
20 0.6668083740273925 0.667471742276214
30 0.6668037965407919 0.6674560446581335
40 0.6667994532623377 0.6674409810344151
50 0.6667953350113807 0.6674265356619403
60 0.666791432325665 0.6674126911855686
70 0.6667877356095768 0.6673994289004153
80 0.6667842352462129 0.6673867288826462
90 0.6667809216915666 0.6673745699953679
100 0.6667777855477748 0.6673629297297238
200 0.6667511897283279 0.6672618075320335
300 0.3542195642340126 0.34203543231469674
400 0.2698366927516735 0.2519731382271253
500 0.25704739612664984 0.23686888853613108
600 0.25144940466627047 0.23049545003114508
700 0.24825174771474134 0.22707634510753263
800 0.24615713650085516 0.22503005189383388
900 0.24465504870762333 0.22368703415352897
1000 0.2435061424189929 0.2227397716649005
2000 0.23765985778399512 0.2190106156002537
3000 0.23371037382010937 0.21707103814487638
4000 0.23054198951652027 0.21570035917709235
5000 0.22806885021559037 0.21465190432857684
6000 0.22610744675671934 0.21380787197006457
7000 0.22451076133035636 0.21310457504753788
8000 0.22317948111873825 0.2125024716404973
9000 0.22204750353746258 0.21197617596443447
10000 0.22106970982540824 0.2115089194050692
================================================================================
=                                   round 3                                    =
================================================================================
1 0.6730610460575355 0.6859296957427327
2 0.664701839317756 0.6813571519171777
3 0.663620314169402 0.6818944607135076
4 0.663488746896615 0.682570284840021
5 0.6634855949256627 0.6829795676782182
6 0.6634941090206496 0.6831955064049662
7 0.6634998516922928 0.6833027050683634
8 0.6635027973041735 0.6833533839636813
9 0.6635041472777238 0.6833757528490506
10 0.663504694776499 0.6833842450713924
20 0.663503524091352 0.6833531711398526
30 0.6635013927898339 0.683312009987807
40 0.6634983714949672 0.6832723182340747
50 0.6634938121569773 0.6832339185988783
60 0.6634868219565306 0.6831963119340789
70 0.6634758639120572 0.6831582370847115
80 0.6634578785362647 0.6831166639677754
90 0.6634262432558603 0.6830643852578461
100 0.6633655029855835 0.6829836173612467
================================================================================
=                                   round 4                                    =
================================================================================
1 0.6698477694715034 0.6949014335813448
2 0.6612150815552595 0.6939410830105418
3 0.6600885247739892 0.6959548555036291
4 0.659957894014187 0.6972825475773653
5 0.6599621250546508 0.6979816067185018
6 0.6599759689861845 0.6983239975686091
7 0.659984528190871 0.6984849284060146
8 0.6599886570034298 0.6985576065581972
9 0.6599902880970574 0.6985883824790707
10 0.6599906509350183 0.6985995522636252
20 0.6599836552620879 0.6985579526850588
30 0.6599757176578108 0.6985038012619568
40 0.6599674956205533 0.6984513030310852
50 0.6599585293532615 0.6984002846209484
60 0.659948252371805 0.6983503995297441
70 0.6599358244511898 0.6983009165142826
80 0.6599197823996735 0.6982502617075459
90 0.6598973006534005 0.6981950385520718
100 0.65986251541894 0.6981277793556846
================================================================================
=                                   round 5                                    =
================================================================================
1 0.670063997961189 0.6929791115592805
2 0.6614373467670203 0.691365279284402
3 0.6603102600660777 0.69307208888426
4 0.6601709493360727 0.6942313616302408
5 0.6601656162575796 0.6948370645277387
6 0.6601720005295623 0.6951284454431682
7 0.6601754862895564 0.6952615986995304
8 0.6601763409792434 0.6953188160711433
9 0.660175853126412 0.6953404800782014
10 0.6601747773813136 0.6953457431787613
20 0.660160688104269 0.6952736368402042
30 0.6601469565355792 0.6951930596481138
40 0.6601335708960095 0.6951156351094862
50 0.6601202838788356 0.6950415525767328
60 0.6601068341094054 0.6949709567061717
70 0.6600929182256349 0.6949039375882554
80 0.6600781355399243 0.6948404971279314
90 0.6600618811483543 0.6947804712897905
100 0.6600431334810699 0.6947233481160663
================================================================================
=                                   round 6                                    =
================================================================================
1 0.6732690867511005 0.6867267340752302
2 0.6650633889555211 0.6826456515953689
3 0.66404806117817 0.6833170712645108
4 0.6639435286893991 0.6839947778165473
5 0.6639504904573819 0.6843720767395303
6 0.6639621937693182 0.6845563882797948
7 0.6639684794034916 0.6846405852148685
8 0.6639710246439644 0.684676395632135
9 0.6639716671224942 0.6846895954165824
10 0.6639714233089885 0.6846924375705749
20 0.6639625920930563 0.6846437867038885
30 0.6639535973458801 0.6845902912801582
40 0.663944875213043 0.6845387918103264
50 0.6639362804102034 0.684489277652632
60 0.6639276422706016 0.6844416819303786
70 0.6639187258893945 0.6843958356678154
80 0.6639091528510311 0.6843513700336656
90 0.6638982408994704 0.684307515997833
100 0.6638846652250574 0.6842626753460698
================================================================================
=                                   round 7                                    =
================================================================================
1 0.6716334148347719 0.6882305413789381
2 0.663514927103232 0.6848372135022726
3 0.6625647377612326 0.6857194258811394
4 0.6625010087985294 0.6864808461559408
5 0.6625315092726501 0.6868952608852279
6 0.6625554601282582 0.6870949683645626
7 0.6625674895566719 0.6871834428587559
8 0.6625723352504826 0.6872177064630551
9 0.662573546031279 0.6872263155109092
10 0.6625730266667896 0.6872229952893332
20 0.662554686449701 0.6870992321668746
30 0.662535881109586 0.686971679885295
40 0.6625175754568964 0.6868488659181679
50 0.6624994714107174 0.6867307790983432
60 0.6624812209547281 0.6866173147943163
70 0.6624623405197169 0.6865081877318053
80 0.6624420377139177 0.6864027420674617
90 0.662418860730463 0.6862995469395964
100 0.6623899476655533 0.686195486883123
================================================================================
=                                   round 8                                    =
================================================================================
1 0.67657485557027 0.6808796029496493
2 0.6688755304514565 0.6741765420219749
3 0.6679714703680987 0.6735565774309273
4 0.6678837249349105 0.673562322586496
5 0.6678863998579412 0.6735949643726317
6 0.6678912637124506 0.6736060338482
7 0.6678917563125087 0.673603374560115
8 0.6678896593300381 0.6735943660915886
9 0.6678863913471271 0.673582671376223
10 0.6678826384971485 0.67356988880838
20 0.6678429310035443 0.6734374601718012
30 0.6678049650779402 0.6733095575874308
40 0.667768917526161 0.6731866621757383
50 0.6677347155079196 0.6730686770217251
60 0.667702283581881 0.6729554883133085
70 0.667671544825747 0.6728469683921539
80 0.6676424217850001 0.6727429782949083
90 0.6676148372807392 0.6726433697291554
100 0.6675887150624664 0.6725479863030028
200 0.6673805247416758 0.6717621759907406
300 0.3328512005158726 0.3114862638811398
400 0.2575245759130338 0.2493691686053678
500 0.24182285187844824 0.23950646557175168
600 0.23525031086023065 0.23491243173782356
700 0.23129344715340297 0.23194998519924487
800 0.228518797145619 0.22986813527649816
900 0.2263910539928701 0.22829995821973423
1000 0.22466442310316015 0.22704460470814203
2000 0.21545403011761585 0.2203814047548516
3000 0.21101438072683878 0.21718956038998524
4000 0.20815614155368425 0.21518209276258585
5000 0.20609014160407182 0.21377855557201358
6000 0.20449477366751379 0.21273231250263855
7000 0.20320810222559693 0.21191607832297818
8000 0.20213780906666795 0.21125727884586562
9000 0.20122665075918486 0.21071151516529835
10000 0.2004368813865118 0.21025005047134399
================================================================================
=                                   round 9                                    =
================================================================================
1 0.6754102999282322 0.6802797209774091
2 0.6676124106657367 0.6737406243145134
3 0.6667092045625218 0.6732847574591039
4 0.666638957948303 0.6734069595695166
5 0.6666570070414904 0.6735119094574902
6 0.666672257648474 0.6735651859399547
7 0.6666793206227447 0.6735869872997903
8 0.6666814907568861 0.6735928156452383
9 0.6666812372265197 0.6735910017994263
10 0.6666798535626313 0.6735856300623391
20 0.6666578276829311 0.6735055998469778
30 0.6666358701873883 0.6734257796482693
40 0.666614510931176 0.6733485744585826
50 0.6665934860503435 0.6732738304378545
60 0.6665724526975866 0.673201288087662
70 0.6665508483745743 0.6731304327516426
80 0.666527605294244 0.6730601846974374
90 0.6665005485737368 0.6729882325037363
100 0.6664650205965449 0.6729094805841597
200 0.3425916410353386 0.3239272749174845
300 0.26707693145860095 0.2645672443137236
400 0.255208018448207 0.2573546487670656
500 0.24998256625604395 0.2532994569083855
600 0.24680587749463936 0.2503454739688175
700 0.24454392084405038 0.24817879713243096
800 0.24277887610946994 0.24662378827015585
900 0.24131945368551824 0.24551752125391538
1000 0.24006462399293238 0.24472413603745885
2000 0.23218096682601283 0.24179253263425607
3000 0.22778397043521847 0.23997915814140164
4000 0.2248591904404448 0.23845816467172587
5000 0.2227211704899403 0.2372115837809569
6000 0.22106019279336891 0.23617717056463025
7000 0.21971454472526433 0.2353029326145851
8000 0.21859063451668367 0.2345513955372621
9000 0.2176300175538312 0.23389593364012423
10000 0.21679401882739857 0.2333173386051801
================================================================================
=                                   round 10                                   =
================================================================================
1 0.675921794881839 0.6800507842712205
2 0.6681685815957913 0.6733745347082352
3 0.6672757751723929 0.6728506942979535
4 0.6672045701119248 0.6729294474540722
5 0.667219360539196 0.6730076495982045
6 0.6672318852684153 0.6730456057782046
7 0.6672371485570258 0.6730591019292007
8 0.6672382111076943 0.6730605856963908
9 0.6672372692459698 0.6730565403830664
10 0.6672354283503481 0.673050022180078
20 0.6672110615300316 0.6729681316534368
30 0.6671872510206549 0.6728876309629557
40 0.66716447813693 0.672810080057779
50 0.6671426692434335 0.6727354645444408
60 0.6671217366669521 0.6726637419655203
70 0.6671015574316667 0.6725948243687269
80 0.6670819311728229 0.6725285407405235
90 0.6670624957525872 0.6724645558802786
100 0.6670425478725958 0.6724021867759155
200 0.47462507657104214 0.4593588619329299
300 0.27338059077670895 0.25918006235274743
400 0.2575197039356346 0.24715458065886936
500 0.2516167461775189 0.24274791752349323
600 0.2484037126729135 0.24055802398134626
700 0.24632122879436558 0.23941544121189998
800 0.24481921890671626 0.2388374484950303
900 0.24365362427012072 0.23858179624814796
1000 0.2426990916657037 0.23851646126797088
################################################################################
#                                    setup                                     #
################################################################################
min_iteration : 100
max_iteration : 10000
update_ratio : 0.1
hidden_layer : 2
hidden_layer_width : 4
################################################################################
#                                   summary                                    #
################################################################################
+-------+-------+------+-------+-------+-------+----------+-------+
| round | learn | test | train | valid | i     | MSE      | error |
+-------+-------+------+-------+-------+-------+----------+-------+
|     1 |   135 |   15 |    90 |    45 |     2 | 0.681284 |    12 |
|     2 |   135 |   15 |    90 |    45 | 10000 | 0.211509 |     1 |
|     3 |   135 |   15 |    90 |    45 |     2 | 0.681357 |     9 |
|     4 |   135 |   15 |    90 |    45 |     2 | 0.693941 |    11 |
|     5 |   135 |   15 |    90 |    45 |     2 | 0.691365 |    12 |
|     6 |   135 |   15 |    90 |    45 |     2 | 0.682646 |    10 |
|     7 |   135 |   15 |    90 |    45 |     2 | 0.684837 |    13 |
|     8 |   135 |   15 |    90 |    45 | 10000 |  0.21025 |     1 |
|     9 |   135 |   15 |    90 |    45 | 10000 | 0.233317 |     1 |
|    10 |   135 |   15 |    90 |    45 |   999 | 0.238516 |     0 |
+-------+-------+------+-------+-------+-------+----------+-------+
################################################################################
#                                  statistics                                  #
################################################################################
+-----+--------+----------+------+--------------+
|     | i      | accuracy | SE   | 95% CI       |
+-----+--------+----------+------+--------------+
| ann | 3101.1 |     53.3 | 34.8 | (0.0, 100.0) |
+-----+--------+----------+------+--------------+
