================================================================================
=                                   round 1                                    =
================================================================================
1 0.6636489113229842 0.6821490612454726
2 0.6599792651183427 0.6823197915327625
3 0.6595152221851035 0.6833931359974967
4 0.6590531409665837 0.6836407943494068
5 0.6582717890241074 0.6832254857024503
6 0.65692735125825 0.6820994258257359
7 0.6546073238646933 0.6799146417019648
8 0.6506024961128325 0.675955827374399
9 0.6437476319804203 0.6689944100546396
10 0.6323004792861313 0.6571508650542373
20 0.37405491537460955 0.3846919309039241
30 0.3110883197745105 0.33212132182749554
40 0.289435238706019 0.31546650869252324
50 0.277212391879285 0.3047016303422369
60 0.26865146426497927 0.2961792917256948
70 0.26205235303459373 0.28906808570866926
80 0.25675136274305294 0.2830682646705154
90 0.2524212037172798 0.27801661003559436
100 0.2488578793261073 0.2737846911736179
200 0.2326953802890974 0.25506710542391214
300 0.22669382085877351 0.24946276843824053
400 0.22305018287141493 0.24641662221281252
500 0.22045309022072496 0.24429095308899804
600 0.21845107397015037 0.24264704888511193
700 0.2168328495272114 0.24130752698737992
800 0.21548196275426595 0.24018011863670768
900 0.2143273231827328 0.2392094855661994
1000 0.21332239491650087 0.23835948951279456
2000 0.20729803546204512 0.23318782277619754
3000 0.20418461073630165 0.23051036856891108
4000 0.20213297619998594 0.22876991052665613
5000 0.20062311757093856 0.22750732703930376
6000 0.19943859592528848 0.2265288644522013
7000 0.19846960646930087 0.22573639202609255
8000 0.19765316955082257 0.22507402789701636
9000 0.19694998456396282 0.22450720426017975
10000 0.19633396438320788 0.22401318261878622
================================================================================
=                                   round 2                                    =
================================================================================
1 0.6700619872835256 0.6709058668732655
2 0.6670394918349184 0.6679646017291633
3 0.6669376014725712 0.6678693913232754
4 0.666943242686621 0.6678659894001465
5 0.6669321585018305 0.667838070978646
6 0.6669008223093987 0.6677823832674551
7 0.6668396406065413 0.6676873536555961
8 0.6667264708475362 0.667527337858586
9 0.6665200212355348 0.6672556681349582
10 0.6661460317014661 0.6667899058567587
20 0.5253119632724298 0.5169423537854108
30 0.3584874880457072 0.34835910462245684
40 0.3272569950969155 0.31869737205579174
50 0.31146279704443836 0.30381966603838745
60 0.29991225463464677 0.29245877797843445
70 0.29041488524656034 0.28255865175418
80 0.2824693679027255 0.2737725550075807
90 0.27596901330817647 0.266156743410552
100 0.2707912300591355 0.25975092486615453
200 0.2514730699539095 0.23392509546592555
300 0.24617130408945573 0.22740261183595964
400 0.24338440725684313 0.22427753671637685
500 0.2415374767071999 0.22241883681059207
600 0.2401621642768421 0.2212082939763624
700 0.2390609836963577 0.22037723628785624
800 0.23813305335273022 0.21978622253992025
900 0.23732116870022635 0.21935615110633486
1000 0.2365910422119684 0.21903908762360585
2000 0.2313902861021302 0.21813758844273287
3000 0.2281412751847657 0.2178137374767239
4000 0.22589793561968471 0.21743268274656158
5000 0.22422996537073941 0.2170585169986107
6000 0.22292301035106404 0.21670379482906404
7000 0.2218596231934781 0.21636944200131608
8000 0.2209697150310525 0.21605455913710972
9000 0.22020860392903713 0.21575787645919423
10000 0.2195463018104138 0.21547804938128548
================================================================================
=                                   round 3                                    =
================================================================================
1 0.6667004956836362 0.6829822035395562
2 0.6632811570915677 0.6828359119861181
3 0.6628501403038178 0.6836483398478646
4 0.6623704793951924 0.683736032281541
5 0.66157179335451 0.683216379190499
6 0.6602489437534164 0.681993120410519
7 0.658065903030909 0.6797022572326975
8 0.6544766871408776 0.6756701484727012
9 0.6486320308808207 0.6688127379642295
10 0.6393070818977519 0.6575449989050378
20 0.41238580657526736 0.37563570823531717
30 0.3518828073420029 0.3086405026315663
40 0.32878101269669674 0.28739396742785644
50 0.31367070025880395 0.2748783828313227
60 0.30190968136297225 0.2654666490244616
70 0.292381982714923 0.2579413953613857
80 0.28476357750903014 0.2520392533003683
90 0.27880449381194 0.24758135468387826
100 0.27418125288374434 0.2443018636759495
200 0.25608533904521424 0.2353737293590473
300 0.2502452514672333 0.23495121815305883
400 0.24677159140444607 0.2354274029609815
500 0.24421041163733198 0.23602307072975076
================================================================================
=                                   round 4                                    =
================================================================================
1 0.6635204660353029 0.6943674364130465
2 0.660118361754242 0.6971808835519159
3 0.6598661390549275 0.6989575791309385
4 0.6596916972810215 0.6995335119349729
5 0.6594092511687275 0.6995445130538356
6 0.6589698069578808 0.6992073364383589
7 0.6582912290271277 0.6985043105852811
8 0.6572342567816539 0.6972742206881068
9 0.6555746079259219 0.6952149105825851
10 0.6529588847680466 0.6918348978601908
20 0.46516008338839104 0.44051896050646294
30 0.37084111168921835 0.33029204540561147
40 0.3436110698835622 0.30389248190645896
50 0.3273651454934365 0.28951348971197927
60 0.3149613461529539 0.2786712719286326
70 0.3047946626762869 0.26961704195262426
80 0.29645789350819346 0.26203506719935366
90 0.28978120863303153 0.2559052870842125
100 0.28454180484135067 0.25113227762304047
200 0.2649617562206224 0.23628405459758928
300 0.25931920994966745 0.2341083496999723
400 0.25609969220143586 0.23362694469976353
500 0.25370678493416854 0.23365301922099166
600 0.2517179830510619 0.2338475896252443
700 0.2499901154028979 0.23406473087524743
800 0.24846349420030264 0.23423988564694306
================================================================================
=                                   round 5                                    =
================================================================================
1 0.6639929953539346 0.6926878566791583
2 0.6606688945022792 0.6950940320183006
3 0.6604899758077395 0.6967861683127095
4 0.6604407239086901 0.6974714914691997
5 0.6603754102335322 0.6977607802951794
6 0.6602974149510362 0.6979121692354601
7 0.6602099232013698 0.6980157409810371
8 0.6601126121728516 0.6981009028117442
9 0.6600037873290379 0.6981767185213881
10 0.6598811815512974 0.6982455526220296
20 0.6569747581027889 0.6981284860839191
30 0.6298854025986347 0.6711114299844222
40 0.4419119948804964 0.41906405302884664
50 0.3694759762990899 0.3337996948610609
60 0.34514688588467085 0.3115201989630973
70 0.33019154461640843 0.29951964714046236
80 0.3187882665346934 0.29081378221253795
90 0.309400207285832 0.28365641316694346
100 0.3014420382592374 0.27734100099602277
200 0.2684113563695801 0.24634684352258762
300 0.2619217384190149 0.24163344203723996
400 0.2591564430017949 0.24004664562035594
500 0.2575475671300065 0.23925088545411338
600 0.2564504921941966 0.23882599707036875
700 0.2556214324411849 0.23864350523599098
800 0.25494281886416104 0.23865100901238318
900 0.2543473350719283 0.23881931079155594
1000 0.25379159371481697 0.2391240932877177
================================================================================
=                                   round 6                                    =
================================================================================
1 0.6673099757794204 0.6842889031396712
2 0.664264403033381 0.6846656538977384
3 0.6641666226034373 0.6856741897675817
4 0.6641569793269453 0.6860723931337316
5 0.6641126767952195 0.6861977717749702
6 0.6640355642803395 0.6862075911917664
7 0.663917877580118 0.6861435897692307
8 0.6637381636916067 0.6859953900582803
9 0.6634580787594823 0.6857195279789903
10 0.6630134871881984 0.6852356632164339
20 0.5582110413443789 0.5531704946615724
30 0.37823188701022775 0.3518248048654624
40 0.3421346824399304 0.3192317147022195
50 0.3246507710150693 0.30482952456313794
60 0.3123431911544288 0.29438543778450793
70 0.30256331282012594 0.2852562574432151
80 0.2945198289317536 0.27687619919668044
90 0.2879086011074433 0.2693000854448371
100 0.2825407274167646 0.26271399639014864
200 0.2619128960940987 0.23779561615960937
300 0.25661072264514756 0.2332406660967872
400 0.25397256503843574 0.23118059341900496
500 0.2522377110387569 0.22980640869842628
600 0.2509046344789672 0.22871202860446388
700 0.2497792660665202 0.22775502214892082
800 0.24877443542034616 0.22687128035294962
900 0.24784840342930414 0.22602787494919901
1000 0.2469809309385699 0.22520786930298123
2000 0.24054102452876533 0.2182717765502331
3000 0.23675260371892 0.2140086414181314
4000 0.23424546459555703 0.21122477357766192
5000 0.2324189251582001 0.20921319223822635
6000 0.2310022083639211 0.20766673917402262
7000 0.22985536957705752 0.20642876654687234
8000 0.22889794143397996 0.20540879775122237
9000 0.22807986852062617 0.20454995753152075
10000 0.22736810681181718 0.2038142762774842
================================================================================
=                                   round 7                                    =
================================================================================
1 0.6658705434022575 0.6879957704011794
2 0.6630065295016151 0.6890147508209328
3 0.6629410527761254 0.6901751714374267
4 0.6628994123792116 0.6906265839054611
5 0.6627773928650837 0.6907572618700721
6 0.662573910708855 0.6907239861507097
7 0.6622613238775485 0.690545612725205
8 0.661780449351562 0.6901661767515612
9 0.661030886215145 0.6894642903129675
10 0.6598497667015224 0.6882318584652111
20 0.5044436789434319 0.49163203408241424
30 0.3729281732811158 0.33949236408169225
40 0.34167370394378604 0.3100391277874523
50 0.3246876010014455 0.29633323531303635
60 0.31230139621793107 0.28695827606085744
70 0.3024235203683719 0.2795083947685578
80 0.2944213466516743 0.2733801375834854
90 0.28800559063426284 0.26844373925017606
100 0.2829280269265739 0.26461464408832414
200 0.26380621766936746 0.25435250084276695
300 0.2585464979512199 0.2542609097721227
400 0.2556991555752549 0.2549589401198977
================================================================================
=                                   round 8                                    =
================================================================================
1 0.6717994059956781 0.6788018440087052
2 0.6691869933432709 0.6770237383096261
3 0.6691510403689724 0.6771315758116284
4 0.6691657392644894 0.6771582986766805
5 0.6691492305260802 0.6771155032179057
6 0.669104730365708 0.6770241649719583
7 0.6690206286406926 0.6768718947345655
8 0.6688680236556724 0.6766213178025697
9 0.6685931042275276 0.6762029816297167
10 0.6680997670799597 0.6754945746224943
20 0.5050466386460309 0.48212117534770765
30 0.33764430420250474 0.31422252308901494
40 0.30177452197444105 0.2844380320701278
50 0.28413615783245355 0.27039894946810134
60 0.2724833012361972 0.2611531378385194
70 0.2638438444112718 0.25426346564658714
80 0.25715443168854424 0.248939614190917
90 0.25189047421399613 0.24481010652111748
100 0.24770961688294113 0.24161410321463928
200 0.2304566171640244 0.23020738800876203
300 0.22479215516817738 0.2270535610579806
400 0.2214983158145942 0.2250562492918644
500 0.21916595131885322 0.22350387565793664
600 0.21735762807872022 0.2222271739255119
700 0.21588275531016518 0.22115178725298432
800 0.21464024629795658 0.2202320614854185
900 0.21356944463572955 0.21943586796795497
1000 0.21263082580424586 0.2187393631627116
2000 0.20689293867218733 0.21466043310672403
3000 0.203879615919202 0.2126877946324346
4000 0.20188956791467322 0.21142733057994545
5000 0.20042738742591956 0.21050883682665886
6000 0.1992836219800098 0.20978919690126394
7000 0.19835112064252367 0.2091987640949732
8000 0.19756813716784388 0.20869844002855492
9000 0.19689604019290705 0.2082641322229897
10000 0.19630915307635868 0.20787999041983138
================================================================================
=                                   round 9                                    =
================================================================================
1 0.6699736970258208 0.6769061992010879
2 0.6672224250769943 0.6752085945030266
3 0.6671285553271891 0.675428791275085
4 0.6670390800496878 0.6754733194067435
5 0.6668384052002881 0.675348644814667
6 0.6664852458974683 0.6750467075330304
7 0.6658883257459308 0.6744783734962029
8 0.6648822284258564 0.6734620852683826
9 0.663185211076643 0.6716799608069057
10 0.6603282788065208 0.6685971718797868
20 0.43982438895157544 0.4238885777338031
30 0.35078155388391286 0.33175000186802234
40 0.3251067777266087 0.3078159369716195
50 0.3095226641151178 0.29430505188000466
60 0.2976245971753065 0.2842082364025488
70 0.287997851720007 0.27602706981850045
80 0.28022161061477396 0.2694298813832531
90 0.2740453946631326 0.26427467304392677
100 0.26919308929727837 0.26035375564625945
200 0.2504620764918654 0.24815722591097575
300 0.24497866458926587 0.24607513504501288
400 0.24201455312668776 0.24522316109570888
500 0.23998086304657187 0.24465550175842382
600 0.23841121891038017 0.24417312179095949
700 0.23711892278350663 0.24373149673967495
800 0.23601345665815066 0.2433230492831415
900 0.23504422103271153 0.24294615611984735
1000 0.23417972346351215 0.24259787850412506
2000 0.22855090456145852 0.239907847318573
3000 0.22543032473830518 0.23791734661071687
4000 0.2233531779976941 0.23640998166551666
5000 0.22182388276724427 0.23523764749022516
6000 0.2206249728461994 0.2342981758120046
7000 0.2196444833466715 0.23352650353614887
8000 0.21881800977407956 0.2328801439536455
9000 0.21810543516377265 0.23233010541187912
10000 0.21748023389061216 0.23185575532711872
================================================================================
=                                   round 10                                   =
================================================================================
1 0.6705894444050151 0.6766068105794975
2 0.6679327543447632 0.6748502272029291
3 0.667923875031997 0.6750740700391274
4 0.6679597617614099 0.6751885164558121
5 0.6679650722418149 0.6752277038139726
6 0.6679561048529529 0.6752394768815454
7 0.6679383963463851 0.675239406107595
8 0.6679106468840609 0.6752296949224328
9 0.6678673017900857 0.6752062154865103
10 0.6677979330720643 0.6751591195602272
20 0.6369277327063891 0.641714187589544
30 0.39196024462961976 0.3750643551295997
40 0.33920489115340335 0.3210840054402067
50 0.3187745660602494 0.3013471956602097
60 0.3051211571241515 0.28852929110351827
70 0.29435300899518485 0.2784783781620503
80 0.28552527569009284 0.270274707138577
90 0.27834770513772794 0.2637265394136121
100 0.27262840114390646 0.25869793699834187
200 0.25157021636257576 0.24345563106793336
300 0.24619571783179167 0.24101804766762436
400 0.24350520290095695 0.24047252954769524
500 0.24172839007281802 0.24045443688274687
600 0.24037887694270504 0.24057621646783411
700 0.23927148242862878 0.24070196915630748
800 0.23831960095608193 0.24078108132111317
900 0.23747641434293104 0.2407943381996804
################################################################################
#                                    setup                                     #
################################################################################
min_iteration : 100
max_iteration : 10000
update_ratio : 0.1
hidden_layer : 1
hidden_layer_width : 8
################################################################################
#                                   summary                                    #
################################################################################
+-------+-------+------+-------+-------+-------+----------+-------+
| round | learn | test | train | valid | i     | MSE      | error |
+-------+-------+------+-------+-------+-------+----------+-------+
|     1 |   135 |   15 |    90 |    45 | 10000 | 0.224013 |     0 |
|     2 |   135 |   15 |    90 |    45 | 10000 | 0.215478 |     1 |
|     3 |   135 |   15 |    90 |    45 |   270 | 0.234906 |     1 |
|     4 |   135 |   15 |    90 |    45 |   437 | 0.233602 |     1 |
|     5 |   135 |   15 |    90 |    45 |   745 | 0.238625 |     0 |
|     6 |   135 |   15 |    90 |    45 | 10000 | 0.203814 |     1 |
|     7 |   135 |   15 |    90 |    45 |   246 | 0.254086 |     0 |
|     8 |   135 |   15 |    90 |    45 | 10000 |  0.20788 |     1 |
|     9 |   135 |   15 |    90 |    45 | 10000 | 0.231856 |     0 |
|    10 |   135 |   15 |    90 |    45 |   452 | 0.240431 |     0 |
+-------+-------+------+-------+-------+-------+----------+-------+
################################################################################
#                                  statistics                                  #
################################################################################
+-----+--------+----------+-----+---------------+
|     | i      | accuracy | SE  | 95% CI        |
+-----+--------+----------+-----+---------------+
| ann | 5215.0 |     96.7 | 3.3 | (89.2, 100.0) |
+-----+--------+----------+-----+---------------+
