================================================================================
=                                   round 1                                    =
================================================================================
1 0.4927319757834632 0.4915726583519978
2 0.49197723927477305 0.4906912037892693
3 0.4916267249954506 0.49038418421955987
4 0.49123198649270006 0.4900953684943085
5 0.49068613459463617 0.4897221324497587
6 0.48990982251540205 0.4892116308703302
7 0.48881455678422775 0.48851113364745513
8 0.4873024611712607 0.4875640236505444
9 0.48527782360516936 0.4863162362644001
10 0.4826660082095905 0.48472723113146254
20 0.4387479740280034 0.4572643242552502
30 0.41245915504642094 0.43830110618565293
40 0.40071024045432474 0.4323248639217761
50 0.39557542835138393 0.4303011241453694
60 0.39277140507741737 0.42887617252472204
70 0.3907411975616037 0.42714008243410956
80 0.38905106098721876 0.4250950136515524
90 0.3876415962744924 0.42312513251195016
100 0.38648885519756465 0.4215141318762152
200 0.38165172101513434 0.416710542614039
300 0.38012059704561485 0.416291657226768
400 0.37926466528380387 0.4163203900420586
500 0.3787043324827421 0.4164513941784179
600 0.3783087625691168 0.41661964157537573
================================================================================
=                                   round 2                                    =
================================================================================
1 0.48581880270231004 0.4897381750503266
2 0.4844243663439719 0.48912559095612784
3 0.48373976747633957 0.48878849669561814
4 0.4829594065701784 0.48835725846605194
5 0.48189668589421264 0.4877470905794092
6 0.4804280231336191 0.48688515307463565
7 0.4784402266440407 0.4856996254774528
8 0.47583961965602456 0.4841305527153087
9 0.4725732191930925 0.48214572144844425
10 0.46864826292406087 0.47975374646933383
20 0.42187244312402783 0.45013702129813377
30 0.39760973768002256 0.4329562945513417
40 0.384865493991593 0.4253264755639723
50 0.37873945267886955 0.42244127186299096
60 0.37562056356463375 0.4211663374684766
70 0.37383073253639704 0.4203734939107046
80 0.3726822430389999 0.4196785281031398
90 0.37185496713620014 0.41899456854738937
100 0.3712084366979676 0.4183645070525366
200 0.3681942080386325 0.41642356716832885
300 0.3669024036043978 0.41678818001508716
400 0.3661216017569583 0.4173602997747622
================================================================================
=                                   round 3                                    =
================================================================================
1 0.4881452463489758 0.4886179100832715
2 0.48675929067030876 0.48744429663630623
3 0.48606672107242277 0.48696945876055137
4 0.4852700793797828 0.4864760318737272
5 0.48417236178598505 0.4858197782491354
6 0.48264620435797656 0.48492425882540113
7 0.4805807356565287 0.4837275849245858
8 0.4778927898055679 0.4821865198179153
9 0.47454912717921793 0.48028964917838096
10 0.47058424754222145 0.47806668825523335
20 0.4268239004904469 0.4538003514270688
30 0.4065858600608169 0.4427512831132434
40 0.39880379001989374 0.44005480494407845
50 0.3948714720481451 0.43804727103526553
60 0.3922214431341247 0.43557688019113566
70 0.3902131181554972 0.43268592151535407
80 0.3885550796061552 0.4297046651505682
90 0.3870990257687977 0.42744369388759673
100 0.3858964955575187 0.42620378303288114
200 0.380669113789296 0.4246795706505582
300 0.3785955084400689 0.42476418241153685
================================================================================
=                                   round 4                                    =
================================================================================
1 0.487529388839734 0.49219342720012854
2 0.48619316501421184 0.49187231567751605
3 0.4854934345324989 0.4917144554016168
4 0.48467475151262895 0.49149713069938694
5 0.4835551557209681 0.49117946736801577
6 0.4820199875970329 0.4907236900880384
7 0.4799758260332703 0.4900933735793398
8 0.4773596979188305 0.4892610297391054
9 0.4741560325987995 0.4882170735946732
10 0.47040991824260736 0.48697569806899055
20 0.4310244471274932 0.47057692041950394
30 0.4124298738229222 0.4582739266546651
40 0.40357154156983777 0.45033083543698854
50 0.39818544116633053 0.4448772709978916
60 0.3949666889274835 0.44225646057408063
70 0.39280444795795794 0.4400640585207929
80 0.3911776084933806 0.4379333628374431
90 0.38989779448516815 0.43596377974949746
100 0.38888111079793053 0.43427181829019335
200 0.38442965490504977 0.4279406859066618
300 0.38247887383628804 0.426900428569386
400 0.3811493357094109 0.4268275872782304
500 0.3801382176481551 0.4271032018343394
600 0.3793197803200746 0.4275484965274827
700 0.3786307888851441 0.4280773723306471
================================================================================
=                                   round 5                                    =
================================================================================
1 0.4849939426877333 0.48836884911341005
2 0.4831861011364943 0.48721533536674383
3 0.48251111187494733 0.4867809390983162
4 0.48190104987976173 0.48636490220934026
5 0.4811688666277724 0.48584385512100053
6 0.48025204170538216 0.48516479497974674
7 0.4791119133057877 0.4842848596781336
8 0.4777194532730153 0.4831640968735963
9 0.4760545981123009 0.4817670692533397
10 0.47410746151859584 0.4800662274551406
20 0.44407892915071134 0.4499122961668696
30 0.41786926499362487 0.4275500461893045
40 0.4045672964231303 0.4180702150231124
50 0.39820717900430097 0.4124926982328481
60 0.3944410945416572 0.40831493350776504
70 0.391769801808509 0.40498828850309404
80 0.38968463751565235 0.40232103806192104
90 0.38795972324777156 0.4002226334918303
100 0.3864624282332968 0.398632393361055
200 0.3756811695646745 0.4027239028529414
================================================================================
=                                   round 6                                    =
================================================================================
1 0.49001852279270725 0.48767219421772534
2 0.489445996387581 0.4867277874059729
3 0.48919237607568583 0.4863865365903802
4 0.488912379904695 0.48605852102951586
5 0.48855059546170065 0.48564907331734797
6 0.48806979690480873 0.48511235884229786
7 0.4874314564872494 0.48440517147050394
8 0.48659519523946704 0.48348202128590057
9 0.48552206160027145 0.48229765564267996
10 0.4841792395967062 0.4808119744749148
20 0.4583761930210782 0.4516881703876603
30 0.43861705143220203 0.429800539693922
40 0.4297967657193075 0.4196929049731472
50 0.4252566218641701 0.4119192308575257
60 0.42230033274253204 0.406414741526596
70 0.41923756003314083 0.4055027896318862
80 0.4162338910789811 0.4077614911783556
90 0.4137953905367696 0.4091407664576144
100 0.4119604120103081 0.4087753469530587
================================================================================
=                                   round 7                                    =
================================================================================
1 0.48340589993602473 0.48319254635883385
2 0.4827209622668522 0.4825891532937434
3 0.48225150359904984 0.4822573166473708
4 0.4816470120753912 0.4818282955681587
5 0.48084502229085746 0.4812480678266389
6 0.4797802161957621 0.48046193432235534
7 0.4783848138455771 0.4794117511309321
8 0.47659484354268167 0.47804224147054464
9 0.47435885101252684 0.47631022864494293
10 0.47164910967446083 0.47419539993564164
20 0.43445967063866536 0.4446163882393424
30 0.41596843564854996 0.4259571907543924
40 0.4082809887691752 0.41211087516077327
50 0.40389943079847 0.40056579762358
60 0.4011974753571354 0.3919324871159748
70 0.3994045529250212 0.3860503935504823
80 0.3981276410868681 0.38194439600779834
90 0.39718824514118123 0.37887684795163284
100 0.39648445028154244 0.37643860700403997
200 0.39354864272915524 0.361362110027661
300 0.3925386043090031 0.3550607375869192
400 0.39209971426486917 0.3528724869960357
500 0.3918306730118397 0.351589172744819
600 0.39164643316341097 0.35060692281050815
700 0.3915119656763317 0.3497852607244601
800 0.39140903605752236 0.34907591498639806
900 0.3913270312135025 0.3484522620867691
1000 0.39125941850911927 0.3478967018031467
2000 0.39087687735769444 0.3444035056964557
3000 0.3906336665583622 0.34253039012469766
4000 0.3904195976100924 0.3412716482681685
5000 0.39021653714648225 0.3403463734750603
6000 0.39001957624213124 0.33963804297807104
7000 0.38982766729821317 0.3390861285031213
8000 0.38964124682659684 0.3386526270992629
9000 0.3894612839530448 0.33830881855989825
10000 0.3892887853575319 0.33803008500699633
================================================================================
=                                   round 8                                    =
================================================================================
1 0.4895670469354973 0.4844029207329404
2 0.4891851503825143 0.4833665809307168
3 0.48884118044275443 0.4830403009409317
4 0.4883625943307066 0.4827311530672488
5 0.48770294672633424 0.4823341992889956
6 0.48680469463609377 0.48179953714242874
7 0.48561076134055864 0.48108227574927753
8 0.48407343936731856 0.4801400265134551
9 0.48216233391722546 0.47893869852863014
10 0.4798708810054076 0.47745961539035586
20 0.44814824744060533 0.4536741220132094
30 0.42978229800921997 0.4343743409099616
40 0.420792874026692 0.42090697861888887
50 0.41562381015143723 0.41120353989848474
60 0.4125873722244891 0.40455949463280094
70 0.41072247490332636 0.3999556196875538
80 0.40952280386005946 0.3966672242050374
90 0.40872077353170255 0.3942248525941779
100 0.4081643827106026 0.39232772909116304
200 0.4057321122386223 0.3790329167521329
300 0.4046105787038503 0.37532947035068426
400 0.40399298041533227 0.37409853899804685
500 0.4035930682360569 0.37329307580514526
600 0.4033115811698884 0.3726776238172727
700 0.4030995474374637 0.37218070028977857
800 0.40293058430171735 0.3717638395958337
900 0.4027897233353974 0.3714048837805163
1000 0.4026680983657563 0.371090725563125
2000 0.40189036125120636 0.3693504619518582
3000 0.4014455382387468 0.3687656643934764
4000 0.40115400954780955 0.36853193703339404
5000 0.40094587802337733 0.3684082303165893
6000 0.40078610629981937 0.36831587104853986
7000 0.4006559951567113 0.36822849959022735
8000 0.40054499076988015 0.3681384542604406
9000 0.40044687614624 0.36804495730104697
10000 0.4003578837028975 0.3679494131070353
================================================================================
=                                   round 9                                    =
================================================================================
1 0.49432365811226464 0.48167532515367245
2 0.4942781479130161 0.4798629191060093
3 0.494057301374136 0.479450079082289
4 0.4936865217645613 0.4791973447947074
5 0.4931323214540332 0.4789301851853465
6 0.492326472572955 0.4786062815130211
7 0.49119386658052844 0.4781961951111805
8 0.4896663817537421 0.47766435467044466
9 0.48769327204269797 0.476967049280828
10 0.4852485384879874 0.47605705134218224
20 0.44674224584656846 0.45307988864759474
30 0.42130762760825824 0.4314134791653479
40 0.4104787530814015 0.4174190895756661
50 0.4051275480805871 0.40632442746851627
60 0.40210997304977103 0.39776329608353017
70 0.40024179449666303 0.39120718860033316
80 0.39897309509391454 0.3861274446432748
90 0.3980444557118894 0.38209754391827944
100 0.39732771483145785 0.3788438872869347
200 0.39431164883356173 0.36555954924825307
300 0.3932506906186466 0.3626427446763728
400 0.3926373644958342 0.36143448071335693
500 0.3922146759751698 0.36056247894076354
600 0.39189040228645394 0.35982725900351914
700 0.3916246561423835 0.3591976575262239
800 0.3913985389007586 0.35866118037794076
900 0.39120206778867794 0.3582069705270374
1000 0.391029146283669 0.3578244034874333
2000 0.3899649818363785 0.3562816453804459
3000 0.38939113913191437 0.35604231969859523
4000 0.3890505048363592 0.3560391212005798
5000 0.3888307514386848 0.3560570104407796
6000 0.38867682918614993 0.35603307903597886
7000 0.38856100698162227 0.3559526567352384
8000 0.38846797450010495 0.35581721669944477
9000 0.38838859849113694 0.3556367027079291
10000 0.38831724828502634 0.35542684672105884
================================================================================
=                                   round 10                                   =
================================================================================
1 0.48949878060119245 0.4893995564365043
2 0.48926027069659744 0.4893745654217512
3 0.4889446018758884 0.48936634480789387
4 0.4884701298781306 0.4893044688211308
5 0.4878010800107581 0.4891993707659744
6 0.48687372516648136 0.4890369622932861
7 0.4856206281247666 0.48879440558098397
8 0.483982741952269 0.4884455758984745
9 0.4819193592543173 0.4879661041438471
10 0.4794168741098286 0.48733920354422555
20 0.4438658754994427 0.474719336364752
30 0.41976521877130896 0.4598979929868556
40 0.4066700959224907 0.45106563735344457
50 0.3985844570633144 0.4448165856792275
60 0.39361742627144175 0.43886931752572783
70 0.39065748860888483 0.43352176706928514
80 0.3887637691815178 0.429222583888913
90 0.3874587237187469 0.42596578348131975
100 0.386510628902068 0.4235230681011163
200 0.38300918201849316 0.4144284122655238
300 0.3818250276067348 0.41170977652206486
400 0.38107477471924167 0.41031622869732415
500 0.3805297155504297 0.40940226699465815
600 0.38011415746867605 0.40871588265467285
700 0.37978779481269337 0.4081770767341976
800 0.37952562365213727 0.4077496568829861
900 0.3793109528310038 0.40740857479999226
1000 0.3791322142510237 0.40713446975091866
2000 0.3782402716390102 0.4060573216715549
3000 0.3778946494719108 0.40592960052472987
4000 0.3776994378342483 0.40603318198742355
5000 0.3775661456717262 0.4062399348006514
################################################################################
#                                    setup                                     #
################################################################################
min_iteration : 100
max_iteration : 10000
update_ratio : 0.1
hidden_layer : 1
hidden_layer_width : 2
################################################################################
#                                   summary                                    #
################################################################################
+-------+-------+------+-------+-------+-------+----------+-------+
| round | learn | test | train | valid | i     | MSE      | error |
+-------+-------+------+-------+-------+-------+----------+-------+
|     1 |   310 |   35 |   207 |   103 |   329 | 0.416281 |    10 |
|     2 |   310 |   35 |   207 |   103 |   200 | 0.416424 |    13 |
|     3 |   310 |   35 |   207 |   103 |   187 | 0.424676 |    11 |
|     4 |   310 |   35 |   207 |   103 |   362 | 0.426799 |     9 |
|     5 |   310 |   35 |   207 |   103 |   126 |  0.39679 |    17 |
|     6 |   311 |   34 |   208 |   103 |    66 | 0.405128 |     7 |
|     7 |   311 |   34 |   208 |   103 | 10000 |  0.33803 |    14 |
|     8 |   311 |   34 |   208 |   103 | 10000 | 0.367949 |     9 |
|     9 |   311 |   34 |   208 |   103 | 10000 | 0.355427 |    14 |
|    10 |   311 |   34 |   208 |   103 |  2878 | 0.405928 |     8 |
+-------+-------+------+-------+-------+-------+----------+-------+
################################################################################
#                                  statistics                                  #
################################################################################
+-----+--------+----------+-----+--------------+
|     | i      | accuracy | SE  | 95% CI       |
+-----+--------+----------+-----+--------------+
| ann | 3414.8 |     67.6 | 8.7 | (48.2, 86.9) |
+-----+--------+----------+-----+--------------+
