================================================================================
=                                   round 1                                    =
================================================================================
Note: PCA is off due to non-continuous attributes
================================================================================
=                                   round 2                                    =
================================================================================
Note: PCA is off due to non-continuous attributes
================================================================================
=                                   round 3                                    =
================================================================================
Note: PCA is off due to non-continuous attributes
================================================================================
=                                   round 4                                    =
================================================================================
Note: PCA is off due to non-continuous attributes
================================================================================
=                                   round 5                                    =
================================================================================
Note: PCA is off due to non-continuous attributes
================================================================================
=                                   round 6                                    =
================================================================================
Note: PCA is off due to non-continuous attributes
================================================================================
=                                   round 7                                    =
================================================================================
Note: PCA is off due to non-continuous attributes
================================================================================
=                                   round 8                                    =
================================================================================
Note: PCA is off due to non-continuous attributes
================================================================================
=                                   round 9                                    =
================================================================================
Note: PCA is off due to non-continuous attributes
================================================================================
=                                   round 10                                   =
================================================================================
Note: PCA is off due to non-continuous attributes
################################################################################
#                                    setup                                     #
################################################################################
k : 5
distance-weighting : false
PCA : true
PCA-energy-ratio : 0.9
################################################################################
#                                   summary                                    #
################################################################################
+-------+-------+------+-------+
| round | learn | test | error |
+-------+-------+------+-------+
|     1 |  3759 |  418 |    11 |
|     2 |  3759 |  418 |    18 |
|     3 |  3759 |  418 |     8 |
|     4 |  3759 |  418 |    16 |
|     5 |  3759 |  418 |    11 |
|     6 |  3759 |  418 |    11 |
|     7 |  3759 |  418 |    11 |
|     8 |  3760 |  417 |    16 |
|     9 |  3760 |  417 |    17 |
|    10 |  3760 |  417 |    12 |
+-------+-------+------+-------+
################################################################################
#                                  statistics                                  #
################################################################################
+-----+----------+-----+--------------+
|     | accuracy | SE  | 95% CI       |
+-----+----------+-----+--------------+
| knn |     96.9 | 0.8 | (95.2, 98.6) |
+-----+----------+-----+--------------+
