================================================================================
=                                   round 1                                    =
================================================================================
1 0.49294967873003903 0.4917876740221189
2 0.49262862538814517 0.49137059854521
3 0.49259807959031976 0.49133024702156347
4 0.49259009595662834 0.49131968278104926
5 0.4925840383728297 0.4913116661437845
6 0.4925781749658398 0.4913039067426191
7 0.4925723558013856 0.49129620721884293
8 0.4925665655431091 0.49128854842978453
9 0.4925608004457146 0.4912809265802917
10 0.4925550577966995 0.4912733392344059
20 0.49249830774574826 0.4911988744038336
30 0.4924410357606901 0.49112547423114744
40 0.49238037980509397 0.4910508496307481
50 0.4923117062403744 0.4909716561354472
60 0.4922252859709324 0.4908813533651687
70 0.49209816356472147 0.49076513660717236
80 0.4918712953055442 0.4905861399208796
90 0.49137416331641404 0.4902412758668878
100 0.4900355246545779 0.4893974001677978
200 0.39037607010119696 0.4277215310139508
300 0.38267891800610204 0.41840854897680346
400 0.3806896090012849 0.41779926237204384
500 0.3796625079265786 0.4180349134897038
600 0.37903889452111367 0.4184185313861593
700 0.37863380191859214 0.41882360593436196
================================================================================
=                                   round 2                                    =
================================================================================
1 0.4860769273764713 0.48987455508184646
2 0.4854959905982114 0.48961885817483397
3 0.4854417829653122 0.4895980574655746
4 0.48542996316174103 0.4895936048696482
5 0.48542196950639477 0.4895906085713063
6 0.4854143581154329 0.48958776574342183
7 0.48540681128131563 0.48958495608911085
8 0.48539929510087276 0.4895821660181297
9 0.4853918017227527 0.4895793917042268
10 0.4853843257454542 0.4895766302484194
20 0.48530940850815124 0.4895491197556152
30 0.48523059480762637 0.4895198516036631
40 0.485141671019853 0.48948543475381484
50 0.48503194936404 0.48943983934886137
60 0.48487726683039123 0.48936902713272395
70 0.4846137365803968 0.48923518366731567
80 0.48404791095523286 0.488922484007053
90 0.4824928920225678 0.48801911132839587
100 0.47723267294756505 0.48494607020385583
200 0.37261632846749576 0.421297177640732
300 0.3688379207153726 0.4175726651353224
400 0.3673735030054359 0.41782506153082455
500 0.3664770985608849 0.41854944341032174
600 0.36583452261923344 0.41940070929782547
================================================================================
=                                   round 3                                    =
================================================================================
1 0.488614655620961 0.48898899540219837
2 0.4880348586157784 0.4884415609478619
3 0.48797688825162827 0.4883870393678757
4 0.48796213775278746 0.4883731765261184
5 0.48795127298252977 0.48836297147821456
6 0.4879407941286108 0.48835313477558767
7 0.4879303808338681 0.4883433662603144
8 0.4879199993154239 0.48833363515624884
9 0.4879096418929351 0.4883239352200152
10 0.48789930331581366 0.4883142624928477
20 0.4877958674750401 0.48821823028741895
30 0.48768879364144574 0.4881209163311994
40 0.48757185211728826 0.48801809988707
50 0.48743392135390023 0.48790278852307045
60 0.4872490091563843 0.4877594033599174
70 0.48694665199428644 0.4875470036639496
80 0.4863084663916433 0.48714244341448126
90 0.48454128891249193 0.48611573116579937
100 0.47850877291092214 0.48289338260727843
200 0.389971283478143 0.4321819046427157
300 0.38245804873465616 0.42674703815686843
400 0.3798699378425691 0.4265821547932912
500 0.3783297357216372 0.42669153787035535
600 0.3772640977840447 0.4268763415911988
700 0.3763926246058812 0.4269882244047389
================================================================================
=                                   round 4                                    =
================================================================================
1 0.4878119292616216 0.49227786154136804
2 0.4872763503180073 0.49212192428870927
3 0.4872262595367768 0.4921104556225932
4 0.4872152048907838 0.4921080095118229
5 0.4872076208247286 0.492106348686714
6 0.4872003697192425 0.49210477354621457
7 0.48719316566476495 0.49210322068182705
8 0.4871859781337045 0.4921016830238759
9 0.48717879972470196 0.49210015857436123
10 0.48717162518290236 0.49209864581585866
20 0.4870989984031915 0.4920838500495335
30 0.4870211780272763 0.49206867320015446
40 0.48693175827072843 0.4920513978786686
50 0.4868190729583201 0.4920288157964301
60 0.4866555131522921 0.4919930074269473
70 0.48636554504386886 0.4919215469892961
80 0.4857134722994905 0.4917423097429528
90 0.4838467812701756 0.4911882029169362
100 0.47753627929000086 0.4892719710304049
200 0.39365160478928773 0.44322026774328427
300 0.385659649511837 0.4297110117475121
400 0.38343030870370304 0.427847553422813
500 0.38188004215953847 0.4275168337360495
600 0.38059517957533434 0.42781440794221487
700 0.3794170254594907 0.42849704366999014
800 0.37828783737637756 0.4294085048939752
900 0.3772029789580459 0.4304380901755986
================================================================================
=                                   round 5                                    =
================================================================================
1 0.48641495664545525 0.48932877280585435
2 0.48555959229820267 0.48874041446823363
3 0.48545707620823847 0.4886713377245501
4 0.4854211745712283 0.4886472267336324
5 0.4853916684600206 0.48862744249674755
6 0.48536295740798197 0.48860821892296596
7 0.4853345072085935 0.4885891970013642
8 0.48530625993359333 0.4885703375135294
9 0.48527820289587026 0.4885516315914236
10 0.4852503278197373 0.48853307333888146
20 0.48497992615836905 0.4883544360225343
30 0.4847196682830958 0.488184901884423
40 0.48446224169076885 0.4880194469619673
50 0.48419826360382195 0.48785172076352884
60 0.4839113679634201 0.48767061835831793
70 0.4835665437632337 0.4874519960909154
80 0.4830799295171785 0.4871364344533617
90 0.48223288212518206 0.4865626321416493
100 0.4804216412749347 0.48525962159838515
200 0.39447498362534716 0.40692051029480036
300 0.3810184431696713 0.3982171244012185
400 0.3745870678036223 0.40233316127148416
500 0.37237828990781574 0.39992961187087567
================================================================================
=                                   round 6                                    =
================================================================================
1 0.4898545490507677 0.4873228597989021
2 0.4896829628625595 0.4869505830529524
3 0.48967299130094355 0.4869241183376539
4 0.4896723636013926 0.48692242838344835
5 0.48967249040649885 0.4869227951949413
6 0.48967266880722143 0.4869233150011916
7 0.48967283686624974 0.4869238226173932
8 0.48967298748598587 0.4869243018006053
9 0.4896731183426436 0.4869247492276884
10 0.4896732275531199 0.4869251627320239
20 0.48967273918072957 0.48692699786478094
30 0.48966817770278614 0.4869233265720876
40 0.4896576795377955 0.4869121166935479
50 0.48963847685906886 0.48689039243594767
60 0.4896052298874707 0.48685245098751834
70 0.489546447878887 0.4867860581470176
80 0.4894360791986677 0.486663558243302
90 0.48921150574607325 0.4864186535899162
100 0.48871043819113186 0.48587946661363873
200 0.4242439617489826 0.4088697531311053
300 0.40848870889898337 0.4060321267606529
400 0.4011048389514331 0.4014964925680338
500 0.3976810261066247 0.3973643204688949
600 0.3961641091791668 0.3959141065828831
700 0.395380042701846 0.39562780107213535
800 0.3949096032182522 0.39585840182906157
900 0.39458346466649974 0.39635526273808414
1000 0.3943241333349378 0.3970057304319702
================================================================================
=                                   round 7                                    =
================================================================================
1 0.4833249087812902 0.4830099609722645
2 0.4833525634008913 0.4830124967226164
3 0.4833636296465894 0.4830215201610736
4 0.48336363384149766 0.4830215240445627
5 0.4833625853739419 0.4830206606940256
6 0.48336144948255566 0.48301972909652724
7 0.48336030966586996 0.4830187988125398
8 0.4833591695111589 0.4830178733328546
9 0.48335802539200423 0.48301695019181323
10 0.4833568730605143 0.48301602640725366
20 0.4833439685465917 0.4830060991288982
30 0.4833255556673854 0.4829928116153207
40 0.4832965996721965 0.48297263294116455
50 0.4832489391817827 0.48293985313014
60 0.48316545389281845 0.48288248383191706
70 0.48300464688417943 0.4827713091303047
80 0.4826546941290137 0.48252683685483244
90 0.48177700668477735 0.48190578783800114
100 0.47922677915691747 0.4800866226811438
200 0.40103758269764234 0.3909151811328845
300 0.39490137637190686 0.3688874646774956
400 0.39353676062723203 0.3595764708394864
500 0.392908139666081 0.35567729900399786
600 0.3925587568437999 0.35381733790614345
700 0.39232444706140596 0.35253959948081587
800 0.3921531301270163 0.3515043431642812
900 0.39202118693815513 0.35062143718116345
1000 0.3919155886407807 0.34985533698956944
2000 0.3913755960888316 0.3455181179245827
3000 0.39106928549085984 0.3434200190105231
4000 0.3908042310999655 0.34206198310511826
5000 0.39054349768788366 0.34109697491598945
6000 0.39027046603175053 0.34037820142568215
7000 0.3899713176282406 0.3398302026760481
8000 0.38963013129935936 0.33940697690501614
9000 0.38922873094064686 0.3390510810892831
10000 0.38875058788823913 0.33864333810288655
================================================================================
=                                   round 8                                    =
================================================================================
1 0.4896135839298338 0.4835912141827034
2 0.4897447774490227 0.48325399390704
3 0.48975922964942037 0.4832352190701357
4 0.48975762778744436 0.4832372086055116
5 0.48975465915262534 0.48324094019423053
6 0.48975161773884957 0.48324480759182925
7 0.48974861130754693 0.48324866832744073
8 0.4897456453137986 0.4832525077571824
9 0.48974271638963845 0.4832563225573335
10 0.48973982044964054 0.48326011044480566
20 0.48971179580696916 0.4832960486786882
30 0.48968275209286943 0.48332704355691536
40 0.48964841082393346 0.48335088672931315
50 0.4896022204078767 0.4833642534543176
60 0.4895307789361324 0.48336041477882996
70 0.48940228993893586 0.4833233410746025
80 0.4891336488965243 0.4832104183375724
90 0.48848464277835196 0.4828946501613018
100 0.48669657259415433 0.4819571846880782
200 0.41441109800518616 0.40731672405183783
300 0.4076136778680682 0.39060263512789983
400 0.4069830272954157 0.3888705802658992
500 0.4068108801833769 0.3889705529788989
600 0.4067470943048687 0.38943229815692854
700 0.40672115778049345 0.38993157187836314
800 0.4067111752922842 0.39039792693200065
================================================================================
=                                   round 9                                    =
================================================================================
1 0.4946553817196779 0.4796015917889793
2 0.4949171208250539 0.4787296897553831
3 0.49493609018600043 0.4786795204022848
4 0.49493145468296235 0.4786916291399067
5 0.49492495760449146 0.4787087114683192
6 0.49491839435558516 0.4787260835426983
7 0.49491190913308664 0.47874335539690044
8 0.4949055102408156 0.47876049308652713
9 0.4948991947557739 0.47877749251719876
10 0.49489295886672596 0.47879435215601945
20 0.49483415579584034 0.47895500000564795
30 0.49477929298162704 0.47910048168569513
40 0.49472442212585094 0.47922986841476267
50 0.49466347596883986 0.47934199258442967
60 0.4945839293407398 0.479434547158701
70 0.49445568556568376 0.4795018384913887
80 0.49419834632767645 0.479528190366298
90 0.49357183693761597 0.47946361948304317
100 0.4917832186977658 0.4791134032911151
================================================================================
=                                   round 10                                   =
================================================================================
1 0.4896537461131717 0.4894370930539532
2 0.4898506685808295 0.4896172713527474
3 0.48987101200922056 0.4896363744881808
4 0.48987015218556973 0.48963557634014354
5 0.4898674772538699 0.48963308107485015
6 0.489864669591437 0.48963047294760276
7 0.4898618698354123 0.48962788665823287
8 0.48985908677947315 0.4896253329369063
9 0.4898563179001154 0.48962281184708095
10 0.48985355972627065 0.4896203225325883
20 0.48982580358217587 0.4895969741965135
30 0.48979529722625126 0.48957579568899606
40 0.48975795382322485 0.48955578651404524
50 0.48970692643193786 0.48953548131985575
60 0.4896273512571797 0.4895120038787419
70 0.4894826339312205 0.48947854883676
80 0.4891737465564149 0.489416529389336
90 0.4884023895515807 0.48926710285219105
100 0.48618393193368836 0.48882296205930054
200 0.3920276776502434 0.4364485769694752
300 0.3846663092147694 0.41731096379787197
400 0.38281274040906815 0.4128516862138295
500 0.3816568981373529 0.4106083276655544
600 0.3808102074136083 0.40915354673351106
700 0.38017185093247174 0.4080776570777092
800 0.3796850635200162 0.4072534753083076
900 0.37930990105706 0.4066249625087816
1000 0.3790169732979483 0.40614896483681723
2000 0.37786367186606246 0.4047649757293993
3000 0.37754513225843056 0.4048481763458602
4000 0.37738095696089685 0.405219109355554
################################################################################
#                                    setup                                     #
################################################################################
min_iteration : 100
max_iteration : 10000
update_ratio : 0.1
hidden_layer : 2
hidden_layer_width : 4
################################################################################
#                                   summary                                    #
################################################################################
+-------+-------+------+-------+-------+-------+----------+-------+
| round | learn | test | train | valid | i     | MSE      | error |
+-------+-------+------+-------+-------+-------+----------+-------+
|     1 |   310 |   35 |   207 |   103 |   392 | 0.417797 |    11 |
|     2 |   310 |   35 |   207 |   103 |   322 |  0.41753 |    13 |
|     3 |   310 |   35 |   207 |   103 |   398 | 0.426582 |    11 |
|     4 |   310 |   35 |   207 |   103 |   494 | 0.427516 |     8 |
|     5 |   310 |   35 |   207 |   103 |   275 | 0.396303 |    16 |
|     6 |   311 |   34 |   208 |   103 |   693 | 0.395627 |    11 |
|     7 |   311 |   34 |   208 |   103 | 10000 | 0.338643 |    14 |
|     8 |   311 |   34 |   208 |   103 |   431 | 0.388817 |     9 |
|     9 |   311 |   34 |   208 |   103 |     3 |  0.47868 |    12 |
|    10 |   311 |   34 |   208 |   103 |  2270 | 0.404741 |     8 |
+-------+-------+------+-------+-------+-------+----------+-------+
################################################################################
#                                  statistics                                  #
################################################################################
+-----+--------+----------+-----+--------------+
|     | i      | accuracy | SE  | 95% CI       |
+-----+--------+----------+-----+--------------+
| ann | 1527.8 |     67.3 | 7.0 | (51.6, 82.9) |
+-----+--------+----------+-----+--------------+
