================================================================================
=                                   round 1                                    =
================================================================================
1 0.44662485932710505 0.4650491780318034
2 0.4303277241746736 0.4526422026185001
3 0.4214996443753053 0.4454730624298253
4 0.4159298774783708 0.44095641264762386
5 0.41213724645376065 0.43794536518213273
6 0.4094168461991896 0.43583824296096624
7 0.4073861728314063 0.4343029637752539
8 0.40582096811182256 0.4331469825325612
9 0.4045823535069673 0.43225309258095246
10 0.4035805462608951 0.4315467048515048
20 0.3990627019878461 0.4286915938697334
30 0.39771839984336965 0.42812293759285286
40 0.39718649767264214 0.4280683892995054
50 0.3969512104057567 0.4281605537823695
60 0.3968413344994286 0.42828558740550315
70 0.3967889171651221 0.42840530546501154
80 0.39676406869627284 0.4285080861687445
90 0.3967527595028548 0.4285921035307123
100 0.3967481266734562 0.42865902136492945
================================================================================
=                                   round 2                                    =
================================================================================
1 0.4382819902422825 0.4642517350380485
2 0.42142150406853124 0.4518468711652276
3 0.41213993372556457 0.4443145413846823
4 0.406040132583902 0.43923513082287824
5 0.40170868677120447 0.4356429132744054
6 0.39848356856225275 0.43300367976680243
7 0.39599881760170075 0.43100048714863515
8 0.39403294275415657 0.42943790824386785
9 0.39244374430915274 0.4281910867115361
10 0.39113587611493156 0.4271774691391911
20 0.3849496973974052 0.42267722304396443
30 0.38290855564768306 0.4215865502284715
40 0.3819865482057125 0.4214174058096457
50 0.38151302069457116 0.4215788598370779
60 0.3812536337722509 0.42185761458632476
70 0.3811067492753319 0.42216487547882686
80 0.38102250718761876 0.42246227683321
90 0.38097444526035074 0.42273402519270603
100 0.3809477486238466 0.4229749146996095
================================================================================
=                                   round 3                                    =
================================================================================
1 0.4415360383367368 0.46570015788243485
2 0.42641393363289487 0.4541420739612034
3 0.4182018567172959 0.44759173753477194
4 0.4128957091136987 0.44342539489645794
5 0.4091987934919994 0.4406163459303614
6 0.4064963097061831 0.43863411196616575
7 0.40445060068973254 0.43718518941686124
8 0.4028601010366898 0.4360977706885334
9 0.40159704537379126 0.435265346998234
10 0.4005765960667621 0.43461845526921433
20 0.39617581973746535 0.43235095239853033
30 0.39505315706642014 0.43217920809808197
40 0.39466682256351115 0.43232446463344226
50 0.3945169509674174 0.4325034474181915
60 0.39445666684899716 0.4326582217648089
70 0.39443329149830275 0.43278052506768405
80 0.39442564591284135 0.4328740017867312
90 0.39442463206381456 0.43294444395258985
100 0.39442621146843604 0.4329971929965067
================================================================================
=                                   round 4                                    =
================================================================================
1 0.4411652316011101 0.4805727969306497
2 0.4268352813199243 0.47164041815629615
3 0.4188998632282956 0.4654716597058808
4 0.4136958204505595 0.46117712541299033
5 0.4100466325329762 0.45818678925372547
6 0.40738059506173546 0.4560708110989279
7 0.40537346679889263 0.4545395657478491
8 0.40382622178308697 0.45340528796834456
9 0.4026101638309324 0.4525461873364102
10 0.401638761372799 0.45188198219816644
20 0.3976467047833674 0.44928749797565026
30 0.3967246045331076 0.44850144347137405
40 0.39643069252291097 0.4480548805130065
50 0.3963261819178337 0.44776584406474124
60 0.39629045841475374 0.44757461021450023
70 0.3962820705516529 0.44744642641790866
80 0.3962847065739377 0.44735909006442115
90 0.3962914196491887 0.44729848659168886
100 0.3962991518170927 0.4472556591527347
200 0.39633777130333586 0.44714134093431046
300 0.39634208058210646 0.44713307604917407
400 0.39634247665494104 0.44713234377913813
500 0.3963425125730812 0.4471322775922199
600 0.396342515826469 0.4471322715989478
700 0.3963425161211223 0.44713227105616316
800 0.39634251614780797 0.44713227100700487
900 0.3963425161502251 0.4471322710025526
1000 0.3963425161504435 0.4471322710021496
2000 0.3963425161504655 0.44713227100210934
================================================================================
=                                   round 5                                    =
================================================================================
1 0.4495925124734044 0.4591417466269933
2 0.43470817079236557 0.44322954675243087
3 0.42626536476729776 0.43514399468714177
4 0.42073827683362236 0.43042036249596205
5 0.41687659592792714 0.42740202607714384
6 0.4140651180326737 0.4253537189807877
7 0.41195560164873146 0.4239062443463615
8 0.4103345060929711 0.42285482289424514
9 0.40906371074129916 0.4220765287797804
10 0.4080503061197296 0.42149293874142396
20 0.40379768821429973 0.4197814052630856
30 0.4025955642524885 0.4196715374398794
40 0.40207657314101714 0.4195411670952524
50 0.40182312770373846 0.4193496673889768
60 0.40169357142097006 0.4191493432526204
70 0.4016267817432916 0.41896459381121987
80 0.40159354723389445 0.41880274498685854
90 0.40157892430178754 0.41866413925983864
100 0.40157485486146116 0.41854661401984355
200 0.40164371199971904 0.4180161849294257
300 0.40168783745272235 0.41789242633109897
400 0.4017056504846944 0.4178548954002594
500 0.4017125859184905 0.4178418311848545
600 0.4017152670034681 0.4178369981874215
700 0.40171630136443137 0.4178351652456039
800 0.4017167001491744 0.41783446323912915
900 0.4017168538574376 0.4178341933467832
1000 0.40171691309746616 0.4178340894311507
2000 0.4017169502410383 0.4178340243049622
3000 0.40171695024372256 0.41783402430025735
4000 0.40171695024372284 0.4178340243002572
5000 0.40171695024372284 0.4178340243002572
================================================================================
=                                   round 6                                    =
================================================================================
1 0.4573100208178736 0.4497984828976649
2 0.4456644347213577 0.4352906184752066
3 0.4393517891444057 0.4279550047964488
4 0.4353703283423923 0.42343516986526425
5 0.43271443113055647 0.42035211697211444
6 0.430877862653475 0.4180995952893712
7 0.42957112002384756 0.4163692302586672
8 0.42861905473408457 0.4149893706287671
9 0.4279114883254148 0.41385741729391906
10 0.4273768024812412 0.4129082750156613
20 0.4256258237498629 0.40797438898095006
30 0.42543589678252725 0.4060559981836829
40 0.4254317370338757 0.40512562338929403
50 0.42544915380031956 0.40464194382645813
60 0.42546338794280103 0.4043834612941371
70 0.42547241707495304 0.4042436526492869
80 0.42547770210848745 0.4041676150016655
90 0.4254806919438305 0.40412615295169196
100 0.4254823559138489 0.40410351596694943
200 0.42548438505048874 0.4040763081379781
300 0.4254843899232214 0.40407624330778835
400 0.42548438993483795 0.4040762431532372
500 0.42548438993486604 0.4040762431528689
600 0.4254843899348657 0.40407624315286794
700 0.4254843899348657 0.40407624315286794
800 0.4254843899348657 0.40407624315286794
900 0.4254843899348657 0.40407624315286794
1000 0.4254843899348657 0.40407624315286794
================================================================================
=                                   round 7                                    =
================================================================================
1 0.4426018432374003 0.44960172546954075
2 0.4286335056436072 0.433042201391624
3 0.4209366670718796 0.4232182505726132
4 0.4159444804618161 0.41651597205532975
5 0.4125292964554322 0.4116664770957962
6 0.41011246363776455 0.4080023167563132
7 0.40835402483262406 0.40513256848335394
8 0.4070436499283989 0.4028174070202755
9 0.40604677546296447 0.40090397090642066
10 0.40527480310014546 0.39929119891258047
20 0.40244866707789545 0.3908019381478607
30 0.40197937380554644 0.3874112205840737
40 0.40189542668875905 0.3856784424130652
50 0.40189525453235436 0.38470194651717105
60 0.401911222542837 0.3841239680227239
70 0.40192678413061916 0.38377241491977226
80 0.40193861368029155 0.38355514053053835
90 0.40194685172251354 0.38341955293204283
100 0.4019523592137618 0.3833344365462199
200 0.4019622967075906 0.3831900161602076
300 0.4019624043251967 0.38318850929272397
400 0.4019624054558788 0.3831884934668768
500 0.4019624054677545 0.3831884933006549
600 0.40196240546787987 0.38318849329890864
700 0.4019624054678807 0.38318849329889126
800 0.40196240546788076 0.38318849329889104
900 0.40196240546788076 0.38318849329889104
1000 0.40196240546788076 0.38318849329889104
================================================================================
=                                   round 8                                    =
================================================================================
1 0.4508693225530335 0.46124817975476645
2 0.4398086962613299 0.446551341829631
3 0.433673888339077 0.4378865351274302
4 0.4296329085250021 0.4319138448236809
5 0.4268252473471873 0.4275220415211672
6 0.4248113012147939 0.4241638129146198
7 0.4233292767130346 0.42151887600862215
8 0.42221439597507615 0.4193840153743687
9 0.4213594387189566 0.4176243287578478
10 0.42069271683417647 0.4161474326413841
20 0.4181829118749217 0.40848497522279587
30 0.417707712995151 0.40541185465593005
40 0.4175848366513971 0.4038046721920253
50 0.4175514237649602 0.40288005559179146
60 0.4175439700439206 0.40232375373101764
70 0.41754400880158765 0.40198084648301713
80 0.41754580685810466 0.4017664660629111
90 0.4175476377949209 0.4016312782516201
100 0.4175490769008648 0.40154556923121515
200 0.41755209368162843 0.4013964713124506
300 0.41755213200389013 0.4013947637035835
400 0.4175521324461279 0.4013947440200118
500 0.4175521324512259 0.4013947437931031
600 0.4175521324512849 0.4013947437904873
700 0.41755213245128525 0.40139474379045686
800 0.4175521324512854 0.4013947437904566
900 0.4175521324512854 0.4013947437904566
1000 0.4175521324512854 0.4013947437904566
================================================================================
=                                   round 9                                    =
================================================================================
1 0.4509567005439621 0.470215194647314
2 0.43726672421296253 0.4530438954475459
3 0.42928136232855435 0.44324129872497103
4 0.423956968555323 0.4364858022686894
5 0.42022847503270216 0.43146882375109274
6 0.4175304065098342 0.4276072343394872
7 0.41552447882688665 0.4245628188634887
8 0.4139981609032572 0.4221134214110117
9 0.41281328035549325 0.42010549282056664
10 0.41187732833723817 0.41843040721278296
20 0.40813730334673387 0.40976152561986046
30 0.40727442488514715 0.4059034293279149
40 0.40697889154694517 0.4035088314986173
50 0.4068603650849471 0.40187507655264915
60 0.4068105019397596 0.4007226596371848
70 0.4067901102899567 0.3998969933305131
80 0.4067828362534528 0.3992997700816269
90 0.40678134450226844 0.3988648311609731
100 0.40678224316803796 0.3985464309188818
200 0.4067928308464417 0.39769158491895124
300 0.40679368898479557 0.39764788899999254
400 0.40679373462209545 0.3976456080558122
500 0.40679373700933474 0.39764548885680984
600 0.4067937371341021 0.39764548262727084
700 0.40679373714062267 0.3976454823017042
800 0.4067937371409632 0.39764548228468927
900 0.40679373714098144 0.3976454822837997
1000 0.4067937371409822 0.3976454822837531
2000 0.4067937371409823 0.397645482283751
================================================================================
=                                   round 10                                   =
================================================================================
1 0.44953258312136835 0.48046405790205937
2 0.4362154420092341 0.4709766131718391
3 0.4283347588980004 0.4654474930946055
4 0.4228731025445597 0.46161600590770285
5 0.4188941316619918 0.45881604959334565
6 0.41590002358159567 0.4567143837363984
7 0.4135836099485818 0.4551031835312664
8 0.41174672956591846 0.45384349410021085
9 0.4102580358535609 0.45283991565875614
10 0.40902827601620917 0.4520259082577554
20 0.4029583763381038 0.4482468623651499
30 0.4005571687993186 0.44675209498086926
40 0.39922892579056024 0.4457692447543571
50 0.3984545954706149 0.44508760783752
60 0.3980092460669631 0.4446599061787248
70 0.3977567934364669 0.44441733875959494
80 0.39761554508374286 0.444291980252689
90 0.3975381188736309 0.4442348634384833
100 0.39749729656882304 0.4442153562433521
200 0.3974911037753336 0.4443158521450057
################################################################################
#                                    setup                                     #
################################################################################
min_iteration : 100
max_iteration : 10000
update_ratio : 0.1
hidden_layer : 0
hidden_layer_width : 4
################################################################################
#                                   summary                                    #
################################################################################
+-------+-------+------+-------+-------+------+----------+-------+
| round | learn | test | train | valid | i    | MSE      | error |
+-------+-------+------+-------+-------+------+----------+-------+
|     1 |   310 |   35 |   207 |   103 |   37 |  0.42806 |    11 |
|     2 |   310 |   35 |   207 |   103 |   39 | 0.421414 |    13 |
|     3 |   310 |   35 |   207 |   103 |   28 |  0.43217 |    12 |
|     4 |   310 |   35 |   207 |   103 | 1281 | 0.447132 |     8 |
|     5 |   310 |   35 |   207 |   103 | 2965 | 0.417834 |    15 |
|     6 |   311 |   34 |   208 |   103 |  558 | 0.404076 |     9 |
|     7 |   311 |   34 |   208 |   103 |  710 | 0.383188 |    15 |
|     8 |   311 |   34 |   208 |   103 |  705 | 0.401395 |     8 |
|     9 |   311 |   34 |   208 |   103 | 1058 | 0.397645 |    13 |
|    10 |   311 |   34 |   208 |   103 |  105 | 0.444214 |     7 |
+-------+-------+------+-------+-------+------+----------+-------+
################################################################################
#                                  statistics                                  #
################################################################################
+-----+-------+----------+-----+--------------+
|     | i     | accuracy | SE  | 95% CI       |
+-----+-------+----------+-----+--------------+
| ann | 748.6 |     67.8 | 8.1 | (49.8, 85.8) |
+-----+-------+----------+-----+--------------+
