================================================================================
=                                   round 1                                    =
================================================================================
1 0.4931816428155986 0.49208254165326853
2 0.49299058199953255 0.49184001651576903
3 0.492971871084216 0.4918160982137883
4 0.49296088034853436 0.49180204113832954
5 0.49295031090751595 0.49178852039278864
6 0.49293981767885536 0.4917750967832947
7 0.4929293790891614 0.49176174495849634
8 0.49291898893515534 0.4917484592337002
9 0.49290864179283256 0.4917352349124857
10 0.4928983323132768 0.49172206738664215
20 0.49279614886607354 0.49159252687630234
30 0.4926917578495639 0.49146369182902
40 0.49257770324201183 0.49132994107666983
50 0.49243847278778224 0.4911806628321549
60 0.49223437720637014 0.49099013812693165
70 0.491852890980476 0.49068821377606786
80 0.4909318139531907 0.4900577713206308
90 0.4881172867556202 0.4883242615880042
100 0.47849204264350875 0.48288071751737927
200 0.39165342489863575 0.42805291769811105
300 0.3849345566046805 0.4194590800980749
400 0.3824999429579066 0.41779478788611407
500 0.38115309592651003 0.4175968992053853
600 0.3802664940379798 0.417763434243908
700 0.379657069492675 0.4180384700663381
800 0.37923029001594216 0.4183542584271228
900 0.3789251909387881 0.41867707185745484
================================================================================
=                                   round 2                                    =
================================================================================
1 0.4863429029189254 0.49000722840387645
2 0.48598889361637776 0.4898325280052853
3 0.4859584763395454 0.48981824514369454
4 0.4859435407207365 0.4898112761775007
5 0.48592946366602374 0.4898047330664928
6 0.4859154959657402 0.48979826408680366
7 0.4859015886364375 0.4897918451468696
8 0.48588772875171393 0.4897854689846244
9 0.48587390533110786 0.4897791292720976
10 0.48586010755237047 0.4897728197839837
20 0.48572116993652203 0.4897100379594343
30 0.48557241504766807 0.48964327937354946
40 0.4853977881927215 0.48956345489721054
50 0.4851622515280099 0.4894502517017607
60 0.4847675873304834 0.4892456444638423
70 0.48389166500599895 0.4887573192721876
80 0.48129100763516325 0.48724468862928166
90 0.4720892119017517 0.4819498860582039
100 0.44860881574819667 0.46950336192551695
200 0.3744368059694824 0.422712252996495
300 0.3704817629697651 0.41785623769425034
400 0.3688153912624523 0.4173413850180531
500 0.36777730620694093 0.4175593194096854
600 0.36707281131687247 0.4179611668934358
700 0.366558189081387 0.41845789143676204
================================================================================
=                                   round 3                                    =
================================================================================
1 0.48900966851665956 0.48936378425604876
2 0.48866512236210413 0.4890368057277227
3 0.4886327036716349 0.48900609509952936
4 0.48861532174709194 0.48898963950865815
5 0.48859871743403865 0.48897392996729616
6 0.4885821651252292 0.4889582811398134
7 0.4885656189955721 0.48894265166086054
8 0.48854906797449116 0.4889270330906997
9 0.4885325028041118 0.4889114187171213
10 0.4885159143234899 0.4888958019346112
20 0.488346703706927 0.4887380454275715
30 0.48816418417246765 0.4885724015152336
40 0.48795272094274683 0.4883887919569067
50 0.48767526643946035 0.4881647687374245
60 0.48722298901254174 0.48783676468545795
70 0.48622723891698955 0.48719702498363937
80 0.4832298814826487 0.4854650217185684
90 0.4726897827800756 0.4800022971999041
100 0.44860163577015777 0.46935096593091424
200 0.3919473607969364 0.4335336045852156
300 0.385429001556436 0.4264808706096085
400 0.38252156070572485 0.4259238502421147
500 0.3806786552146752 0.4259178354796962
600 0.37944668898486306 0.4261216374557019
700 0.3785810111327246 0.4264013854959426
800 0.3779241926367564 0.4266827466140046
================================================================================
=                                   round 4                                    =
================================================================================
1 0.48803212119040407 0.4923562345929099
2 0.48771236479478114 0.49224485444834176
3 0.48768581209779116 0.4922363298756404
4 0.48767307174237734 0.49223228328876795
5 0.4876610406203979 0.49222848802549823
6 0.4876490580466407 0.4922247332134562
7 0.4876370808245796 0.49222100511571737
8 0.48762509701842177 0.49221729993977625
9 0.4876130963467503 0.49221361444709394
10 0.4876010686533026 0.4922099454711389
20 0.48747706365684074 0.4921734884390512
30 0.4873384233279604 0.4921352041522496
40 0.48716842163001817 0.49209043441243017
50 0.48692756155155925 0.49202790635456983
60 0.48649930761158544 0.49191328959105446
70 0.4854860867127953 0.49162666087811846
80 0.48232442548465576 0.49069153701636914
90 0.47147548142475887 0.48755484932700305
100 0.4489312080264361 0.48190560645879627
200 0.3945113292021872 0.4429581274890011
300 0.38797698847480816 0.431888661615578
400 0.3856798302103607 0.429044727849514
500 0.38417325233187904 0.4279703690653653
600 0.3830350517370547 0.4275138115657317
700 0.38211099741297794 0.42740937616191876
800 0.3813035591751266 0.427571345808764
900 0.3805525968405535 0.42793853367997464
1000 0.37982352370567857 0.428460219037218
================================================================================
=                                   round 5                                    =
================================================================================
1 0.48811214402800085 0.49054727511043933
2 0.487605539219529 0.4901775058786936
3 0.4875257670653481 0.4901197133415635
4 0.4874683340677555 0.4900781816253906
5 0.48741253663934403 0.4900378951772543
6 0.48735726395413415 0.4899980492139616
7 0.48730244067398787 0.48995858863858016
8 0.4872480471501006 0.4899194986551118
9 0.4871940668626622 0.48988076677193815
10 0.4871404835643756 0.48984238073969183
20 0.4866229864723464 0.48947493434758804
30 0.48612783689641514 0.48912930944124006
40 0.48563761235843417 0.4887931927541706
50 0.48512509218195077 0.4884479058796751
60 0.48453165420763333 0.48805332631262976
70 0.48370860273524197 0.48750579709903735
80 0.48224396652025725 0.48650694908372966
90 0.4789865477327269 0.4841685362517767
100 0.4714758767247364 0.4783818252891023
200 0.3976933659462284 0.40977551639376514
300 0.38723351211404383 0.3988751566459822
400 0.3801422429102216 0.40965038504061063
500 0.37746617900961676 0.4089455548547223
600 0.37650839529487423 0.4085613346491505
================================================================================
=                                   round 6                                    =
================================================================================
1 0.48972725199162376 0.48705843498865253
2 0.4896546559663903 0.48687224090544623
3 0.4896526878733425 0.4868663800676103
4 0.4896532399048823 0.48686807159492057
5 0.4896538851646692 0.4868700626645823
6 0.4896545061293442 0.4868720082533378
7 0.48965509300276 0.4868738872295353
8 0.48965564122764227 0.48687569405218645
9 0.4896561465608321 0.4868774240138879
10 0.48965660483111206 0.4868790725205725
20 0.489657716274098 0.4868901126153085
30 0.4896497399160484 0.48688825561090615
40 0.4896278936701754 0.48686841070795456
50 0.48958347092545923 0.48682135620015166
60 0.4894964526779543 0.48672586593619177
70 0.48931702685302525 0.48652918193431727
80 0.48891323111640345 0.4860919159184769
90 0.487908647433535 0.4850162227787556
100 0.48520562391961225 0.4821272553171715
200 0.42433509106105566 0.40778906618510075
300 0.4120401101490844 0.4062353583591218
400 0.4053711226336644 0.4032485326266078
500 0.4011179214537409 0.39951670625207675
600 0.3987927594274394 0.39692717446237286
700 0.3974917267160677 0.3956133520175437
800 0.3967106895589467 0.3950049929332119
900 0.39620903837372623 0.3947797726462576
1000 0.39586600484507534 0.3947765815483479
================================================================================
=                                   round 7                                    =
================================================================================
1 0.48336232630576514 0.48302044557502993
2 0.4834793314400129 0.4831228166511728
3 0.4834826316149647 0.48312579996103405
4 0.48347858336916943 0.48312214737051395
5 0.48347423705524484 0.4831182364342715
6 0.4834699403316537 0.48311438347262403
7 0.4834657004193668 0.4831105969000525
8 0.4834615073159548 0.4831068695532955
9 0.4834573502438434 0.48310319355025816
10 0.4834532184910241 0.48309956105050794
20 0.48341098754122885 0.483063943293785
30 0.4833595732898962 0.4830241438780001
40 0.4832853520849659 0.48297040008165143
50 0.48316214246205164 0.48288426776536425
60 0.4829241838156522 0.4827196519572731
70 0.4823809387936703 0.48234224996384434
80 0.4809076864430816 0.48130765169267503
90 0.4763088214975752 0.47806410623061163
100 0.4629481770860275 0.46892839213011334
200 0.40152341750732595 0.39147199733452986
300 0.39590691802905936 0.3766761440609561
400 0.39465287996845955 0.37386981596042157
500 0.39421177403915814 0.37443988716191456
600 0.3939840420245492 0.3744178893603658
700 0.3938481989918934 0.37411827347884696
800 0.393766664746976 0.37384208748488046
900 0.3937164305518275 0.3736148634828314
1000 0.3936846931193374 0.3734293661475968
2000 0.39362974657394856 0.37257948646788214
3000 0.39365372913651864 0.3723528314721911
4000 0.3936844976326232 0.3723264504252679
5000 0.3937132269314369 0.37238940230198353
6000 0.393738703939757 0.3724993785144132
7000 0.3937612008998148 0.3726381131602633
================================================================================
=                                   round 8                                    =
================================================================================
1 0.4898750987181511 0.4831260136678094
2 0.49005875810266936 0.4830351794839922
3 0.490057655304236 0.48303553209691164
4 0.4900469263268199 0.4830391144445452
5 0.4900359713188527 0.48304293010371163
6 0.4900252280670123 0.4830468242093435
7 0.49001470563979815 0.48305078120065326
8 0.49000439256013123 0.4830547927268171
9 0.4899942765196628 0.48305885094896805
10 0.4899843453418866 0.48306294819123513
20 0.4898926323581105 0.48310446749738617
30 0.4898067862448199 0.4831421637626481
40 0.48971378359846507 0.48316862184684145
50 0.48959112544053246 0.48317212145793725
60 0.4893853513933262 0.48312595929954844
70 0.48894682214793367 0.48295529259531206
80 0.48780332645260666 0.48241768571220345
90 0.48438221901772877 0.4806714909308403
100 0.47478310951808955 0.4755699234177379
200 0.4154865140278344 0.4076826762658697
300 0.40863011010701383 0.39264848934069013
400 0.4075002285042674 0.3893585739781893
500 0.4071269475490701 0.3884814861440999
600 0.4069538745161634 0.3883507346010463
700 0.4068590628974725 0.38843555180856476
800 0.4068016630195403 0.38857500599041733
900 0.40676493494996824 0.3887310886121858
1000 0.40674078028246563 0.3888946799681839
================================================================================
=                                   round 9                                    =
================================================================================
1 0.49523782623671464 0.47801396513168093
2 0.49548282617962275 0.47759833034424787
3 0.49547564531399646 0.4776093469860683
4 0.4954569311890519 0.477638354215064
5 0.4954380514748215 0.47766800920642655
6 0.49541950460854084 0.4776975191149007
7 0.4954013014028804 0.477726840961875
8 0.4953834306239396 0.47775596659842845
9 0.49536588017000494 0.47778488969692573
10 0.49534863805027235 0.4778136041965848
20 0.4951906357100174 0.478088068622346
30 0.49505095219927475 0.4783361925840337
40 0.4949165690488714 0.4785539252679225
50 0.49476483832134704 0.47873657911202866
60 0.49454118947741593 0.47887473856385165
70 0.4940877098140135 0.4789418466675954
80 0.49287912317809707 0.4788445962672827
90 0.48905598644407644 0.47817668757558957
100 0.4778167414386404 0.47518127014755157
200 0.40401385591836914 0.39735909054265983
300 0.39841232930452103 0.3772331511706178
400 0.3963404032662398 0.3687610894661604
500 0.39509620935359047 0.36549073559639417
600 0.3942553193481369 0.3638422287416643
700 0.39364879082962356 0.36268541736682286
800 0.3931857263006965 0.36173098936756254
900 0.3928140756632352 0.3609144549370967
1000 0.39250304543697434 0.3602077531851281
2000 0.3907969329448451 0.3568613438607961
3000 0.3898725631494954 0.3563309545963685
4000 0.3892596572731041 0.3558723287383975
5000 0.38887562327099207 0.35558815803950417
6000 0.38861751406775524 0.3553756092960308
7000 0.38842937640126096 0.3551958471314253
8000 0.3882804046363874 0.35503126081138814
9000 0.3881530795660901 0.3548699318673752
10000 0.3880380529337153 0.3547039253551597
================================================================================
=                                   round 10                                   =
================================================================================
1 0.4898985253142837 0.48966227155609854
2 0.4900907655872923 0.4898448759403022
3 0.49009358522954094 0.48984758157055297
4 0.49008662747277515 0.48984096083183515
5 0.4900793084647686 0.4898340177566704
6 0.49007206245851187 0.4898271729934939
7 0.49006490167852856 0.489820443835577
8 0.49005781837443424 0.4898138284191406
9 0.4900508039090253 0.4898073239616937
10 0.4900438496754416 0.4898009276433643
20 0.4899757615864889 0.48974229692091037
30 0.4899041990559484 0.48969138555305536
40 0.4898176736922251 0.48964494916987605
50 0.4896927902149064 0.4895977372891276
60 0.4894686289317084 0.4895379713609073
70 0.48896479479162963 0.48943258493895425
80 0.48758142264809246 0.4891708410488331
90 0.48324136224732506 0.48836885656183665
100 0.47108563620843386 0.48630940593231164
200 0.3940879335986196 0.44003720591178075
300 0.38682408039656446 0.4222401136300292
400 0.3847306070579025 0.41709484945006636
500 0.3835340677960722 0.41444527981023604
600 0.3826416093417888 0.41271315338788406
700 0.3819177913041045 0.4113916769182085
800 0.3813158862373082 0.41028407845359144
900 0.3808119669354676 0.4093289707342304
1000 0.380390037957885 0.4085108913698941
2000 0.37853410647671176 0.4050276994901116
3000 0.37807102389968456 0.4044645776465502
4000 0.3778988107320655 0.40445195334493483
5000 0.37782009617166185 0.4045821270471544
6000 0.3777678181611158 0.40473197900122965
7000 0.3777149185890052 0.4048654378784001
################################################################################
#                                    setup                                     #
################################################################################
min_iteration : 100
max_iteration : 10000
update_ratio : 0.1
hidden_layer : 2
hidden_layer_width : 6
################################################################################
#                                   summary                                    #
################################################################################
+-------+-------+------+-------+-------+-------+----------+-------+
| round | learn | test | train | valid | i     | MSE      | error |
+-------+-------+------+-------+-------+-------+----------+-------+
|     1 |   310 |   35 |   207 |   103 |   483 | 0.417591 |    11 |
|     2 |   310 |   35 |   207 |   103 |   394 |  0.41734 |    13 |
|     3 |   310 |   35 |   207 |   103 |   449 | 0.425884 |    11 |
|     4 |   310 |   35 |   207 |   103 |   685 | 0.427406 |     8 |
|     5 |   310 |   35 |   207 |   103 |   305 | 0.398841 |    16 |
|     6 |   311 |   34 |   208 |   103 |   950 | 0.394757 |    11 |
|     7 |   311 |   34 |   208 |   103 |  3697 | 0.372322 |    13 |
|     8 |   311 |   34 |   208 |   103 |   589 | 0.388349 |     9 |
|     9 |   311 |   34 |   208 |   103 | 10000 | 0.354704 |    14 |
|    10 |   311 |   34 |   208 |   103 |  3500 | 0.404427 |     8 |
+-------+-------+------+-------+-------+-------+----------+-------+
################################################################################
#                                  statistics                                  #
################################################################################
+-----+--------+----------+-----+--------------+
|     | i      | accuracy | SE  | 95% CI       |
+-----+--------+----------+-----+--------------+
| ann | 2105.2 |     67.0 | 7.2 | (51.0, 82.9) |
+-----+--------+----------+-----+--------------+
