================================================================================
=                                   round 1                                    =
================================================================================
1 0.4933177677495856 0.49231956174760366
2 0.4929971777300665 0.4920052313704642
3 0.4927372416894896 0.49178874221129604
4 0.492420795593161 0.4915387863784507
5 0.4920193710746117 0.4912363468310682
6 0.4915016214085032 0.49086235751608254
7 0.49083021626805384 0.4903945080577103
8 0.489961476936676 0.4898070254659519
9 0.48884614932767695 0.4890711470835853
10 0.48743185218147095 0.4881565619644119
20 0.45457615287520053 0.4678861583773991
30 0.42309557849290824 0.44534846314214954
40 0.4075395845257912 0.43403692075466543
50 0.4010154730352702 0.4309148215325517
60 0.39832468542511457 0.4302240774039145
70 0.39707790104132207 0.4301122452664842
80 0.3963801631691443 0.43006766877546604
90 0.39589618949750377 0.42995183233605266
100 0.3954952308342096 0.429741418126738
200 0.3918505456266856 0.42543277966561555
300 0.3887790824128552 0.4215965437950274
400 0.38664227903920917 0.4192078529618549
500 0.3851692402811901 0.41783684308015634
600 0.3841001790893105 0.4170664817406692
700 0.38327700441260115 0.41663860060339686
800 0.38261275478605755 0.41640581021271517
900 0.38205957345907704 0.41628343626965214
1000 0.38158938822285804 0.4162234450102139
2000 0.3791270992887049 0.4165761296860203
================================================================================
=                                   round 2                                    =
================================================================================
1 0.4864064110712965 0.49002713445401846
2 0.48577353354962355 0.489664764004663
3 0.4852626686527385 0.4893632241452597
4 0.48464620580242745 0.4889970725891081
5 0.4838728075956584 0.48853463479246184
6 0.4828904513243404 0.48794297552170374
7 0.4816426533073006 0.48718589274826085
8 0.4800713463705024 0.4862256256417317
9 0.4781222915244697 0.4850263003459506
10 0.475752662949288 0.483559023040134
20 0.43641348914406 0.4586753236206337
30 0.4073977894062696 0.43782965878402225
40 0.3926176155360038 0.42791579488655646
50 0.3856845991224041 0.42468800898482784
60 0.38249556926690703 0.42399594532841384
70 0.3809154312983086 0.42411344239194954
80 0.3800452365457402 0.4244128813749088
90 0.37950225830314444 0.42467321238806344
100 0.3791144907859589 0.42482611439621765
================================================================================
=                                   round 3                                    =
================================================================================
1 0.4890994494757293 0.4895247988432136
2 0.48848971379675576 0.4890429174396065
3 0.48798137574616496 0.48868670285654964
4 0.4873539057926207 0.48826419432832296
5 0.4865519031425527 0.4877414957581602
6 0.48551939073420003 0.4870862231462525
7 0.4841972886300742 0.48626441041009827
8 0.4825277295824871 0.48524293686556463
9 0.48046108707186624 0.48399364253717037
10 0.47796486635895374 0.4824986471621154
20 0.4404492268822894 0.46049381099933356
30 0.41546243138201133 0.4435252764312064
40 0.4038131748983298 0.43670176565356966
50 0.39940435625242315 0.4353782029974598
60 0.39761229541392684 0.43520697304136696
70 0.39673355228300966 0.4351923523517816
80 0.39620199605394113 0.4351194293375995
90 0.39581222942002064 0.43496128757397845
100 0.395483054502434 0.4347363538865817
200 0.3927682513896019 0.43197090566429175
300 0.39081311795766394 0.4301426935496004
400 0.38922378921014067 0.4279272140186035
500 0.38755555254762075 0.4262202156353495
600 0.38624907473182246 0.42573551015853944
700 0.38516187053574624 0.42552862370338096
800 0.3842398209591826 0.4254301228674766
900 0.38345367709969064 0.4253909147152982
1000 0.3827797678276713 0.4253881626616951
================================================================================
=                                   round 4                                    =
================================================================================
1 0.4879740157344255 0.4923513852379786
2 0.48734021415628603 0.4921314581215871
3 0.48679671182108675 0.4919546402517649
4 0.48613232989672894 0.4917428537306958
5 0.4852924817870254 0.49147813594173323
6 0.484223043457117 0.49114239343533567
7 0.48286901074877314 0.4907166256763239
8 0.4811795319851125 0.4901824201246554
9 0.4791150240612575 0.48952437589607334
10 0.4766549708499815 0.4887330911388627
20 0.44142777116285487 0.476294826407706
30 0.4179614700839656 0.4607775185276744
40 0.40636468965668837 0.45142769259637816
50 0.40144088081448165 0.44780055668088153
60 0.39921936687532183 0.44600030301122096
70 0.39807193472970237 0.44511803207173634
80 0.39739804768419285 0.4446555341179436
90 0.3969460042184106 0.44432791792191495
100 0.3966010882191853 0.4440166311719247
200 0.39409255791278486 0.43965112839641984
300 0.39203251982432347 0.43566463645275155
400 0.3904898985005222 0.43293536261698184
500 0.3893025643107454 0.43111452739384815
600 0.3883306434360923 0.42988213136727355
700 0.3874998297338251 0.429027302994222
800 0.3867731751542582 0.42841583700032876
900 0.38612991621390963 0.4279652767950915
1000 0.3855560103959417 0.4276272259158987
2000 0.38196557410999593 0.42700238245716726
3000 0.38001835717209426 0.4280514548619369
================================================================================
=                                   round 5                                    =
================================================================================
1 0.4897991794783596 0.4918203771744125
2 0.48918248626169214 0.49136501995562676
3 0.48875073588030327 0.49105297509145224
4 0.48826443224314575 0.4907030920165159
5 0.4876952514149 0.49029371756529433
6 0.48702146581117856 0.48980709171678366
7 0.48622264262808884 0.4892249935106483
8 0.4852804326072761 0.48852898940022016
9 0.4841796546513835 0.4877010034410278
10 0.4829092834361542 0.48672400496979484
20 0.4615339147082098 0.4668546108587852
30 0.43468799531769825 0.4381870801600264
40 0.41730470129351216 0.424786653131132
50 0.40979240124751265 0.4206674996743517
60 0.40656674399427334 0.4188250279042839
70 0.40487498085170676 0.4175752774183291
80 0.4038177046757924 0.4165054614113996
90 0.40307302838433534 0.41556342619926273
100 0.4024952436998259 0.4147381472461655
200 0.3987919941747448 0.41016435137613977
300 0.39554787276954584 0.4163315950322561
400 0.3909095967993582 0.41570337697433124
================================================================================
=                                   round 6                                    =
================================================================================
1 0.48952574030443957 0.4867236689861075
2 0.48932123507185665 0.48642022779807353
3 0.4891253679829534 0.48618662271773877
4 0.48889915026675623 0.4859214854883914
5 0.4886287850599216 0.4856083678898167
6 0.48829911845878843 0.48523083926136695
7 0.4878927823034369 0.48477012853402845
8 0.4873900765564165 0.48420491993743775
9 0.4867692123795419 0.4835115349935381
10 0.48600704806739353 0.4826646007198795
20 0.4681685736588837 0.46267276798688095
30 0.44568660779426666 0.43649883125372096
40 0.4337557799401687 0.4227662895067368
50 0.42899156335992955 0.4168003859811352
60 0.42721638069220524 0.41344704885610856
70 0.4264189497187456 0.41120354357444194
80 0.425939117597527 0.40962094761417256
90 0.42556594470948805 0.4084641209404071
100 0.42522709546278964 0.4075782754015314
200 0.42121081263522164 0.40289301308445236
300 0.41484260423466757 0.4060615270495086
================================================================================
=                                   round 7                                    =
================================================================================
1 0.4832767654641176 0.483023436298678
2 0.4830048165237382 0.4828822881691042
3 0.4825664405565953 0.4825931978183505
4 0.48205097000470193 0.48224526592702793
5 0.481432591073462 0.48181927440127276
6 0.48068019317038196 0.48129033524284887
7 0.47976099209865325 0.48063110291374356
8 0.47864160784622667 0.47981250022196803
9 0.4772897922358533 0.47880508572141967
10 0.4756768704815305 0.47758121477046084
20 0.44664400036351587 0.45374071906008334
30 0.42181134402804477 0.4293645365821302
40 0.4105898816865867 0.4139595990131744
50 0.40626024272449174 0.4048673998515969
60 0.4045185701331455 0.39937700786203356
70 0.40366401650065115 0.3958556729528483
80 0.4031355837975435 0.3935001432748143
90 0.4027334625245938 0.39187369855360543
100 0.4023809930843729 0.3907093537126579
200 0.39931708964794677 0.38542027213227414
300 0.3971869617133592 0.381742696548536
400 0.3959603705672389 0.3792068408808294
500 0.39526722854159985 0.3776014104064399
600 0.394863262505682 0.3766321091142177
700 0.3946185955934208 0.37607037236577906
800 0.3944641885649436 0.3757407997976501
900 0.39436226798645035 0.37552608018772954
1000 0.3942920799959092 0.37536490340586737
2000 0.39411082945707726 0.37449000375342395
3000 0.3941120499575189 0.3740523258356094
4000 0.39413029584780035 0.373780978527393
5000 0.39414895138320205 0.3735994516025216
6000 0.3941649831291779 0.37347225696194414
7000 0.3941780790431147 0.37338021926184406
8000 0.3941885825052092 0.37331205666113815
9000 0.3941969487421294 0.37326070090005425
10000 0.3942035970125994 0.3732215033891157
================================================================================
=                                   round 8                                    =
================================================================================
1 0.4902180080198518 0.48287101015885003
2 0.4900998926654804 0.4827207946849166
3 0.4897624935365222 0.48253708996703976
4 0.489354007501218 0.48231751843052545
5 0.48885229214880405 0.4820476731466559
6 0.48822831020088153 0.48171052565483286
7 0.48745117799472226 0.48128691356690984
8 0.4864898362699679 0.48075601759320313
9 0.4853155575582863 0.4800964525507115
10 0.48390517635095104 0.4792880358043667
20 0.4595051546457313 0.4629151313123765
30 0.43781253710561974 0.442529115923166
40 0.42671295019190114 0.4276402635672148
50 0.4219375418668111 0.4190138367582924
60 0.419856652682583 0.414078370111915
70 0.41873357144713486 0.4108881491687099
80 0.41796582370033375 0.4086126439236394
90 0.41734305967645763 0.4068968307874562
100 0.41678447548657843 0.40555161113838983
200 0.41234636643274525 0.398198291889634
300 0.40996874269208405 0.39375828289842435
400 0.408827313352217 0.39126210284214363
500 0.40821595913129066 0.3899257590991649
600 0.4078428689116699 0.3892359932086252
700 0.4075905416479323 0.38890461533188725
800 0.4074070573199124 0.3887676532957809
900 0.4072667094874896 0.3887324754791061
1000 0.4071554520933835 0.3887489905457153
================================================================================
=                                   round 9                                    =
================================================================================
1 0.4959709391183547 0.47675081387532436
2 0.49595926396075085 0.4764350567605667
3 0.49569733734698385 0.47630920863486864
4 0.49536162189808824 0.4761755406434617
5 0.4949253840766985 0.4760240088049264
6 0.4943515189781842 0.47584806193251955
7 0.49359764540981893 0.4756401620454375
8 0.4926184104150336 0.4753911885145279
9 0.4913697669706791 0.4750898317058147
10 0.4898149311828197 0.47472202104683353
20 0.46047928323146947 0.4633706575737596
30 0.432205698321324 0.4388901613250596
40 0.41749141370894977 0.42295535263325224
50 0.41185476358363327 0.4151008398233594
60 0.40963812251642573 0.41060437512537057
70 0.4084927293849274 0.407348595380333
80 0.4077307335804266 0.4046960796193604
90 0.4071417802060478 0.40247756789607964
100 0.40664476099225244 0.40062262368718354
200 0.4028941265975521 0.391151412733405
300 0.4005923010645801 0.3853804771165963
400 0.3993346781018638 0.3807174981663724
500 0.39842504514636035 0.37580398881461585
600 0.39758231549120815 0.3720167955557802
700 0.39686007176367377 0.3697931529619802
800 0.3962497543003333 0.3683623180468147
900 0.3957323490352718 0.36732901292154996
1000 0.395291234114735 0.3665158161361007
2000 0.3930427927767794 0.36248498881039076
3000 0.39215754366844935 0.3606463348337622
4000 0.39158779403405525 0.3592948173390513
5000 0.39115168176235043 0.3583114721927336
6000 0.390801751478431 0.35764265024009434
7000 0.39051350504970134 0.3571995450593716
8000 0.39027233273540524 0.35691121217608845
9000 0.39006884996244806 0.3567298844368712
10000 0.38989603911444604 0.3566224017710364
================================================================================
=                                   round 10                                   =
================================================================================
1 0.4900562851302208 0.48995196262291674
2 0.48992938208355075 0.490085635112382
3 0.48960776466605577 0.49006726499370673
4 0.48920951537138335 0.4900332394375433
5 0.4887064117103907 0.48998129580491007
6 0.48806209912726717 0.48990400911287674
7 0.48723630830438663 0.4897921505550851
8 0.4861870120836622 0.48963473341168107
9 0.48487419258668896 0.4894194129634394
10 0.4832650195397826 0.48913352127881543
20 0.45476515082989477 0.48191751937832716
30 0.4296536459040873 0.46897016867792707
40 0.4147883695010716 0.4578750199664146
50 0.40752452854245436 0.4527058999550972
60 0.4037832014723352 0.4506184467082307
70 0.40145816320012007 0.44960748347711754
80 0.39979928926291264 0.44885140229708187
90 0.3985971502900344 0.4479851401254794
100 0.3977427846349644 0.44699368073436213
200 0.39330071588749377 0.4368898179126364
300 0.38988173791791697 0.42939086041123137
400 0.3878326999014414 0.42489667061994274
500 0.386574149144113 0.42202488921296355
600 0.38571926428919523 0.4200524163394689
700 0.38508277625044546 0.41861232761851624
800 0.3845749819082161 0.41750806698634424
900 0.3841501145755431 0.41662442322113985
1000 0.3837832346699781 0.4158880056759304
2000 0.381564667341716 0.41120031806208335
3000 0.38046162331160155 0.4085404488627001
4000 0.37981766042715026 0.40699993060600764
5000 0.3794074562152997 0.40605301168912084
6000 0.3791282880734179 0.4054365943063258
7000 0.37892801824912997 0.40501617639052734
8000 0.3787781488357321 0.4047186496804588
9000 0.3786621033064964 0.4045019035811408
10000 0.3785697103306086 0.40434041238367296
################################################################################
#                                    setup                                     #
################################################################################
min_iteration : 100
max_iteration : 10000
update_ratio : 0.1
hidden_layer : 1
hidden_layer_width : 8
################################################################################
#                                   summary                                    #
################################################################################
+-------+-------+------+-------+-------+-------+----------+-------+
| round | learn | test | train | valid | i     | MSE      | error |
+-------+-------+------+-------+-------+-------+----------+-------+
|     1 |   310 |   35 |   207 |   103 |  1147 | 0.416198 |    11 |
|     2 |   310 |   35 |   207 |   103 |    62 | 0.423984 |    14 |
|     3 |   310 |   35 |   207 |   103 |   958 | 0.425386 |    11 |
|     4 |   310 |   35 |   207 |   103 |  1644 | 0.426879 |     9 |
|     5 |   310 |   35 |   207 |   103 |   236 | 0.409721 |    13 |
|     6 |   311 |   34 |   208 |   103 |   195 | 0.402867 |     9 |
|     7 |   311 |   34 |   208 |   103 | 10000 | 0.373222 |    13 |
|     8 |   311 |   34 |   208 |   103 |   907 | 0.388732 |     9 |
|     9 |   311 |   34 |   208 |   103 | 10000 | 0.356622 |    14 |
|    10 |   311 |   34 |   208 |   103 | 10000 |  0.40434 |     8 |
+-------+-------+------+-------+-------+-------+----------+-------+
################################################################################
#                                  statistics                                  #
################################################################################
+-----+--------+----------+-----+--------------+
|     | i      | accuracy | SE  | 95% CI       |
+-----+--------+----------+-----+--------------+
| ann | 3514.9 |     67.8 | 6.2 | (54.0, 81.7) |
+-----+--------+----------+-----+--------------+
