================================================================================
=                                   round 1                                    =
================================================================================
Feature weighting:
cap-shape : 0.047511666854699035
cap-surface : 0.029538141385294647
cap-color : 0.03625328919897622
bruises? : 0.19148283162662816
odor : 0.9053865944003989
gill-attachment : 0.014017018233734628
gill-spacing : 0.10262562268139697
gill-size : 0.22577434786629547
gill-color : 0.4169616109993824
stalk-shape : 0.007451883344002486
stalk-root : 0.13470898192992642
stalk-surface-above-ring : 0.287189512327273
stalk-surface-below-ring : 0.27764623757054535
stalk-color-above-ring : 0.25277631802391665
stalk-color-below-ring : 0.2417493177572953
veil-type : 0.0
veil-color : 0.023260917781713686
ring-number : 0.038059515821342774
ring-type : 0.317365943919299
spore-print-color : 0.4822383053004061
population : 0.19927647704566198
habitat : 0.15747166338004145
================================================================================
=                                   round 2                                    =
================================================================================
Feature weighting:
cap-shape : 0.0483425999221003
cap-surface : 0.027862884903678276
cap-color : 0.03645890289269358
bruises? : 0.19222147138244328
odor : 0.906255047777963
gill-attachment : 0.013930678100796597
gill-spacing : 0.09998797175820073
gill-size : 0.2287566207585443
gill-color : 0.42055963586516093
stalk-shape : 0.007591786478520657
stalk-root : 0.13928429041221285
stalk-surface-above-ring : 0.28671291443967084
stalk-surface-below-ring : 0.2710733820544831
stalk-color-above-ring : 0.2502548054692505
stalk-color-below-ring : 0.24155949554152098
veil-type : 0.0
veil-color : 0.023057537628030533
ring-number : 0.03683033378995085
ring-type : 0.31721543075962993
spore-print-color : 0.4829162336150672
population : 0.20357951149757658
habitat : 0.15659151287072218
================================================================================
=                                   round 3                                    =
================================================================================
Feature weighting:
cap-shape : 0.050477218094298844
cap-surface : 0.02851731529601792
cap-color : 0.03542433229983223
bruises? : 0.19366241184604194
odor : 0.9094075360178974
gill-attachment : 0.014651397187643076
gill-spacing : 0.10071138848273113
gill-size : 0.2346198920121746
gill-color : 0.4171189793173805
stalk-shape : 0.006190391499487968
stalk-root : 0.13594467024831694
stalk-surface-above-ring : 0.2821629815593257
stalk-surface-below-ring : 0.2709783317944298
stalk-color-above-ring : 0.25469004039225046
stalk-color-below-ring : 0.23806008208375354
veil-type : 0.0
veil-color : 0.024782293536168565
ring-number : 0.040070374704788636
ring-type : 0.31630428984242304
spore-print-color : 0.47935995424773686
population : 0.20418587920458772
habitat : 0.1597088788895123
================================================================================
=                                   round 4                                    =
================================================================================
Feature weighting:
cap-shape : 0.049518895709848354
cap-surface : 0.02918035657934004
cap-color : 0.037526843927107846
bruises? : 0.19450113251375378
odor : 0.904115736701332
gill-attachment : 0.014616082391900088
gill-spacing : 0.09829473430337485
gill-size : 0.2301284564687377
gill-color : 0.4196294125101219
stalk-shape : 0.007263528205998182
stalk-root : 0.13473347753934758
stalk-surface-above-ring : 0.28515784459323007
stalk-surface-below-ring : 0.27408060070936
stalk-color-above-ring : 0.2559278612955506
stalk-color-below-ring : 0.24225707413952288
veil-type : 0.0
veil-color : 0.024228411258925053
ring-number : 0.037361783208204144
ring-type : 0.3203395858336399
spore-print-color : 0.48172572627890003
population : 0.20132871072626649
habitat : 0.1539566106408996
================================================================================
=                                   round 5                                    =
================================================================================
Feature weighting:
cap-shape : 0.049707092375698265
cap-surface : 0.028760467316023275
cap-color : 0.03447621455836304
bruises? : 0.2011877298586573
odor : 0.9072422322606187
gill-attachment : 0.013085701117712957
gill-spacing : 0.09880968620614981
gill-size : 0.2332626438843799
gill-color : 0.4179243741836104
stalk-shape : 0.007641381452810347
stalk-root : 0.13537883020729702
stalk-surface-above-ring : 0.28726556453918856
stalk-surface-below-ring : 0.27224734484791324
stalk-color-above-ring : 0.2561675459845104
stalk-color-below-ring : 0.24590764693953135
veil-type : 0.0
veil-color : 0.02334860248785242
ring-number : 0.04026717886044678
ring-type : 0.3250982094179049
spore-print-color : 0.4830080548774339
population : 0.20290417417206533
habitat : 0.15728057919388785
================================================================================
=                                   round 6                                    =
================================================================================
Feature weighting:
cap-shape : 0.04798714960120998
cap-surface : 0.028269571971058838
cap-color : 0.03445703563530199
bruises? : 0.18999104506291364
odor : 0.9029633639481159
gill-attachment : 0.014296831242334353
gill-spacing : 0.0998649704234478
gill-size : 0.23418547220190644
gill-color : 0.4148474485044699
stalk-shape : 0.0072038502181468456
stalk-root : 0.13401748745694325
stalk-surface-above-ring : 0.2798877228295184
stalk-surface-below-ring : 0.26975602983802716
stalk-color-above-ring : 0.25016609901516
stalk-color-below-ring : 0.23927015482305308
veil-type : 0.0
veil-color : 0.02361498203061574
ring-number : 0.03809431445844504
ring-type : 0.31356521027787015
spore-print-color : 0.47565608519751934
population : 0.20235921825875522
habitat : 0.15831204633351745
================================================================================
=                                   round 7                                    =
================================================================================
Feature weighting:
cap-shape : 0.04834444452020363
cap-surface : 0.02999885515839401
cap-color : 0.03664073914010679
bruises? : 0.191168009932979
odor : 0.9062928683588316
gill-attachment : 0.014159385952063331
gill-spacing : 0.10283479904705836
gill-size : 0.226397303184378
gill-color : 0.4141164452829125
stalk-shape : 0.008357065661688368
stalk-root : 0.1331071308639864
stalk-surface-above-ring : 0.2866876651159581
stalk-surface-below-ring : 0.2716692091875036
stalk-color-above-ring : 0.25483706739839596
stalk-color-below-ring : 0.24058185649610916
veil-type : 0.0
veil-color : 0.0236899449739697
ring-number : 0.03839510574959637
ring-type : 0.3173422583960247
spore-print-color : 0.47939732841389054
population : 0.20310752069985377
habitat : 0.1599260125469294
================================================================================
=                                   round 8                                    =
================================================================================
Feature weighting:
cap-shape : 0.04785980871848053
cap-surface : 0.02801269347972546
cap-color : 0.03559673171661501
bruises? : 0.18808283181006835
odor : 0.9102256183564903
gill-attachment : 0.015161859203334887
gill-spacing : 0.10421309872983402
gill-size : 0.22802477121614273
gill-color : 0.4188270249532768
stalk-shape : 0.007232191553571354
stalk-root : 0.13373324947637208
stalk-surface-above-ring : 0.28330756548158775
stalk-surface-below-ring : 0.26897661882480034
stalk-color-above-ring : 0.2537511243485704
stalk-color-below-ring : 0.23906778433069076
veil-type : 0.0
veil-color : 0.024297696208284814
ring-number : 0.03961479800071273
ring-type : 0.3169646923067576
spore-print-color : 0.48355476886555054
population : 0.19988981399812814
habitat : 0.15485548864582524
================================================================================
=                                   round 9                                    =
================================================================================
Feature weighting:
cap-shape : 0.050887834823459335
cap-surface : 0.028509802779596638
cap-color : 0.037947407611688064
bruises? : 0.19133321964228744
odor : 0.9053436559605353
gill-attachment : 0.013663254128367247
gill-spacing : 0.10254216966829838
gill-size : 0.2278499066984957
gill-color : 0.41664812060777934
stalk-shape : 0.0076203901653852935
stalk-root : 0.13388142618805068
stalk-surface-above-ring : 0.28272131846823245
stalk-surface-below-ring : 0.2695842801055371
stalk-color-above-ring : 0.25408516012287075
stalk-color-below-ring : 0.24194659418646902
veil-type : 0.0
veil-color : 0.02366353528467735
ring-number : 0.03811372483461522
ring-type : 0.3193653007437941
spore-print-color : 0.48094763312286254
population : 0.2013995860203841
habitat : 0.15600724565929316
================================================================================
=                                   round 10                                   =
================================================================================
Feature weighting:
cap-shape : 0.04757098136930879
cap-surface : 0.02736234260779785
cap-color : 0.03622701921011632
bruises? : 0.19028997646231782
odor : 0.9033662895658426
gill-attachment : 0.01413556705441682
gill-spacing : 0.09903251832310053
gill-size : 0.23257112517404155
gill-color : 0.41375159188594085
stalk-shape : 0.00876532971087407
stalk-root : 0.13353510510799
stalk-surface-above-ring : 0.2864617515508347
stalk-surface-below-ring : 0.2732062367498091
stalk-color-above-ring : 0.2558758766877053
stalk-color-below-ring : 0.24385786973623635
veil-type : 0.0
veil-color : 0.02423450340447164
ring-number : 0.03779224412573122
ring-type : 0.31677855541297206
spore-print-color : 0.47840113516025085
population : 0.2017359930846302
habitat : 0.1545515475046892
################################################################################
#                                    setup                                     #
################################################################################
k : 1
distance-weighting : false
feature-weighting : true
PCA : false
PCA-energy-ratio : 0.9
NTGrowth : false
NTGrowth-drop-ratio : 0.75
################################################################################
#                                   summary                                    #
################################################################################
+-------+-------+------+-------+
| round | learn | test | error |
+-------+-------+------+-------+
|     1 |  7311 |  813 |     0 |
|     2 |  7311 |  813 |     0 |
|     3 |  7311 |  813 |     0 |
|     4 |  7311 |  813 |     0 |
|     5 |  7312 |  812 |     0 |
|     6 |  7312 |  812 |     0 |
|     7 |  7312 |  812 |     0 |
|     8 |  7312 |  812 |     0 |
|     9 |  7312 |  812 |     0 |
|    10 |  7312 |  812 |     0 |
+-------+-------+------+-------+
################################################################################
#                                  statistics                                  #
################################################################################
+-----+----------+-----+----------------+
|     | accuracy | SE  | 95% CI         |
+-----+----------+-----+----------------+
| knn |    100.0 | 0.0 | (100.0, 100.0) |
+-----+----------+-----+----------------+
