================================================================================
=                                   round 1                                    =
================================================================================
# of learning examples = 8
# of pruning examples = 4
# of test examples = 2
------------------------------- before pruning: --------------------------------
# of error = 1
error rate = 0.5
ID3 (4 leaves)
 `- root [3 No, 5 Yes]
     |- Humidity=High [3 No, 2 Yes]
     |   |- Outlook=Overcast, class=Yes [0 No, 2 Yes]
     |   |- Outlook=Sunny, class=No [2 No, 0 Yes]
     |   `- Outlook=Rain, class=No [1 No, 0 Yes]
     `- Humidity=Normal, class=Yes [0 No, 3 Yes]
-------------------------------- after pruning: --------------------------------
# of error = 1
error rate = 0.5
ID3 (4 leaves)
 `- root [3 No, 5 Yes]
     |- Humidity=High [3 No, 2 Yes]
     |   |- Outlook=Overcast, class=Yes [0 No, 2 Yes]
     |   |- Outlook=Sunny, class=No [2 No, 0 Yes]
     |   `- Outlook=Rain, class=No [1 No, 0 Yes]
     `- Humidity=Normal, class=Yes [0 No, 3 Yes]
----------------------------- majority classifier ------------------------------
# of error = 0
error rate = 0.0
Majority (class = Yes)
================================================================================
=                                   round 2                                    =
================================================================================
# of learning examples = 8
# of pruning examples = 4
# of test examples = 2
------------------------------- before pruning: --------------------------------
# of error = 0
error rate = 0.0
ID3 (5 leaves)
 `- root [2 No, 6 Yes]
     |- Humidity=High [2 No, 3 Yes]
     |   |- Outlook=Overcast, class=Yes [0 No, 2 Yes]
     |   |- Outlook=Sunny, class=No [1 No, 0 Yes]
     |   `- Outlook=Rain [1 No, 1 Yes]
     |       |- Wind=Weak, class=Yes [0 No, 1 Yes]
     |       `- Wind=Strong, class=No [1 No, 0 Yes]
     `- Humidity=Normal, class=Yes [0 No, 3 Yes]
-------------------------------- after pruning: --------------------------------
# of error = 0
error rate = 0.0
ID3 (5 leaves)
 `- root [2 No, 6 Yes]
     |- Humidity=High [2 No, 3 Yes]
     |   |- Outlook=Overcast, class=Yes [0 No, 2 Yes]
     |   |- Outlook=Sunny, class=No [1 No, 0 Yes]
     |   `- Outlook=Rain [1 No, 1 Yes]
     |       |- Wind=Weak, class=Yes [0 No, 1 Yes]
     |       `- Wind=Strong, class=No [1 No, 0 Yes]
     `- Humidity=Normal, class=Yes [0 No, 3 Yes]
----------------------------- majority classifier ------------------------------
# of error = 1
error rate = 0.5
Majority (class = Yes)
================================================================================
=                                   round 3                                    =
================================================================================
# of learning examples = 8
# of pruning examples = 4
# of test examples = 2
------------------------------- before pruning: --------------------------------
# of error = 0
error rate = 0.0
ID3 (5 leaves)
 `- root [2 No, 6 Yes]
     |- Outlook=Overcast, class=Yes [0 No, 3 Yes]
     |- Outlook=Sunny [1 No, 1 Yes]
     |   |- Humidity=Normal, class=Yes [0 No, 1 Yes]
     |   `- Humidity=High, class=No [1 No, 0 Yes]
     `- Outlook=Rain [1 No, 2 Yes]
         |- Wind=Weak, class=Yes [0 No, 2 Yes]
         `- Wind=Strong, class=No [1 No, 0 Yes]
-------------------------------- after pruning: --------------------------------
# of error = 0
error rate = 0.0
ID3 (5 leaves)
 `- root [2 No, 6 Yes]
     |- Outlook=Overcast, class=Yes [0 No, 3 Yes]
     |- Outlook=Sunny [1 No, 1 Yes]
     |   |- Humidity=Normal, class=Yes [0 No, 1 Yes]
     |   `- Humidity=High, class=No [1 No, 0 Yes]
     `- Outlook=Rain [1 No, 2 Yes]
         |- Wind=Weak, class=Yes [0 No, 2 Yes]
         `- Wind=Strong, class=No [1 No, 0 Yes]
----------------------------- majority classifier ------------------------------
# of error = 1
error rate = 0.5
Majority (class = Yes)
================================================================================
=                                   round 4                                    =
================================================================================
# of learning examples = 8
# of pruning examples = 4
# of test examples = 2
------------------------------- before pruning: --------------------------------
# of error = 0
error rate = 0.0
ID3 (5 leaves)
 `- root [2 No, 6 Yes]
     |- Humidity=High [2 No, 2 Yes]
     |   |- Outlook=Overcast, class=Yes [0 No, 1 Yes]
     |   |- Outlook=Sunny, class=No [1 No, 0 Yes]
     |   `- Outlook=Rain [1 No, 1 Yes]
     |       |- Wind=Weak, class=Yes [0 No, 1 Yes]
     |       `- Wind=Strong, class=No [1 No, 0 Yes]
     `- Humidity=Normal, class=Yes [0 No, 4 Yes]
-------------------------------- after pruning: --------------------------------
# of error = 0
error rate = 0.0
ID3 (5 leaves)
 `- root [2 No, 6 Yes]
     |- Humidity=High [2 No, 2 Yes]
     |   |- Outlook=Overcast, class=Yes [0 No, 1 Yes]
     |   |- Outlook=Sunny, class=No [1 No, 0 Yes]
     |   `- Outlook=Rain [1 No, 1 Yes]
     |       |- Wind=Weak, class=Yes [0 No, 1 Yes]
     |       `- Wind=Strong, class=No [1 No, 0 Yes]
     `- Humidity=Normal, class=Yes [0 No, 4 Yes]
----------------------------- majority classifier ------------------------------
# of error = 0
error rate = 0.0
Majority (class = Yes)
================================================================================
=                                   round 5                                    =
================================================================================
# of learning examples = 9
# of pruning examples = 4
# of test examples = 1
------------------------------- before pruning: --------------------------------
# of error = 0
error rate = 0.0
ID3 (4 leaves)
 `- root [3 No, 6 Yes]
     |- Outlook=Overcast, class=Yes [0 No, 3 Yes]
     |- Outlook=Sunny, class=No [2 No, 0 Yes]
     `- Outlook=Rain [1 No, 3 Yes]
         |- Wind=Weak, class=Yes [0 No, 3 Yes]
         `- Wind=Strong, class=No [1 No, 0 Yes]
-------------------------------- after pruning: --------------------------------
# of error = 0
error rate = 0.0
ID3 (1 leaves)
 `- root, class=Yes [3 No, 6 Yes]
----------------------------- majority classifier ------------------------------
# of error = 0
error rate = 0.0
Majority (class = Yes)
================================================================================
=                                   round 6                                    =
================================================================================
# of learning examples = 9
# of pruning examples = 4
# of test examples = 1
------------------------------- before pruning: --------------------------------
# of error = 1
error rate = 1.0
ID3 (3 leaves)
 `- root [2 No, 7 Yes]
     |- Outlook=Overcast, class=Yes [0 No, 4 Yes]
     |- Outlook=Sunny, class=No [2 No, 0 Yes]
     `- Outlook=Rain, class=Yes [0 No, 3 Yes]
-------------------------------- after pruning: --------------------------------
# of error = 1
error rate = 1.0
ID3 (1 leaves)
 `- root, class=Yes [2 No, 7 Yes]
----------------------------- majority classifier ------------------------------
# of error = 1
error rate = 1.0
Majority (class = Yes)
================================================================================
=                                   round 7                                    =
================================================================================
# of learning examples = 9
# of pruning examples = 4
# of test examples = 1
------------------------------- before pruning: --------------------------------
# of error = 0
error rate = 0.0
ID3 (4 leaves)
 `- root [3 No, 6 Yes]
     |- Outlook=Overcast, class=Yes [0 No, 4 Yes]
     |- Outlook=Sunny, class=No [2 No, 0 Yes]
     `- Outlook=Rain [1 No, 2 Yes]
         |- Wind=Weak, class=Yes [0 No, 2 Yes]
         `- Wind=Strong, class=No [1 No, 0 Yes]
-------------------------------- after pruning: --------------------------------
# of error = 0
error rate = 0.0
ID3 (1 leaves)
 `- root, class=Yes [3 No, 6 Yes]
----------------------------- majority classifier ------------------------------
# of error = 0
error rate = 0.0
Majority (class = Yes)
================================================================================
=                                   round 8                                    =
================================================================================
# of learning examples = 9
# of pruning examples = 4
# of test examples = 1
------------------------------- before pruning: --------------------------------
# of error = 0
error rate = 0.0
ID3 (4 leaves)
 `- root [2 No, 7 Yes]
     |- Outlook=Overcast, class=Yes [0 No, 4 Yes]
     |- Outlook=Sunny, class=No [1 No, 0 Yes]
     `- Outlook=Rain [1 No, 3 Yes]
         |- Wind=Weak, class=Yes [0 No, 3 Yes]
         `- Wind=Strong, class=No [1 No, 0 Yes]
-------------------------------- after pruning: --------------------------------
# of error = 1
error rate = 1.0
ID3 (1 leaves)
 `- root, class=Yes [2 No, 7 Yes]
----------------------------- majority classifier ------------------------------
# of error = 1
error rate = 1.0
Majority (class = Yes)
================================================================================
=                                   round 9                                    =
================================================================================
# of learning examples = 9
# of pruning examples = 4
# of test examples = 1
------------------------------- before pruning: --------------------------------
# of error = 0
error rate = 0.0
ID3 (4 leaves)
 `- root [2 No, 7 Yes]
     |- Outlook=Overcast, class=Yes [0 No, 4 Yes]
     |- Outlook=Sunny, class=No [1 No, 0 Yes]
     `- Outlook=Rain [1 No, 3 Yes]
         |- Wind=Weak, class=Yes [0 No, 3 Yes]
         `- Wind=Strong, class=No [1 No, 0 Yes]
-------------------------------- after pruning: --------------------------------
# of error = 1
error rate = 1.0
ID3 (1 leaves)
 `- root, class=Yes [2 No, 7 Yes]
----------------------------- majority classifier ------------------------------
# of error = 1
error rate = 1.0
Majority (class = Yes)
================================================================================
=                                   round 10                                   =
================================================================================
# of learning examples = 9
# of pruning examples = 4
# of test examples = 1
------------------------------- before pruning: --------------------------------
# of error = 1
error rate = 1.0
ID3 (4 leaves)
 `- root [2 No, 7 Yes]
     |- Outlook=Overcast, class=Yes [0 No, 4 Yes]
     |- Outlook=Sunny, class=No [1 No, 0 Yes]
     `- Outlook=Rain [1 No, 3 Yes]
         |- Wind=Weak, class=Yes [0 No, 3 Yes]
         `- Wind=Strong, class=No [1 No, 0 Yes]
-------------------------------- after pruning: --------------------------------
# of error = 1
error rate = 1.0
ID3 (4 leaves)
 `- root [2 No, 7 Yes]
     |- Outlook=Overcast, class=Yes [0 No, 4 Yes]
     |- Outlook=Sunny, class=No [1 No, 0 Yes]
     `- Outlook=Rain [1 No, 3 Yes]
         |- Wind=Weak, class=Yes [0 No, 3 Yes]
         `- Wind=Strong, class=No [1 No, 0 Yes]
----------------------------- majority classifier ------------------------------
# of error = 0
error rate = 0.0
Majority (class = Yes)
################################################################################
#                                   summary                                    #
################################################################################
+-------+-------+-------+------+---------+---------+-------+-------+----------+
| round | learn | prune | test | leaf    | error   | leaf  | error | error    |
|       |       |       |      | (orig.) | (orig.) | (pr.) | (pr.) | (major.) |
+-------+-------+-------+------+---------+---------+-------+-------+----------+
|     1 |     8 |     4 |    2 |       4 |       1 |     4 |     1 |        0 |
|     2 |     8 |     4 |    2 |       5 |       0 |     5 |     0 |        1 |
|     3 |     8 |     4 |    2 |       5 |       0 |     5 |     0 |        1 |
|     4 |     8 |     4 |    2 |       5 |       0 |     5 |     0 |        0 |
|     5 |     9 |     4 |    1 |       4 |       0 |     1 |     0 |        0 |
|     6 |     9 |     4 |    1 |       3 |       1 |     1 |     1 |        1 |
|     7 |     9 |     4 |    1 |       4 |       0 |     1 |     0 |        0 |
|     8 |     9 |     4 |    1 |       4 |       0 |     1 |     1 |        1 |
|     9 |     9 |     4 |    1 |       4 |       0 |     1 |     1 |        1 |
|    10 |     9 |     4 |    1 |       4 |       1 |     4 |     1 |        0 |
+-------+-------+-------+------+---------+---------+-------+-------+----------+
################################################################################
#                                  statistics                                  #
################################################################################
+----------+------+----------+------+--------------+
|          | leaf | accuracy | SE   | 95% CI       |
+----------+------+----------+------+--------------+
|   before |  4.2 |     75.0 | 40.3 | (0.0, 100.0) |
|    after |  2.8 |     55.0 | 47.2 | (0.0, 100.0) |
| majority |  N/A |     60.0 | 43.6 | (0.0, 100.0) |
+----------+------+----------+------+--------------+
