================================================================================
=                                   round 1                                    =
================================================================================
================================================================================
=                                   round 2                                    =
================================================================================
================================================================================
=                                   round 3                                    =
================================================================================
================================================================================
=                                   round 4                                    =
================================================================================
================================================================================
=                                   round 5                                    =
================================================================================
================================================================================
=                                   round 6                                    =
================================================================================
================================================================================
=                                   round 7                                    =
================================================================================
================================================================================
=                                   round 8                                    =
================================================================================
================================================================================
=                                   round 9                                    =
================================================================================
================================================================================
=                                   round 10                                   =
================================================================================
################################################################################
#                                    setup                                     #
################################################################################
k : -1
distance-weighting : true
PCA : false
PCA-energy-ratio : 0.9
################################################################################
#                                   summary                                    #
################################################################################
+-------+-------+------+----------+-------+
| round | learn | test | NTGrowth | error |
+-------+-------+------+----------+-------+
|     1 |  3759 |  418 |     3759 |   418 |
|     2 |  3759 |  418 |     3759 |   418 |
|     3 |  3759 |  418 |     3759 |   418 |
|     4 |  3759 |  418 |     3759 |   418 |
|     5 |  3759 |  418 |     3759 |   418 |
|     6 |  3759 |  418 |     3759 |   418 |
|     7 |  3759 |  418 |     3759 |   418 |
|     8 |  3760 |  417 |     3760 |   417 |
|     9 |  3760 |  417 |     3760 |   417 |
|    10 |  3760 |  417 |     3760 |   417 |
+-------+-------+------+----------+-------+
################################################################################
#                                  statistics                                  #
################################################################################
+-----+----------+-----+------------+
|     | accuracy | SE  | 95% CI     |
+-----+----------+-----+------------+
| knn |      0.0 | 0.0 | (0.0, 0.0) |
+-----+----------+-----+------------+
