================================================================================
=                                   round 1                                    =
================================================================================
selected eigenvectors:
0 : [0.09992452227920588, 0.10029400471175759, 0.1002774273644168, 0.10034535005468563, 0.1000883220548755, 0.09983347276146554, 0.09992549089801091, 0.1001101128247369, 0.10013637932738075, 0.09958580588430598, 0.10018962867237195, 0.10009945640416952, 0.09949277970569174, 0.10007624082023608, 0.09989975220465427, 0.09997828644241567, 0.09965569803661556, 0.10031660732934466, 0.09972888468655876, 0.09999104041299903, 0.10025812989208244, 0.09987849073282042, 0.09956981677693558, 0.09998273010374106, 0.0999721221083344, 0.09968755164616279, 0.09981715633724167, 0.0995799041136645, 0.0994757148470128, 0.1005340364776203, 0.10015310651866005, 0.09989069322933138, 0.09983456364849397, 0.09999527613049901, 0.1004907184112622, 0.10044476450251691, 0.09968653983945598, 0.10029966382321619, 0.09983530342742769, 0.09961109429446262, 0.10029414831440994, 0.09929325501537468, 0.09966610602153207, 0.09957089604631596, 0.10003420942504543, 0.09943018991549309, 0.10042539859688873, 0.10048357472540123, 0.09986302661046975, 0.10012105635246006, 0.09994296130770672, 0.0997539968728604, 0.09993702034888796, 0.10045230615102689, 0.10042729367693846, 0.09979190612004434, 0.09985953834703981, 0.09979089752797728, 0.10003765731736526, 0.09961959987780324, 0.09958812568119983, 0.09888754885453868, 0.09964117415945904, 0.09949967645368858, 0.09991241385016053, 0.1000311823263126, 0.09995041903368636, 0.10030932683987683, 0.09986124369174025, 0.09980155048245523, 0.10037934009513018, 0.09995012375161313, 0.09989291031995982, 0.09969901552318333, 0.09992245182036585, 0.10020411787744891, 0.09996438315708671, 0.09975979043723157, 0.10006008490347393, 0.09948801298380137, 0.10050741586338222, 0.10009983323928068, 0.10049287259957135, 0.10073579732999821, 0.10040012719823739, 0.10033210523100133, 0.10039711606862199, 0.09952498737107239, 0.10015615326799382, 0.10039533519446106, 0.10040274839238085, 0.10020009163236406, 0.1003888238659712, 0.10003497794107975, 0.09970365008605173, 0.10031240191373797, 0.1002790056988458, 0.10000758646862296, 0.10056527728366943, 0.1004635175518012]
================================================================================
=                                   round 2                                    =
================================================================================
selected eigenvectors:
0 : [0.10013522958069185, 0.10026742205286465, 0.10038181301942384, 0.10027113373022573, 0.10022779811060309, 0.10028709075560653, 0.10030227989534843, 0.1003643474829562, 0.10021328774166685, 0.1000781903415748, 0.10024773162192185, 0.10015692103384753, 0.10017170266297018, 0.10005511612681624, 0.10019688852931355, 0.10020181534966432, 0.09996478451732857, 0.10010368244192613, 0.10010836402148522, 0.10007230723981766, 0.10019014280752463, 0.10008048235871111, 0.10002665344257702, 0.10011182763022959, 0.10007086742934304, 0.10019819759897411, 0.1002068090325333, 0.09985779751373125, 0.10000761145258769, 0.10008652059915386, 0.10024856245252677, 0.10011884849324455, 0.1000724037501325, 0.10017422874052309, 0.09995314985991606, 0.10006033827176843, 0.10014610594679109, 0.09983059902711734, 0.10006014616564261, 0.0998347826160398, 0.10007894605917954, 0.09970324792700588, 0.09975111702348391, 0.09960706346334193, 0.09978684343945628, 0.09970027222490127, 0.0999661548405268, 0.09990070389939373, 0.10004943836640415, 0.10000594573511741, 0.09980758971297232, 0.09997315344190769, 0.10016192232019684, 0.10011693627614149, 0.10015971469756475, 0.10017026394260078, 0.09987399347396275, 0.10003387018765704, 0.09974115242962585, 0.09978634019524855, 0.0995310122564308, 0.0992048235565109, 0.09962446914316153, 0.09941387242458635, 0.09988855432459871, 0.10005876594119059, 0.1000386799347242, 0.10005394755785939, 0.10007586950938425, 0.09996909810521838, 0.10012733544364462, 0.09996959381518866, 0.09981082197650377, 0.0998174932573335, 0.09991768834048811, 0.10020869571572115, 0.10026326383987756, 0.10013210713958934, 0.10009413267288984, 0.09982876217651421, 0.10013638923598865, 0.09970056644663033, 0.09970807291934002, 0.09962155048897314, 0.09943043418464399, 0.09915911250389316, 0.09957150747185026, 0.09920447466803621, 0.09981409027970804, 0.09988375534688106, 0.09999658170512848, 0.10000093862392818, 0.10029412927191976, 0.10021307233209109, 0.10028466462012446, 0.1003856254325431, 0.10024638901640974, 0.10019794158244023, 0.10033171373580685, 0.10023873713650835]
================================================================================
=                                   round 3                                    =
================================================================================
selected eigenvectors:
0 : [0.10004352595189608, 0.10029877995940488, 0.10023396287754135, 0.10031747215587558, 0.10030799142236158, 0.10028140244200984, 0.10001948685368796, 0.10073849454237156, 0.10063028829343437, 0.10068097492518803, 0.10024253408663594, 0.10046259219764077, 0.10029850383662631, 0.10038433203538884, 0.10049094390313688, 0.10016239425104474, 0.09969588281151402, 0.09972570136244177, 0.09974081846052807, 0.09962923435338066, 0.09989956008389626, 0.0997855549906145, 0.1001152025078004, 0.09981023290346985, 0.10001727015053648, 0.1002634459112165, 0.10003044094843619, 0.09998463747459684, 0.09988967335969011, 0.1002241114508892, 0.10041833587635948, 0.10025118798558524, 0.099912397241869, 0.09995079985734591, 0.0999307489377829, 0.10026581260629779, 0.10033623261033295, 0.09993484648197833, 0.10043852794741223, 0.10019394275372377, 0.10028129475046484, 0.09983091005646617, 0.10048240533366481, 0.1001760357120236, 0.10043044072730081, 0.10011604534542158, 0.10049592232815273, 0.100298271401107, 0.10014966377544031, 0.10006106867603377, 0.1003248576075029, 0.09965311728504425, 0.09977950534407036, 0.09983480016412355, 0.09998067231130002, 0.09991576511977993, 0.0999260826529762, 0.09977720343997579, 0.09938959863289774, 0.09985499153676876, 0.09943544927516072, 0.0992754542315511, 0.09979365110971092, 0.09894639879356176, 0.0996683699007786, 0.1000795330180707, 0.1003923166999815, 0.10012275517072619, 0.0998901424632157, 0.09987548155527219, 0.10039653404244418, 0.10000143118962197, 0.10017059761921525, 0.1004454268656983, 0.09999033539607843, 0.0999173955340304, 0.09999933583507348, 0.09971570699324198, 0.09987526360003576, 0.09956384319792656, 0.09957838864151256, 0.09916916669317999, 0.09903784991091451, 0.09899839429656801, 0.09933506734751447, 0.09917678346103342, 0.09914562187488977, 0.09961218873910957, 0.09977148711094823, 0.10007141961483858, 0.09990072106554802, 0.10006641030349157, 0.10047432783743175, 0.09991226894759951, 0.1000794901807143, 0.10032934617824994, 0.10039221700374293, 0.100245913549775, 0.10042824649971015, 0.09985134210819822]
================================================================================
=                                   round 4                                    =
================================================================================
selected eigenvectors:
0 : [0.10060806526457433, 0.1003210895509317, 0.1001104130583867, 0.09967386052772102, 0.10024623455830724, 0.10004460855145204, 0.09967627767782422, 0.09993468215612607, 0.09988097479069334, 0.10043792077544406, 0.10002249052720043, 0.10013590323696658, 0.10010217380087587, 0.09969463995684547, 0.10000746942918354, 0.09969849341807036, 0.09973323009377116, 0.10003330044215486, 0.09978352729738163, 0.10067498646443573, 0.09973420724406251, 0.10004040599572578, 0.09966737982822142, 0.09985471352303724, 0.10028093384848344, 0.09993511584981483, 0.10033735442832022, 0.09991414328565411, 0.09999954228924149, 0.10043544256124654, 0.10021501962596935, 0.09979780144656121, 0.10018111513715224, 0.10012010270280548, 0.09978833869831692, 0.09955800904076344, 0.09990461666927285, 0.09937502255719119, 0.09945598939078946, 0.09966965969549675, 0.10044070666776957, 0.09983319680081237, 0.09972528326524834, 0.09961681866007727, 0.09950127820885454, 0.09962540021777538, 0.09981008307232443, 0.10001464267006024, 0.10018125748590952, 0.10051288628141918, 0.10050408378808608, 0.10033116945865303, 0.10073119001741926, 0.10043931014660713, 0.10077123159211478, 0.1004110009492182, 0.10048513967775438, 0.10040111197731807, 0.10092974635371287, 0.10118513782256212, 0.10048054359814432, 0.1003795537022415, 0.10101037646162542, 0.10064592243294875, 0.1004800248784968, 0.1000937676226357, 0.1000051269823909, 0.09985335694112801, 0.09984277273074507, 0.09943828577284052, 0.09906925651649161, 0.09935701400701731, 0.09865137640987783, 0.09888203967473523, 0.09923381005234745, 0.09869714085631714, 0.09951155021447028, 0.0998496654072544, 0.09979412075221362, 0.10044688961348601, 0.09920856215502769, 0.09893802711207132, 0.09987542436555097, 0.09986316393208074, 0.09875781178848879, 0.09925363110187152, 0.10034952676282577, 0.09964691396299238, 0.09972559953889683, 0.10011651026497465, 0.10051745689355591, 0.10017451980635281, 0.09998051787864788, 0.10042258655449621, 0.1009010691679783, 0.10024098662647452, 0.09992018400747696, 0.10049374725794234, 0.10067599868807046, 0.10055246482925397]
================================================================================
=                                   round 5                                    =
================================================================================
selected eigenvectors:
0 : [0.10022191519672786, 0.10023028712754072, 0.10031115576279637, 0.10010939827054641, 0.10031215391355691, 0.10013566825482763, 0.10012578714011602, 0.10043424764490118, 0.10027802011099472, 0.1003021969873756, 0.10023576739877221, 0.10011348585464541, 0.10005633952321724, 0.0999342358592263, 0.10010110937833057, 0.10003937401806923, 0.09991467898260256, 0.10009206536140347, 0.10006945702779849, 0.10002263555068014, 0.1003287155794299, 0.09999028021248524, 0.10008627383781868, 0.1000754498097412, 0.1001862008558282, 0.10013011038970723, 0.10009664804377524, 0.10017949410561088, 0.09986393376761662, 0.10004656726096235, 0.10004176668891428, 0.10002274673160168, 0.09986655980421091, 0.09994534637880009, 0.09992070606077574, 0.0998696320183257, 0.09995415905149396, 0.09994061585804702, 0.09994033837410131, 0.09982415381598787, 0.09990732881604858, 0.09951910865330567, 0.09970918572792371, 0.09982552142824819, 0.10006514907563487, 0.09971333663319103, 0.10011854708965508, 0.1001732060201114, 0.10023887537541266, 0.10012454908635478, 0.1000155676855207, 0.1001595434352637, 0.10004284068350108, 0.10004440581464691, 0.10022202779611555, 0.10009041100834544, 0.09999318819154226, 0.1000009306637458, 0.09992413636215176, 0.09984944927221237, 0.09972564332759827, 0.09948420201423987, 0.09982202148715384, 0.09955124877820427, 0.10004280061197211, 0.10006763363571229, 0.10016447093757319, 0.10001139199648146, 0.100139311659278, 0.09998043748352177, 0.10029515028826752, 0.09993988951861117, 0.09992972263677276, 0.09982934782665714, 0.0999698989330295, 0.10010965705009776, 0.10017718015528075, 0.10005125346862791, 0.1002767130324115, 0.09982421435171683, 0.0999634624689053, 0.09955878886815189, 0.09959520396555874, 0.09972334508587521, 0.09928660969313793, 0.09908303326970151, 0.09939873480689353, 0.09916292122323367, 0.09967264643956836, 0.09995638259651778, 0.09996973909998369, 0.10012240776878345, 0.10016272350141531, 0.10024712548380359, 0.10025069186357985, 0.10038738417224255, 0.10020938863522086, 0.10014501075530462, 0.10034553227688908, 0.10024853965047702]
================================================================================
=                                   round 6                                    =
================================================================================
selected eigenvectors:
0 : [0.09969263824293295, 0.09983917659778929, 0.10019352084011578, 0.0995987238072371, 0.10046146237860665, 0.09984829310373135, 0.09962573613014632, 0.10019000936331598, 0.09965375411537487, 0.09959486188880813, 0.09994606468509595, 0.10000887407872094, 0.10007105508624908, 0.10029935272895653, 0.10031387890264512, 0.10030136691954139, 0.09996298278794616, 0.10043436250195081, 0.10024455001869534, 0.0999884954933059, 0.10045719982357253, 0.1000845535097406, 0.10025807467222944, 0.09954125136935305, 0.10029637514912092, 0.10032760530490127, 0.0997822299177533, 0.09990348457593502, 0.10011903190527928, 0.09987026301752755, 0.10009764513561224, 0.09949337851558779, 0.099816019648976, 0.09941908727131846, 0.09915653929464997, 0.09911937511661298, 0.09928449364636058, 0.0992288016320869, 0.09897058753850375, 0.09956757465420812, 0.09966998415965692, 0.09877453748956042, 0.09917176553099115, 0.09942676370781009, 0.10026857676322393, 0.09962749045866862, 0.09992164015819702, 0.10025276446384995, 0.09989192194402113, 0.09971757030859116, 0.10012764300890818, 0.0995537579937199, 0.09999969512819537, 0.0997155866686256, 0.10022242407860524, 0.10088070136637087, 0.10058113552460946, 0.10093010672240933, 0.10070329534687537, 0.10058941367144499, 0.10078640538192832, 0.10096870321813202, 0.10085493953383884, 0.10147217079579089, 0.10083040233974869, 0.10087591578593252, 0.10056618353930351, 0.10122643777832799, 0.10053650940793975, 0.10114315021591994, 0.10071726108964166, 0.10070570938362064, 0.10091098620476271, 0.10018347008046832, 0.10002543608943433, 0.10029858213655629, 0.10013739137812035, 0.10038382938245799, 0.10026510686447632, 0.10012630913060713, 0.10003748126642936, 0.09986303467910841, 0.09997349263497181, 0.09956463009524107, 0.0990033496713066, 0.0981217433267834, 0.09847181127985415, 0.0991990118817673, 0.09944221691027783, 0.09966271887367362, 0.09967531261411378, 0.09962042219962572, 0.100042029896992, 0.09954782584374311, 0.09963780985995566, 0.09992773716537344, 0.10017045733393454, 0.09981603491903585, 0.09984466618977382, 0.10010709147051508]
================================================================================
=                                   round 7                                    =
================================================================================
selected eigenvectors:
0 : [0.10012269376160274, 0.10022253356494845, 0.10082017435662417, 0.10084421118052515, 0.10015212517380902, 0.10035355602255179, 0.10075517216211632, 0.10059492037979087, 0.1004455330554555, 0.10013882979649227, 0.10022969447127822, 0.10002431628288679, 0.10045666854182286, 0.10031401495324015, 0.10051672977222094, 0.10021319722383161, 0.10059182403224266, 0.1000993566893596, 0.10037295310585925, 0.10032780796635568, 0.10059113890231497, 0.10084517009244183, 0.10085281837452455, 0.10097632812070782, 0.10025686200739799, 0.1000140714132223, 0.10057119090569257, 0.10065604635967595, 0.10060800139392823, 0.10012678821623831, 0.09996280434544365, 0.10076549034007938, 0.10057271713125393, 0.10031809984746044, 0.09961055776902891, 0.099898736094433, 0.0999481160568426, 0.09941700806549535, 0.10012089386829921, 0.09991988332908036, 0.09931113992971528, 0.09964998968321846, 0.09967266208453367, 0.09956147530669493, 0.09957425094645193, 0.09997835566905837, 0.09967453417604386, 0.09990994352048675, 0.10006565398197301, 0.10057466186306009, 0.10047525347760043, 0.10054341192621344, 0.10066848356891107, 0.10007121435342371, 0.10001477054530454, 0.1001812092585263, 0.09951773001888008, 0.10034277234851217, 0.0995047292037903, 0.0994141766874863, 0.09963991111321928, 0.09915657045414489, 0.09957650514094771, 0.09959715758143053, 0.10003157486023745, 0.099580462792978, 0.10012032855898124, 0.09960599586846446, 0.09981809843086585, 0.09883620369493672, 0.09956089410204527, 0.09848992165777735, 0.09898323165562763, 0.0987421806062329, 0.09909063025681998, 0.09952850650301431, 0.09960708799922373, 0.10004283599941566, 0.10043707645345896, 0.09996026363711445, 0.09982877814825081, 0.099270453332424, 0.09913569883207056, 0.09965441670525234, 0.099033302561353, 0.0986810235001507, 0.09933255703985198, 0.09899878788029452, 0.10029720450348205, 0.10008445588605447, 0.10033582549233727, 0.09993858110887596, 0.10007998530842023, 0.10037165269298245, 0.10035082562572482, 0.10020315950106087, 0.10031302953087085, 0.10068770738821747, 0.09996380874725484, 0.10055116880927227]
================================================================================
=                                   round 8                                    =
================================================================================
selected eigenvectors:
0 : [0.10018054811075239, 0.10012641447321784, 0.10010461478317897, 0.09998941691864277, 0.10023502390882166, 0.10028129106381498, 0.1003929386649605, 0.10032954724924253, 0.1001654600969625, 0.10000324520682502, 0.10021198019893944, 0.10037184491791197, 0.1000033986549287, 0.10008879394100306, 0.10032773090522698, 0.09989077879522788, 0.0999506381954188, 0.10025440339955588, 0.09996975674021158, 0.10008572828011704, 0.10005174608610966, 0.10001957780433285, 0.09996171458519522, 0.09985970558569242, 0.1000186088837148, 0.09992077489150503, 0.09998941904548796, 0.09993333585288329, 0.10001075447282128, 0.1000602089189789, 0.09998622565569092, 0.10008600638506372, 0.100196191710037, 0.10014343558831823, 0.09998704265140337, 0.10042863042894551, 0.10041364037123471, 0.10065406086455587, 0.10032362198043157, 0.10004547296100569, 0.10004949308768141, 0.09973512282835423, 0.09989271353435314, 0.0998445217579147, 0.10002165692894864, 0.10002038403741542, 0.10020548557386157, 0.10049713723963984, 0.1005028832769827, 0.10014591102773514, 0.10011705257867234, 0.10027912406401202, 0.10032873144051126, 0.10006850129931451, 0.10030119037160319, 0.10024188520054511, 0.10016701798765426, 0.10026736071623726, 0.09998065392003264, 0.0997217464487577, 0.09975059614957851, 0.09940241894095203, 0.09976642829040493, 0.09969802942121224, 0.10006246772389052, 0.10007831521308813, 0.09996928910919409, 0.10000863352205218, 0.10001545482030581, 0.09961883779068227, 0.09997654504601561, 0.09935213196950346, 0.09947901139843202, 0.09953903879833689, 0.09945011359683817, 0.09955956664830642, 0.09982139323967652, 0.09978477914944785, 0.09997013333358394, 0.09982376293764143, 0.09982358498098869, 0.09981440874210055, 0.0996149788729031, 0.0996480702807151, 0.09927776517139691, 0.09920446377681773, 0.09934482599233858, 0.09914531190832752, 0.09983611432804722, 0.09984356167591238, 0.1001757452154082, 0.10011159332766041, 0.10023424175794517, 0.10013438878385145, 0.10007970665605417, 0.10013001294334044, 0.10019474834402232, 0.10036765876150017, 0.10032182813982168, 0.10008559957985237]
================================================================================
=                                   round 9                                    =
================================================================================
selected eigenvectors:
0 : [0.10085980264255302, 0.10064207189440456, 0.09949322387257743, 0.10086863022378818, 0.10017992163439761, 0.10071974564850848, 0.10046136238447377, 0.09939913294334192, 0.1003110258942024, 0.09986154902326104, 0.10027707928033576, 0.10029599273568655, 0.10017271797360221, 0.09940410505277102, 0.1000791986731826, 0.10061010529006922, 0.10036105271670064, 0.09951006211302477, 0.10063513641160432, 0.10057468387352632, 0.09925605608773669, 0.10031996544652298, 0.10042026425818287, 0.10019564099670103, 0.09993354284495534, 0.10037972137014581, 0.09979825261892934, 0.09932048175643865, 0.10017190126754064, 0.09926201699454042, 0.10011341807128324, 0.10014091653656434, 0.10063245555637008, 0.0998590769111854, 0.10047187404297205, 0.09910096231765618, 0.09982877258994974, 0.0992390284958849, 0.0995615100959726, 0.09942809001157621, 0.09910901526466723, 0.09830738108375271, 0.09914413835764735, 0.09925159578217631, 0.0989511310209531, 0.09870540169918147, 0.0999297108227918, 0.09947033474284736, 0.09953204602340757, 0.09989635794034572, 0.09900448675274183, 0.10021695252971442, 0.10027121247944956, 0.10030255641409058, 0.09931700607578706, 0.10004453146174412, 0.09882271072706782, 0.0996869625446835, 0.09915430001435621, 0.09994162453921734, 0.09887819982557397, 0.09869006191957702, 0.09916365744250809, 0.09856912557311821, 0.09983074373579802, 0.09967313231937461, 0.09959878092074809, 0.09995727975479914, 0.09999920377182055, 0.099582033554874, 0.09963236178860088, 0.09974420812746648, 0.10007829295260179, 0.10001746686077614, 0.10068059293968606, 0.10062245194581494, 0.10071110959365237, 0.10074099269695458, 0.09956361940816348, 0.10027968665859593, 0.10029776792246255, 0.10080691626983194, 0.09959857732317094, 0.10067397251034355, 0.10139045427853383, 0.10186054562941105, 0.10114664359296872, 0.10155583305529527, 0.1007470510850786, 0.10076421628106239, 0.10034388731528317, 0.1013196037275856, 0.1010837389673586, 0.10087883442209822, 0.10044344504963316, 0.10006578367689249, 0.09994668311492445, 0.09972707666626131, 0.09984907744279217, 0.10004402691045769]
================================================================================
=                                   round 10                                   =
================================================================================
selected eigenvectors:
0 : [0.10008664649375976, 0.0999980227751611, 0.10030631881350466, 0.09971883711533429, 0.10008469619067119, 0.09999461672021198, 0.1005477399667693, 0.0998740323644903, 0.09965673305738564, 0.10011146334723935, 0.09957915023267538, 0.1003113446942195, 0.09937341778329135, 0.09989976319966992, 0.09999410090809482, 0.09968456796745456, 0.09976720806901605, 0.09948262534591296, 0.09966862469091518, 0.09919985074667256, 0.09925612984149751, 0.09925582394051559, 0.09959749164734226, 0.09958447321060128, 0.09998208246305698, 0.10020176912132044, 0.10024064551803392, 0.0998248484884859, 0.10012417399192955, 0.099957426352685, 0.10046196909982347, 0.10063373512364626, 0.10009159320846782, 0.1002876036237088, 0.10058720192517494, 0.10003561784161924, 0.0996988163219972, 0.10055467273068432, 0.10014617052393733, 0.10106780057670195, 0.1004438405102919, 0.10131159772806021, 0.10065186745506054, 0.1004998250337223, 0.10027921626026436, 0.1001407597412371, 0.09987179806211051, 0.09997578893367846, 0.10078129395389201, 0.10007990431039067, 0.09977401978645543, 0.10042742044837849, 0.09979042216367807, 0.1003191338665564, 0.09992302034076171, 0.09978542013457577, 0.10034579828389695, 0.10018818575041016, 0.09937890580779338, 0.09970451500681207, 0.10024483720623238, 0.0994285303493305, 0.09983536493265054, 0.09984909776163965, 0.1000165861638097, 0.10064191823256123, 0.10038074017899962, 0.09962532272692334, 0.10060333191284514, 0.09941389652176263, 0.099811868050555, 0.10000599826864756, 0.10012808449262693, 0.10008425664283827, 0.09968062173423956, 0.10028407048228334, 0.10019336610925872, 0.10011662686690659, 0.10053595384301174, 0.10003027668536318, 0.10031749264291322, 0.10037228410439378, 0.10043637568171296, 0.10008307190132694, 0.09925351232535426, 0.09921382537553892, 0.09916133122991778, 0.09876225628964085, 0.09971475474749447, 0.09940655915140777, 0.10004155807182617, 0.09964957583547782, 0.09953441796383813, 0.09967970860778676, 0.10048565285318369, 0.10016974872127209, 0.10036248443590072, 0.10020391259226047, 0.09980210811517125, 0.09974229883460357]
################################################################################
#                                    setup                                     #
################################################################################
k : 1
distance-weighting : false
PCA : true
PCA-energy-ratio : 0.9
################################################################################
#                                   summary                                    #
################################################################################
+-------+-------+------+-------+
| round | learn | test | error |
+-------+-------+------+-------+
|     1 |   546 |   61 |     0 |
|     2 |   546 |   61 |     1 |
|     3 |   546 |   61 |     0 |
|     4 |   546 |   61 |     0 |
|     5 |   546 |   61 |     0 |
|     6 |   546 |   61 |     2 |
|     7 |   546 |   61 |     1 |
|     8 |   547 |   60 |     1 |
|     9 |   547 |   60 |     3 |
|    10 |   547 |   60 |     1 |
+-------+-------+------+-------+
################################################################################
#                                  statistics                                  #
################################################################################
+-----+----------+-----+--------------+
|     | accuracy | SE  | 95% CI       |
+-----+----------+-----+--------------+
| knn |     98.5 | 0.5 | (97.3, 99.7) |
+-----+----------+-----+--------------+
