================================================================================
=                                   round 1                                    =
================================================================================
================================================================================
=                                   round 2                                    =
================================================================================
================================================================================
=                                   round 3                                    =
================================================================================
================================================================================
=                                   round 4                                    =
================================================================================
================================================================================
=                                   round 5                                    =
================================================================================
================================================================================
=                                   round 6                                    =
================================================================================
================================================================================
=                                   round 7                                    =
================================================================================
================================================================================
=                                   round 8                                    =
================================================================================
================================================================================
=                                   round 9                                    =
================================================================================
================================================================================
=                                   round 10                                   =
================================================================================
################################################################################
#                                    setup                                     #
################################################################################
k : 5
distance-weighting : true
PCA : false
PCA-energy-ratio : 0.9
################################################################################
#                                   summary                                    #
################################################################################
+-------+-------+------+-------+
| round | learn | test | error |
+-------+-------+------+-------+
|     1 |   691 |   77 |    28 |
|     2 |   691 |   77 |    21 |
|     3 |   691 |   77 |    12 |
|     4 |   691 |   77 |    21 |
|     5 |   691 |   77 |    19 |
|     6 |   691 |   77 |    20 |
|     7 |   691 |   77 |    25 |
|     8 |   691 |   77 |    26 |
|     9 |   692 |   76 |    23 |
|    10 |   692 |   76 |    18 |
+-------+-------+------+-------+
################################################################################
#                                  statistics                                  #
################################################################################
+-----+----------+-----+--------------+
|     | accuracy | SE  | 95% CI       |
+-----+----------+-----+--------------+
| knn |     72.3 | 1.9 | (68.1, 76.4) |
+-----+----------+-----+--------------+
