================================================================================
=                                   round 1                                    =
================================================================================
Note: PCA is off due to non-continuous attributes
================================================================================
=                                   round 2                                    =
================================================================================
Note: PCA is off due to non-continuous attributes
================================================================================
=                                   round 3                                    =
================================================================================
Note: PCA is off due to non-continuous attributes
================================================================================
=                                   round 4                                    =
================================================================================
Note: PCA is off due to non-continuous attributes
================================================================================
=                                   round 5                                    =
================================================================================
Note: PCA is off due to non-continuous attributes
================================================================================
=                                   round 6                                    =
================================================================================
Note: PCA is off due to non-continuous attributes
================================================================================
=                                   round 7                                    =
================================================================================
Note: PCA is off due to non-continuous attributes
================================================================================
=                                   round 8                                    =
================================================================================
Note: PCA is off due to non-continuous attributes
================================================================================
=                                   round 9                                    =
================================================================================
Note: PCA is off due to non-continuous attributes
================================================================================
=                                   round 10                                   =
================================================================================
Note: PCA is off due to non-continuous attributes
################################################################################
#                                    setup                                     #
################################################################################
k : 5
distance-weighting : false
PCA : true
PCA-energy-ratio : 0.9
################################################################################
#                                   summary                                    #
################################################################################
+-------+-------+------+-------+
| round | learn | test | error |
+-------+-------+------+-------+
|     1 |  1555 |  173 |     0 |
|     2 |  1555 |  173 |     0 |
|     3 |  1555 |  173 |     0 |
|     4 |  1555 |  173 |     0 |
|     5 |  1555 |  173 |     1 |
|     6 |  1555 |  173 |     0 |
|     7 |  1555 |  173 |     0 |
|     8 |  1555 |  173 |     0 |
|     9 |  1556 |  172 |     0 |
|    10 |  1556 |  172 |     0 |
+-------+-------+------+-------+
################################################################################
#                                  statistics                                  #
################################################################################
+-----+----------+-----+---------------+
|     | accuracy | SE  | 95% CI        |
+-----+----------+-----+---------------+
| knn |     99.9 | 0.1 | (99.8, 100.1) |
+-----+----------+-----+---------------+
