================================================================================
=                                   round 1                                    =
================================================================================
1 0.6636981930866306 0.6822169753813926
2 0.660324162013987 0.6825762266754983
3 0.6601895078088758 0.6838358226613063
4 0.6602133857691952 0.6844155762027267
5 0.6602271663156264 0.6846428502929927
6 0.6602311185857118 0.6847248529588277
7 0.6602308354784038 0.6847510307519161
8 0.6602289453529829 0.6847564584296794
9 0.6602264725643145 0.6847543189253091
10 0.6602237955424348 0.6847494591180325
20 0.6601960775495567 0.6846880043293849
30 0.6601670703885156 0.6846283012051125
40 0.6601341597172298 0.6845697137145896
50 0.6600928947356449 0.6845087465041979
60 0.6600332810504573 0.6844359529468883
70 0.6599289270925008 0.6843243738059702
80 0.65970064158217 0.6840901909853412
90 0.6590627162084325 0.6834249133387369
100 0.6565997331545445 0.680783172429142
200 0.2883966406077742 0.3257284260491493
300 0.2455914583260875 0.26828533664113297
400 0.23503455929187775 0.257139251684886
500 0.22953685896116965 0.25257073893406734
600 0.22581418896418243 0.24951561864248809
700 0.22303238773446948 0.24719916325316832
800 0.2208328205166623 0.2453452816266749
900 0.21902655166205803 0.24381472864302253
1000 0.21750237426628244 0.24252399406310277
2000 0.2090804882260235 0.23563454283876153
3000 0.20510624409274614 0.2326026915394464
4000 0.20260405032314138 0.23077180146029116
5000 0.200815093948464 0.22949634355983647
6000 0.19943995419463806 0.22853250842076697
7000 0.19833243120657945 0.2277657070068072
8000 0.1974109751341189 0.22713377377108762
9000 0.19662573669525985 0.22659940623954167
10000 0.19594414645958255 0.22613853766159978
================================================================================
=                                   round 2                                    =
================================================================================
1 0.6700100536907875 0.6708851525801326
2 0.6670411577997394 0.6680122310301637
3 0.6669505179453631 0.6679373078432362
4 0.6669632508761799 0.6679513638768011
5 0.6669674685750069 0.6679534903262085
6 0.6669672853097847 0.6679503404079785
7 0.6669658281973564 0.6679456948251636
8 0.6669640413311144 0.6679406714177936
9 0.6669621787720775 0.6679355709706181
10 0.6669603073122354 0.66793047291813
20 0.6669423153951731 0.6678810782612213
30 0.6669257290205342 0.6678346787452594
40 0.6669104678506224 0.6677911674317429
50 0.6668964450305057 0.6677504162747118
60 0.6668835728059338 0.6677122842655351
70 0.6668717645193372 0.6676766200145126
80 0.6668609360330706 0.6676432618834065
90 0.6668510063151973 0.6676120340648954
100 0.666841896039351 0.6675827344815263
200 0.6375107897739526 0.6361095937320017
300 0.2709439668561261 0.25692386670366196
400 0.2546289797056126 0.23524679601418658
500 0.24892827731724645 0.22856334553049093
600 0.24568799084758378 0.22500196296704938
700 0.24352546560146174 0.222839007330428
800 0.2419362254845533 0.2214343023522876
900 0.24067840794589715 0.22046320275365888
1000 0.2396231459272415 0.2197525722490433
2000 0.23245391427750636 0.2168207779703596
3000 0.22766050879749472 0.21535896213307318
4000 0.22442317160282746 0.2141967337226724
5000 0.22209942125888385 0.2132278417909167
6000 0.220330231380197 0.21239830702337312
7000 0.21892280191010977 0.21167546556597847
8000 0.21776585057094916 0.21103702522013681
9000 0.21679059748367113 0.21046685255930736
10000 0.21595209409222657 0.20995286555270276
================================================================================
=                                   round 3                                    =
================================================================================
1 0.6667587808790592 0.6830165396746499
2 0.6636203558630861 0.6830127440129395
3 0.6635276548943574 0.6839804568915252
4 0.6635542253086557 0.6843885543377214
5 0.6635666340182839 0.6845290802520266
6 0.6635704188847582 0.6845689491078764
7 0.663571062918558 0.6845734979045119
8 0.6635706605721556 0.6845660773453852
9 0.6635699184948509 0.6845547050516347
10 0.6635690667647238 0.6845420748406397
20 0.6635596749685345 0.68441360797429
30 0.6635480602145071 0.6842918336306336
40 0.6635316486478087 0.6841759689279127
50 0.6635060861946216 0.6840627209332371
60 0.6634616482188433 0.6839423952789219
70 0.6633732544909205 0.6837868948688224
80 0.6631687976549593 0.6835103714965293
90 0.6626054238771611 0.6828117553650668
100 0.6606173471088915 0.6803318694826902
200 0.28020011522110005 0.2526388446472771
300 0.2591926915300835 0.2423230448088001
400 0.2522757943910331 0.2407661854961277
500 0.24811690182713755 0.24033028073823628
600 0.24506351479263827 0.2401831940095328
700 0.2426117233520732 0.24013913562570038
800 0.2405509467912784 0.24013993300896785
900 0.23877332002049717 0.24016200095238635
1000 0.23721478470279164 0.24019492589027674
================================================================================
=                                   round 4                                    =
================================================================================
1 0.6634892031550103 0.6943707830895819
2 0.6602832043873281 0.697301160510822
3 0.6602064583619072 0.6991168296588962
4 0.6602450960951367 0.6997769107543219
5 0.660261321404918 0.6999890676669576
6 0.6602649463314054 0.7000477225219861
7 0.6602638983953629 0.7000560896771235
8 0.6602612640613563 0.7000483553604154
9 0.6602581149552099 0.7000355483377828
10 0.6602548104131811 0.7000211797217256
20 0.6602218732649241 0.6998737069887496
30 0.6601894524826969 0.6997317432894822
40 0.6601557390148899 0.6995948971712866
50 0.660118128487626 0.699461283533475
60 0.660071803007766 0.6993258981688305
70 0.660006037053328 0.6991756086825089
80 0.6598940881826403 0.6989752812166372
90 0.6596614689941181 0.6986237940690796
100 0.6590659997025767 0.6977869701688632
================================================================================
=                                   round 5                                    =
================================================================================
1 0.6639337791761237 0.6926971173652878
2 0.6607402481313991 0.6951630373584732
3 0.660642200850348 0.6967690979536005
4 0.6606612557748989 0.6973345324753668
5 0.6606656900246368 0.6975046201668377
6 0.6606625997047695 0.6975428060649171
7 0.6606572778653709 0.6975389496527484
8 0.6606514060529329 0.6975220112067722
9 0.6606454378720993 0.6975010906967912
10 0.660639485396874 0.6974790125570867
20 0.6605822692759822 0.6972586678442466
30 0.6605286061458002 0.6970492581632771
40 0.6604773971599895 0.6968517924708904
50 0.660427441165462 0.6966667804545384
60 0.660377224229738 0.6964943556244195
70 0.6603244181330621 0.6963339098520615
80 0.6602646805394918 0.6961830273345374
90 0.6601885539158331 0.6960342541400583
100 0.6600725941428816 0.6958648140637086
================================================================================
=                                   round 6                                    =
================================================================================
1 0.6672454174130457 0.6842348293614228
2 0.6642942963047338 0.6846714914684892
3 0.6642451231342676 0.685656672487304
4 0.6642790465265074 0.6860224519080126
5 0.6642901451378742 0.6861323561021659
6 0.6642908753334292 0.6861560835747579
7 0.6642882414009216 0.6861525326211368
8 0.6642846050565738 0.6861406232536921
9 0.6642806928174003 0.686126229041744
10 0.6642767220285821 0.6861111395778042
20 0.6642383398673969 0.6859612037611842
30 0.6642025706210855 0.6858186549548548
40 0.664168733233216 0.6856835965878141
50 0.664135951011847 0.6855556385941858
60 0.6641028288737865 0.685433605554769
70 0.6640666092665597 0.6853144656913467
80 0.664020971537189 0.6851905073802977
90 0.6639497757161825 0.6850412353848754
100 0.6638073462972709 0.6848077310412688
================================================================================
=                                   round 7                                    =
================================================================================
1 0.6657999237098162 0.6880385641295615
2 0.6630862183061537 0.6891674450685855
3 0.6631234814230557 0.6902983836813213
4 0.6631892373392619 0.6906981944368158
5 0.6632095524568757 0.6908061670333735
6 0.663211024579988 0.6908149126589375
7 0.6632061843506168 0.6907916246464586
8 0.6631993650942651 0.6907583107408067
9 0.6631919632612084 0.690721983179311
10 0.6631844177166784 0.6906848444946304
20 0.6631108822740777 0.6903193657082902
30 0.663041497663861 0.6899723201455035
40 0.6629749883914058 0.6896438027955257
50 0.662909646090027 0.6893330528129068
60 0.6628426011422537 0.6890377999885053
70 0.6627679421178919 0.6887520542251161
80 0.662671812947549 0.6884599878917378
90 0.6625181289760792 0.6881173342267569
100 0.6622006936812675 0.6875875823311456
200 0.30157388345896863 0.2804503166180371
300 0.26968650212638035 0.26155020739100343
400 0.26234877010444574 0.25978441140105957
500 0.25852870092627506 0.2593447216476595
600 0.25587750948185745 0.2591711648381888
700 0.2537314985185346 0.25906597677123633
800 0.2518482345790138 0.25899024375284807
900 0.2501338296200433 0.25892770231174606
1000 0.2485514039548948 0.2588567976487936
2000 0.23792012363413642 0.2564948263732322
3000 0.23251051653522375 0.25381222129248215
4000 0.22915659994846638 0.25181010521715197
5000 0.22680162768400564 0.2502791267577518
6000 0.22501941204790046 0.24906020111065594
7000 0.22360202856236913 0.24805881920426057
8000 0.2224344629664094 0.2472163925299019
9000 0.22144722232788014 0.24649454891968112
10000 0.22059546990774256 0.245866951349194
================================================================================
=                                   round 8                                    =
================================================================================
1 0.6717264447110588 0.6788108744713444
2 0.6691860398578726 0.6771483849968456
3 0.6691634314871101 0.6772816087801369
4 0.6691816379469004 0.6773188313261853
5 0.6691769797923411 0.6773005999716778
6 0.6691643284415708 0.6772660956389797
7 0.6691495314447833 0.6772273482142356
8 0.6691342462393749 0.6771876308617026
9 0.6691189160771086 0.6771478139475161
10 0.6691036580755539 0.6771081284785667
20 0.6689571393887793 0.6767228172841252
30 0.6688215667841768 0.67635888707528
40 0.6686964011482787 0.6760159633741815
50 0.6685810436833436 0.6756934541502458
60 0.6684748654184792 0.6753906101326607
70 0.6683772270288746 0.6751065678831871
80 0.6682874947000493 0.6748403849696342
90 0.6682050522317307 0.6745910654007287
100 0.6681293094197843 0.6743575725015124
200 0.6583686423637587 0.6608078733957667
300 0.27339800495765243 0.2624057171253177
400 0.23800187593395386 0.23623709404341825
500 0.23037402660952233 0.2321633457168724
600 0.22623416602288834 0.22945889721895404
700 0.22336188557707787 0.22730874356365235
800 0.22116121182066356 0.22555918343520534
900 0.21938010761427024 0.22412180751488803
1000 0.21788669478080985 0.22292736781218123
2000 0.20959562727664632 0.2167538349446559
3000 0.20558797078658617 0.21391710331814862
4000 0.20302986689859534 0.2121460181883381
5000 0.20119232570697826 0.21091106809156257
6000 0.1997799614286388 0.20999246502545535
7000 0.19864499164936958 0.20927729314318147
8000 0.19770358627623744 0.20870089422514104
9000 0.19690397933855391 0.2082235612218958
10000 0.19621215963743366 0.2078195842877408
================================================================================
=                                   round 9                                    =
================================================================================
1 0.6699155726404786 0.6769066020238859
2 0.667297495898524 0.6753340351824297
3 0.6673076909099406 0.675612017380035
4 0.6673529359330557 0.6757320620347191
5 0.6673646629770686 0.6757580712969283
6 0.6673630526099524 0.6757511345864218
7 0.6673571501012613 0.6757336355999434
8 0.6673499481821507 0.6757128818982258
9 0.6673423795603153 0.6756911801602427
10 0.667334729400155 0.6756692476257368
20 0.6672598984076392 0.6754534118639748
30 0.6671883945092468 0.6752462268415296
40 0.6671191877945499 0.6750473784294594
50 0.6670505615748622 0.6748556441781407
60 0.6669788262474101 0.67466753643001
70 0.6668949762357554 0.6744735873048947
80 0.6667752136506209 0.6742475548954079
90 0.6665499832866046 0.6739106196044476
100 0.6659817516719494 0.6731892478674193
200 0.2809819246686597 0.271820047561931
300 0.2553815887685366 0.2551430620914357
400 0.24834300455315206 0.2518467320865846
500 0.24456249896744137 0.24976810855693993
600 0.2419495806976315 0.2479182869853607
700 0.2399124466759235 0.24633473425398783
800 0.2382236300420656 0.2450872743202977
900 0.23676922867111339 0.24414450960668432
1000 0.23548313852280478 0.2434254027400198
2000 0.2271915702278096 0.23954891411695023
3000 0.22278774042065924 0.2369258498957296
4000 0.21997112937752897 0.23499894366961588
5000 0.21794959622485163 0.23353950363399495
6000 0.2163912514095231 0.23239285018701114
7000 0.21513147658631537 0.23146524250080663
8000 0.2140781987807513 0.23069762209386693
9000 0.2131753430815399 0.23005061500942456
10000 0.21238653784166436 0.22949663108701968
================================================================================
=                                   round 10                                   =
================================================================================
1 0.6705217858600286 0.6766072605478739
2 0.6679343637631062 0.6749358942215774
3 0.6679411405343584 0.6751597321122166
4 0.6679801423247398 0.6752521951142779
5 0.6679881350016681 0.6752662658237283
6 0.6679845066140431 0.6752544521657968
7 0.667977358453509 0.6752348534222071
8 0.6679692141490351 0.6752130151976142
9 0.6679608172767327 0.675190586914062
10 0.6679523837176549 0.6751680540722954
20 0.6678704839661702 0.6749473091274498
30 0.6677934837001871 0.6747365775792526
40 0.6677211349736251 0.6745361281090294
50 0.6676530292975005 0.6743459412459496
60 0.6675884319422128 0.6741655915467654
70 0.6675258225891483 0.6739938155747883
80 0.6674616591761389 0.6738272439349856
90 0.6673867689742968 0.6736564931483136
100 0.667274877654363 0.6734533650743076
200 0.29643455667497126 0.27664048992212115
300 0.25788731317006147 0.2471550767395648
400 0.2502205212030851 0.24253625970846704
500 0.2465716074588623 0.24080096927197267
600 0.24424456162058836 0.23998298080429703
700 0.242519954591342 0.23956768284590405
800 0.24112486069112396 0.23935413931245578
900 0.23993100539550938 0.2392377455342022
1000 0.2388683558743607 0.23915034710941366
2000 0.23102789444676539 0.235415428978262
3000 0.22602704039231647 0.23086497405207027
4000 0.22277422655283433 0.2279969588062091
5000 0.22047243970140365 0.22606778912916714
6000 0.2187295373249097 0.22466586511249378
7000 0.21734427821279761 0.2235884147762732
8000 0.21620354795881805 0.22272612125259716
9000 0.21523875728212896 0.22201505825734946
10000 0.21440572763515015 0.2214152620170282
################################################################################
#                                    setup                                     #
################################################################################
min_iteration : 100
max_iteration : 10000
update_ratio : 0.1
hidden_layer : 2
hidden_layer_width : 8
################################################################################
#                                   summary                                    #
################################################################################
+-------+-------+------+-------+-------+-------+----------+-------+
| round | learn | test | train | valid | i     | MSE      | error |
+-------+-------+------+-------+-------+-------+----------+-------+
|     1 |   135 |   15 |    90 |    45 | 10000 | 0.226139 |     1 |
|     2 |   135 |   15 |    90 |    45 | 10000 | 0.209953 |     1 |
|     3 |   135 |   15 |    90 |    45 |   744 | 0.240136 |     1 |
|     4 |   135 |   15 |    90 |    45 |     1 | 0.694371 |    11 |
|     5 |   135 |   15 |    90 |    45 |     1 | 0.692697 |    12 |
|     6 |   135 |   15 |    90 |    45 |     1 | 0.684235 |    10 |
|     7 |   135 |   15 |    90 |    45 | 10000 | 0.245867 |     0 |
|     8 |   135 |   15 |    90 |    45 | 10000 |  0.20782 |     1 |
|     9 |   135 |   15 |    90 |    45 | 10000 | 0.229497 |     1 |
|    10 |   135 |   15 |    90 |    45 | 10000 | 0.221415 |     0 |
+-------+-------+------+-------+-------+-------+----------+-------+
################################################################################
#                                  statistics                                  #
################################################################################
+-----+--------+----------+------+--------------+
|     | i      | accuracy | SE   | 95% CI       |
+-----+--------+----------+------+--------------+
| ann | 6074.7 |     74.7 | 31.7 | (4.1, 100.0) |
+-----+--------+----------+------+--------------+
