================================================================================
=                                   round 1                                    =
================================================================================
selected eigenvectors:
0 : [0.15708042698662927, 0.3936452891713501, 0.355353917734244, 0.4220600334813134, 0.4383497562916055, 0.44329290319886816, 0.275197701382243, 0.22707964538046704]
1 : [0.5765146933386414, 0.17187064274926458, 0.1632551065104129, -0.35525783449734044, -0.2862364116010262, -0.09560237817479256, -0.1365845569521193, 0.61278421366369]
2 : [-0.008706087332080522, 0.44547074202314274, -0.5484052323070407, -0.24410794115795814, 0.3270014384016805, -0.36158194501531504, 0.4433782795995932, 0.08298972097843726]
3 : [-0.14165131476681225, 0.46347443779572506, -0.044059703857135195, -0.10831566257177025, 0.31837087538054915, 0.000354297768812208, -0.8025124396969531, -0.07788744819666583]
4 : [-0.4658418947036465, 0.42563885021340264, 0.3383067786447596, -0.4604960890069878, -0.379127198932956, 0.2481489132651115, 0.2334167903757326, -0.1245634766112832]
5 : [-0.17024634491367246, -0.0784306986672689, 0.6310979569738582, -0.022949624959946957, 0.28379364010400865, -0.6929584479086067, 0.06170432038689675, 0.03893362456696378]
6 : [0.60179202669701, 0.06299135218322824, 0.1768430122597689, -0.2781938950931053, 0.13199150359609993, 0.03664660362330801, 0.07901759334735466, -0.7072514696094744]
7 : [-0.12111781321055737, -0.45930753992412476, 0.019293736413649048, -0.5782396154948801, 0.525290617344077, 0.3471277740734539, 0.02158165945767418, 0.20673670615450976]
================================================================================
=                                   round 2                                    =
================================================================================
selected eigenvectors:
0 : [0.08519424867696199, 0.4008356533692402, 0.31802491107912906, 0.46177398157541044, 0.4546549857378979, 0.45238775250688246, 0.28980331373325413, 0.14948534887471554]
1 : [0.6209402710218895, 0.2017769952461511, 0.19703653881500038, -0.29973491157979393, -0.21871058861109832, -0.05523856646165585, -0.091300360365313, 0.6211549183308193]
2 : [0.03876772419105862, -0.3750367191195862, 0.4539234272454462, 0.2679612436398512, -0.2643755427200887, 0.3992840548018045, -0.5873406224815637, -0.07552235532113422]
3 : [-0.0823755771180038, 0.49509863691474126, -0.17528042447334888, -0.10633921257523414, 0.38924609958371276, -0.09277086943402638, -0.7369240373995183, -0.05370615915402472]
4 : [-0.495485673975345, 0.4418392592705966, 0.4225781883018592, -0.44310240935261824, -0.36216897212112303, 0.18201074084300725, 0.1081202071810551, -0.0915188073538217]
5 : [-0.11580302635249479, -0.1516602025269607, 0.6395598791841266, 0.04660121828050509, 0.3162495045508941, -0.6715933389842988, 0.0011412344032392077, 0.0364371367853375]
6 : [0.45374242972660017, 0.3862821410235999, 0.09134784791870786, 0.2783634071793872, -0.3444401584805778, -0.2544656042645052, 0.04157182942697458, -0.6115172243579059]
7 : [-0.36618009381963285, 0.21308444729164608, -0.16526784227196567, 0.5812184712483501, -0.41740679495343813, -0.27448417990572166, -0.07894771189470144, 0.44673935073813614]
================================================================================
=                                   round 3                                    =
================================================================================
selected eigenvectors:
0 : [0.11017272593403413, 0.3754667494396293, 0.3753656704688838, 0.4493045104945794, 0.43541068316679105, 0.4551016893125812, 0.26893473688589037, 0.1873148618592639]
1 : [0.5805679606232449, 0.18837665217247054, 0.19852135966901513, -0.3157206978033339, -0.2451829221655527, -0.0837431494933645, -0.15136888052197844, 0.6311296795022523]
2 : [0.004293491203966849, 0.5015796110681151, -0.541723043375661, -0.23613989963215956, 0.3209647516296336, -0.32783623174743254, 0.42654174022127006, 0.0821019426417408]
3 : [-0.07219728784604994, 0.3730486468648065, -0.05453100170732267, 0.0038835317714904505, 0.37763823712359873, -0.08067268761473745, -0.8339321726854636, -0.0898440728656341]
4 : [-0.4938771425316415, 0.45970378126109096, 0.37465499604167796, -0.4981271555185734, -0.3003791267880103, 0.21372274745971204, 0.07776904991516348, -0.11961486002440629]
5 : [-0.1530980061244686, -0.11018165689141578, 0.587209034503431, 0.0228609776277035, 0.27510351586974335, -0.7268773436426543, 0.11639026258397153, 0.0387894075176114]
6 : [0.6121970301397831, 0.09472458146636903, 0.1932349263341187, -0.23132044787579045, 0.07811727809640358, 0.010861291512702938, 0.08704302747340602, -0.7152596718472194]
7 : [-0.05859262762932849, -0.44760612982796055, 0.027052620952970553, -0.5835291996480731, 0.5767685743390372, 0.3126320629563969, 0.014478865077903387, 0.1560994962137256]
================================================================================
=                                   round 4                                    =
================================================================================
selected eigenvectors:
0 : [0.16906207262647563, 0.4276965159043168, 0.3287809912015816, 0.4216794691627354, 0.4460522186503582, 0.4165678105324933, 0.2649275385679432, 0.24475552653060959]
1 : [0.5995132970097827, 0.14827808711438023, 0.1625672724100257, -0.3569696122249299, -0.2786951140294818, -0.14629816600333098, -0.10622833310596698, 0.5953011126858329]
2 : [-0.05032840928808128, 0.4406335546075295, -0.48166289562998066, -0.27851482416655055, 0.35470564229197465, -0.4380158251363003, 0.41783803774731637, 0.03843029967561806]
3 : [-0.17359599102324902, 0.45771425189565645, 0.0180822532701449, -0.12294271703780399, 0.2681361380250647, -0.02906193509631065, -0.8185997928632385, -0.045530324993531546]
4 : [-0.43628984720951874, 0.4132243666157222, 0.24505480338236643, -0.44594885038389737, -0.4323473151891953, 0.35792346033030503, 0.2454488190381052, -0.06852759345048255]
5 : [-0.2549108677577599, -0.09566928843961967, 0.7253881282968138, -0.03933083012943994, 0.17935226401894513, -0.5961824149113552, 0.10160469497013669, 0.014448715430298532]
6 : [-0.31697001632829, 0.2609689964383316, -0.1687573281178927, 0.602048776720063, -0.4723654543605252, -0.2925080278315154, -0.04538461237498553, 0.3601855000463825]
7 : [-0.47279481056438316, -0.3787046689875948, -0.13575713508862494, -0.1979739411486762, 0.2888473860556381, 0.2079952524953695, -0.0347317440102131, 0.6689716198428715]
================================================================================
=                                   round 5                                    =
================================================================================
selected eigenvectors:
0 : [0.1399889299591059, 0.3754885603247309, 0.3942654974402406, 0.4351659822725029, 0.4054460877379264, 0.4702882779423323, 0.26170715404602723, 0.20136657380098394]
1 : [0.5922802542679146, 0.15936924474819258, 0.17882608178181475, -0.33446688128886737, -0.2624928499495761, -0.1238978211670234, -0.10645092229973209, 0.6199788035127788]
2 : [0.006545079607469428, -0.4951002239745307, 0.565771282169835, 0.19912858079785278, -0.3137565484338419, 0.2931488177319456, -0.4508182365260767, -0.08641244891447752]
3 : [0.031500147930283766, -0.40534572633948956, 0.09487397476295702, 0.047215330628494395, -0.35957183589478503, 0.011082613813792247, 0.8305774417144853, 0.06479666737055981]
4 : [-0.5056657045828606, 0.4486241517013122, 0.40761619237344, -0.5039329491230995, -0.28572987016475027, 0.14743923094559777, 0.10200473117472558, -0.09567830221031585]
5 : [-0.12787810440385577, -0.0819709808166097, 0.5319502916760975, 0.0760509599832345, 0.34188282073476073, -0.75303191649992, 0.055118899260781486, 0.03455523046608055]
6 : [-0.581981607714772, -0.23835335457899254, -0.1621149699716669, 0.046064759061884564, 0.11188505396607246, 0.09314020170720944, -0.08885619983378644, 0.7395898014456206]
7 : [-0.13348743915089833, 0.399230763378168, -0.08985765743174538, 0.6285116278185117, -0.5726536559654378, -0.2827520479326108, -0.07578334319990376, 0.0779139965089849]
================================================================================
=                                   round 6                                    =
================================================================================
selected eigenvectors:
0 : [0.05135606533825615, 0.35201738188813264, 0.3751278044722083, 0.4824598106813561, 0.44562047167361346, 0.47356406655419825, 0.2549397102503107, 0.11010537235889767]
1 : [0.5973319768150542, 0.2227338021985421, 0.23715423734355323, -0.2867251891579429, -0.18435722793373138, -0.06185527234284666, -0.07422857270154617, 0.6417220217753257]
2 : [-0.0014916391356562604, 0.5198446975609595, -0.5487956755532895, -0.19120263791847214, 0.3914099532690754, -0.3302324178795821, 0.35519590115159194, 0.06003993375981207]
3 : [-0.014185565466792966, 0.32635453299224587, -0.05051356091445449, 0.03885476998429288, 0.3059951475940832, -0.03167961138172205, -0.8876330741110435, -0.08186008280454259]
4 : [-0.4315044715298325, 0.5072968746033103, 0.17992764806558167, -0.4885058353235062, -0.36030713566040545, 0.3732625129314803, 0.035565618177595223, -0.12260021867786688]
5 : [-0.31060061660139704, 0.026789133936690867, 0.6527151089966567, -0.10531753290966875, 0.22007404105054648, -0.6419517883816005, 0.07172664523183674, 0.0011871108588836171]
6 : [0.5979563164207962, 0.14427323956127885, 0.19625227678385707, -0.14998690722866656, -0.0028513323823941973, -0.050885917529395794, 0.09492097207055189, -0.7409554304262275]
7 : [0.011532581728809409, -0.4133341034648619, 0.048813486720693175, -0.6121496948123225, 0.5850966417749066, 0.3283863179048174, 0.004432257898511004, 0.04143204331769393]
================================================================================
=                                   round 7                                    =
================================================================================
selected eigenvectors:
0 : [0.20170148466844207, 0.4174961559472628, 0.36968208235547023, 0.3986659810646705, 0.4134401597871025, 0.4180492996537666, 0.2522632381458715, 0.2829829330423335]
1 : [0.5646788984143563, 0.1332737842063687, 0.12707438647516964, -0.3886201189774408, -0.3121971210764111, -0.15128662966054532, -0.14888518391042327, 0.5947107354389152]
2 : [0.03212696269628984, -0.4568079219487034, 0.5478323680138231, 0.2492955587069057, -0.34123689192858564, 0.3600886788472676, -0.41988527422367206, -0.07493787507834983]
3 : [0.029346256523588826, -0.3773688459916741, 0.11895676865606154, 0.000242115342568932, -0.336197276502903, 0.026129150157939093, 0.8504801182734143, 0.07451850159340746]
4 : [-0.4921859147483626, 0.48125221170858845, 0.3799280449412903, -0.49051520474388266, -0.2817077338537822, 0.20608813387902508, 0.07034938994221195, -0.12007599979617485]
5 : [-0.1468316607808674, -0.10719860585903526, 0.5965304903091644, 0.016446728752766347, 0.3165268794030577, -0.7134634807001736, 0.01795885234492156, 0.03588700996268138]
6 : [-0.6095189994450669, -0.18306069485805584, -0.17007539299433777, 0.12016461473674016, 0.017663055574405194, 0.05587634704127156, -0.09550517583846797, 0.7342035201997636]
7 : [0.05692966094394436, -0.4245561027213593, 0.06161702306162555, -0.6103902922314931, 0.5676869476180245, 0.34260170204740525, 0.013549536860914674, 0.017611822013643905]
================================================================================
=                                   round 8                                    =
================================================================================
selected eigenvectors:
0 : [0.09576682407202813, 0.37162329191781635, 0.35793075611500047, 0.4549277568104763, 0.43727837574061057, 0.4574605383487933, 0.2922610476694904, 0.1781912236898116]
1 : [0.6013886356549009, 0.18885593747137472, 0.20069025586766134, -0.3078147073830409, -0.21368319087110094, -0.07776550985866906, -0.1454877506533098, 0.6283024786922436]
2 : [0.021447165578400575, 0.4944103602948339, -0.622603320748276, -0.2260592666877419, 0.3449794084351319, -0.27327384408339433, 0.34066231581397544, 0.08136662792259772]
3 : [0.10101385382701669, -0.33005791950744556, -0.07960074644158252, -0.030074178668943505, -0.40154937399089946, 0.16277981578333034, 0.8235429347689726, 0.0874934423938845]
4 : [-0.4716638281001852, 0.5084034458504392, 0.33576343149869475, -0.4919800014135787, -0.31968619284576855, 0.20265445795034423, 0.0920607668973623, -0.11195753552795798]
5 : [-0.13535262814995205, -0.12491985895800256, 0.5454089758110459, -0.05536842436190817, 0.2790290778143938, -0.708856966146837, 0.28915753400977284, 0.03988204337514246]
6 : [-0.597519093295028, -0.054949392032450396, -0.16560276095725357, 0.2867277213752279, -0.13945678147059604, -0.07485416474928254, -0.08247743302653901, 0.7060174006243463]
7 : [0.14380708327001118, 0.44243785845031214, -0.002348174222871992, 0.5647661669326641, -0.5323248463032234, -0.36654651175686254, 0.015913025053361236, -0.2159227068607073]
================================================================================
=                                   round 9                                    =
================================================================================
selected eigenvectors:
0 : [0.10047858805896372, 0.39160937666027906, 0.3483382992497943, 0.44109448427697623, 0.44018259998108905, 0.4789107530837147, 0.26549640758729115, 0.1644313275581469]
1 : [0.6046307319396668, 0.17279782572112687, 0.2127131949022916, -0.3048439557025469, -0.24609677085446163, -0.06508452151711937, -0.11667169487127461, 0.6228755484492836]
2 : [0.02846823076907376, 0.4548259708865578, -0.5007264925539261, -0.22733040210348096, 0.36429586353489557, -0.40696997087309045, 0.42883120114873396, 0.08766145970919548]
3 : [0.04398608682639825, -0.34900721454271505, 0.06183224554812527, 0.01937859572307937, -0.38680088448962274, 0.08153421471184262, 0.844172261131861, 0.056310504579543806]
4 : [-0.45163204320453737, 0.5227981734173682, 0.24328808757481485, -0.505788543416039, -0.33485643089721284, 0.27383331318316095, 0.06220902156536932, -0.12929017027377485]
5 : [-0.25372116598268135, -0.08443828307293964, 0.684510999998069, -0.027091321369648435, 0.22612343589291395, -0.6294383609000715, 0.08900123583311546, 0.06293503841077394]
6 : [0.12682179147406886, -0.402301730461572, 0.09286837149493125, -0.6353336651009043, 0.5406559431827613, 0.32398407936340823, 0.057683537461432025, -0.09588653381159418]
7 : [0.5806468944452821, 0.21404642448033592, 0.20614155805429532, -0.015694603031070318, -0.0882030109816381, -0.1341383353712328, 0.06525177999836544, -0.7377411406865759]
================================================================================
=                                   round 10                                   =
================================================================================
selected eigenvectors:
0 : [0.15525916079085827, 0.40822637337105827, 0.36545466285193845, 0.4250849683686076, 0.4236120311147745, 0.43997943631101216, 0.2742444801589581, 0.21622300516427445]
1 : [0.5841262681582311, 0.15147255459655365, 0.1715081502500664, -0.3500932924568294, -0.25107109682238504, -0.12990342338280397, -0.13544031129844838, 0.6209803024535338]
2 : [-0.037878107503917756, 0.43697987641404906, -0.5012694606353253, -0.22899185663270802, 0.3105018360380777, -0.4009212763982553, 0.48911463549177586, 0.08673584787896696]
3 : [-0.08965109121198317, 0.43910575766018906, -0.09525633441010688, -0.04405156462703066, 0.36731018732909204, -0.07648774021759952, -0.8020632986827523, -0.0637324299681656]
4 : [-0.4661983239941689, 0.4517911565972824, 0.3583792777063241, -0.5050921324675406, -0.3330622245766306, 0.2386784468358694, 0.11842448498690406, -0.11431491366953683]
5 : [-0.2086660622967961, -0.14529476209557637, 0.6407422473407466, 0.022315663354281066, 0.2743019087351586, -0.6662427324126688, 0.051626765227698324, 0.05013034688291765]
6 : [-0.5461695025318843, 0.05509547809659926, -0.18441372232191014, 0.41151380648448305, -0.2887765755842899, -0.08245798007272787, -0.084005334860348, 0.6309225019925562]
7 : [-0.2569737307763781, -0.4453994675665068, -0.06073094095678726, -0.4662617091877858, 0.5065807875893007, 0.33957157417857486, -0.01267468399304235, 0.37736188384506286]
################################################################################
#                                    setup                                     #
################################################################################
k : 1
distance-weighting : false
PCA : true
PCA-energy-ratio : 0.99
################################################################################
#                                   summary                                    #
################################################################################
+-------+-------+------+-------+
| round | learn | test | error |
+-------+-------+------+-------+
|     1 |   691 |   77 |    28 |
|     2 |   691 |   77 |    25 |
|     3 |   691 |   77 |    10 |
|     4 |   691 |   77 |    22 |
|     5 |   691 |   77 |    23 |
|     6 |   691 |   77 |    20 |
|     7 |   691 |   77 |    27 |
|     8 |   691 |   77 |    26 |
|     9 |   692 |   76 |    26 |
|    10 |   692 |   76 |    24 |
+-------+-------+------+-------+
################################################################################
#                                  statistics                                  #
################################################################################
+-----+----------+-----+--------------+
|     | accuracy | SE  | 95% CI       |
+-----+----------+-----+--------------+
| knn |     69.9 | 2.1 | (65.1, 74.7) |
+-----+----------+-----+--------------+
