================================================================================
=                                   round 1                                    =
================================================================================
================================================================================
=                                   round 2                                    =
================================================================================
================================================================================
=                                   round 3                                    =
================================================================================
================================================================================
=                                   round 4                                    =
================================================================================
================================================================================
=                                   round 5                                    =
================================================================================
================================================================================
=                                   round 6                                    =
================================================================================
================================================================================
=                                   round 7                                    =
================================================================================
================================================================================
=                                   round 8                                    =
================================================================================
================================================================================
=                                   round 9                                    =
================================================================================
================================================================================
=                                   round 10                                   =
================================================================================
################################################################################
#                                    setup                                     #
################################################################################
k : 1
distance-weighting : false
PCA : false
PCA-energy-ratio : 0.9
################################################################################
#                                   summary                                    #
################################################################################
+-------+-------+------+-------+
| round | learn | test | error |
+-------+-------+------+-------+
|     1 |  3759 |  418 |    10 |
|     2 |  3759 |  418 |    14 |
|     3 |  3759 |  418 |    10 |
|     4 |  3759 |  418 |    15 |
|     5 |  3759 |  418 |    12 |
|     6 |  3759 |  418 |     9 |
|     7 |  3759 |  418 |     9 |
|     8 |  3760 |  417 |    13 |
|     9 |  3760 |  417 |    12 |
|    10 |  3760 |  417 |    11 |
+-------+-------+------+-------+
################################################################################
#                                  statistics                                  #
################################################################################
+-----+----------+-----+--------------+
|     | accuracy | SE  | 95% CI       |
+-----+----------+-----+--------------+
| knn |     97.2 | 0.2 | (96.9, 97.6) |
+-----+----------+-----+--------------+
