================================================================================
=                                   round 1                                    =
================================================================================
1 0.49328104622239594 0.4922863931124994
2 0.492874627403374 0.49188836863491114
3 0.49253213256383177 0.49160930297157873
4 0.49208796755946677 0.49127022488555544
5 0.49148672456839804 0.49083496853712116
6 0.49066467262353003 0.49026538157023786
7 0.4895454479315864 0.489516571705525
8 0.4880426679378456 0.4885384442861739
9 0.48606803804884813 0.4872805033632867
10 0.4835459345020735 0.48570040363065947
================================================================================
=                                   round 2                                    =
================================================================================
1 0.48631051680662346 0.4899746882922409
2 0.48551378997699113 0.48952324903630395
3 0.48484114694264024 0.48912877634232804
4 0.4839793165157729 0.48861854572521063
5 0.4828328992296111 0.4879336105718676
6 0.48130491147479454 0.48701226670002523
7 0.47929665647787034 0.48579066133531673
8 0.476721700500197 0.484211896355665
9 0.4735252530843614 0.4822393361128132
10 0.4697033705350473 0.47987030079111015
================================================================================
=                                   round 3                                    =
================================================================================
1 0.48903946570515017 0.48948252496560446
2 0.4882674894997887 0.48887521126419337
3 0.48759137088202137 0.4884100772070866
4 0.4867035634185137 0.48782726161103485
5 0.48550229140660517 0.48706541496516875
6 0.48388626365702303 0.48606662211844653
7 0.4817582142920691 0.48477595423159564
8 0.47904252009245807 0.48315184544884526
9 0.47570678021480256 0.4811791196834644
10 0.4717799430140116 0.478879791341277
================================================================================
=                                   round 4                                    =
================================================================================
1 0.4879287989857401 0.4923377254567901
2 0.48713074278843627 0.4920638347937598
3 0.48641376331356406 0.49183417910654725
4 0.4854828810940189 0.49154118071280034
5 0.48423987580479044 0.491152089680414
6 0.4825909899341602 0.49063447988078357
7 0.4804524361590911 0.48995766126998347
8 0.4777672221475169 0.4890986721544407
9 0.47452240048170496 0.48804935061366855
10 0.4707602669945603 0.48682149022967447
================================================================================
=                                   round 5                                    =
================================================================================
1 0.4891502701117422 0.4913332871851299
2 0.4883595449071863 0.4907559826648562
3 0.48780241222619464 0.490357843733847
4 0.4871501519566132 0.48989211891957
5 0.48635456789243836 0.4893203669563281
6 0.48538021276154913 0.4886106326192161
7 0.4841966190274173 0.48773094464285943
8 0.4827803251171222 0.48665049341311795
9 0.48111679165108434 0.48534137727667986
10 0.4792013161752179 0.48378035102718664
================================================================================
=                                   round 6                                    =
================================================================================
1 0.48950875561241597 0.48671566317526604
2 0.48925536689406385 0.48633917372911034
3 0.48900436746411213 0.4860416865015198
4 0.48869913313569746 0.48568787876364583
5 0.4883135082955724 0.4852470356804056
6 0.48781789801224945 0.4846870666697003
7 0.487178263854817 0.48397103577578615
8 0.48635699648685227 0.4830577885493782
9 0.48531533340586186 0.4819041920756303
10 0.4840174857785073 0.48046916197771244
================================================================================
=                                   round 7                                    =
================================================================================
1 0.4831488816150941 0.4829187985525325
2 0.48280287132604893 0.482729419377611
3 0.482245979466972 0.4823577345602866
4 0.4815546606864254 0.4818831815139319
5 0.4806808549405685 0.481268451128048
6 0.47956854135365246 0.4804669428226282
7 0.47816067624409275 0.4794287752878093
8 0.47640372080213716 0.4781046572735497
9 0.4742539883664877 0.47645188835961466
10 0.47168539323472913 0.47444210736930503
================================================================================
=                                   round 8                                    =
================================================================================
1 0.4899748426178166 0.48286227310640717
2 0.48980952089129076 0.48264892790723135
3 0.48937870244497844 0.48240876366994123
4 0.48882365960838914 0.4821053586778704
5 0.4881016488254948 0.4817101680875017
6 0.48716021525787284 0.4811902341679789
7 0.4859471123737557 0.48050945238762627
8 0.4844168492201264 0.4796315801853141
9 0.4825385184656181 0.478525108917946
10 0.4803031423341015 0.4771692020948725
================================================================================
=                                   round 9                                    =
================================================================================
1 0.4956340571659063 0.47709164439302987
2 0.4956054462769829 0.47667178390395226
3 0.4952712474603388 0.476504229486467
4 0.49480877677012225 0.4763219712047961
5 0.49416523104445376 0.47610644021535053
6 0.4932705871864667 0.4758440279864382
7 0.4920493344216036 0.4755178250850768
8 0.49043119898489657 0.47510581467230995
9 0.48836503404886333 0.47457971760004275
10 0.48583118512750867 0.47390547248163245
================================================================================
=                                   round 10                                   =
================================================================================
1 0.4899198200297734 0.4898408854032664
2 0.4897580996015707 0.48999579445126296
3 0.48934488241773677 0.4899699435476132
4 0.4887978587591958 0.48991668235138697
5 0.4880630889643829 0.4898298255717347
6 0.4870734175846016 0.4896940992859738
7 0.4857587232321384 0.48949041624750844
8 0.4840553992515062 0.4891971615555429
9 0.48191868375613106 0.4887931976116536
10 0.4793345468619811 0.48826250353060974
################################################################################
#                                    setup                                     #
################################################################################
min_iteration : 15
max_iteration : 10
update_ratio : default
hidden_layer : default
hidden_layer_width : default
momentum : 0.1
################################################################################
#                                   summary                                    #
################################################################################
+-------+-------+------+-------+-------+----+----------+-------+
| round | learn | test | train | valid | i  | MSE      | error |
+-------+-------+------+-------+-------+----+----------+-------+
|     1 |   310 |   35 |   207 |   103 | 10 |   0.4857 |    11 |
|     2 |   310 |   35 |   207 |   103 | 10 |  0.47987 |    16 |
|     3 |   310 |   35 |   207 |   103 | 10 |  0.47888 |    16 |
|     4 |   310 |   35 |   207 |   103 | 10 | 0.486821 |    14 |
|     5 |   310 |   35 |   207 |   103 | 10 |  0.48378 |    19 |
|     6 |   311 |   34 |   208 |   103 | 10 | 0.480469 |    13 |
|     7 |   311 |   34 |   208 |   103 | 10 | 0.474442 |    18 |
|     8 |   311 |   34 |   208 |   103 | 10 | 0.477169 |    14 |
|     9 |   311 |   34 |   208 |   103 | 10 | 0.473905 |    12 |
|    10 |   311 |   34 |   208 |   103 | 10 | 0.488263 |    12 |
+-------+-------+------+-------+-------+----+----------+-------+
################################################################################
#                                  statistics                                  #
################################################################################
+-----+------+----------+-----+--------------+
|     | i    | accuracy | SE  | 95% CI       |
+-----+------+----------+-----+--------------+
| ann | 10.0 |     58.0 | 7.2 | (41.9, 74.1) |
+-----+------+----------+-----+--------------+
